
THEADR(80) recnum:1, offset:00000000h, len:000bh, chksum:0ch(0c)
    'test1.asm'
====================RAW DUMP===============================================
    00000000 09|74 65|73 74|31 2e|61 73|6d                   <.test1.asm>
====================RAW DUMP===============================================

COMENT(88) recnum:2, offset:0000000eh, len:0021h, chksum:f3h(f3)
    bits 00h, class 00h
    Language Translator:
    00000000 1d|54 68|65 20|4e 65|74 77|69 64|65 20|41 73|73 <.The Netwide Ass>
    00000010 65|6d 62|6c 65|72 20|32 2e|31 36|2e 30|33       <embler 2.16.03>
====================RAW DUMP===============================================
    00000000 00|00 1d|54 68|65 20|4e 65|74 77|69 64|65 20|41 <...The Netwide A>
    00000010 73|73 65|6d 62|6c 65|72 20|32 2e|31 36|2e 30|33 <ssembler 2.16.03>
====================RAW DUMP===============================================

LNAMES(96) recnum:3, offset:00000032h, len:0010h, chksum:a8h(a8)
    1 - ''
    2 - 'data'
    3 - 'bss'
    4 - 'text'
====================RAW DUMP===============================================
    00000000 00|04 64|61 74|61 03|62 73|73 04|74 65|78 74    <..data.bss.text>
====================RAW DUMP===============================================

SEGDEF(98) recnum:4, offset:00000045h, len:0007h, chksum:35h(35)
    1: Seg:2 Class:1 Ovl:1 BYTE PUBLIC USE16 Length 00000000h
       Seg: 'data'  Class: ''
====================RAW DUMP===============================================
    00000000 28|00 00|02 01|01                               <(.....>
====================RAW DUMP===============================================

SEGDEF(98) recnum:5, offset:0000004fh, len:0007h, chksum:f1h(f1)
    2: Seg:3 Class:1 Ovl:1 BYTE PUBLIC USE16 Length 00000043h
       Seg: 'bss'  Class: ''
====================RAW DUMP===============================================
    00000000 28|43 00|03 01|01                               <(C....>
====================RAW DUMP===============================================

SEGDEF(98) recnum:6, offset:00000059h, len:0007h, chksum:31h(31)
    3: Seg:4 Class:1 Ovl:1 BYTE PUBLIC USE16 Length 00000002h
       Seg: 'text'  Class: ''
====================RAW DUMP===============================================
    00000000 28|02 00|04 01|01                               <(.....>
====================RAW DUMP===============================================

PUBDEF(90) recnum:7, offset:00000063h, len:001ah, chksum:48h(48)
    Group: 0 - '', Seg: 3 - 'text'
    00000000h - '_main' Type:0
    00000001h - '_function2' Type:0
====================RAW DUMP===============================================
    00000000 00|03 05|5f 6d|61 69|6e 00|00 00|0a 5f|66 75|6e <..._main...._fun>
    00000010 63|74 69|6f 6e|32 01|00 00                      <ction2...>
====================RAW DUMP===============================================

COMENT(88) recnum:8, offset:00000080h, len:0004h, chksum:91h(91)
    bits 40h, class a2h
    End of Linker Pass 1
    00000000 01                                              <.>
====================RAW DUMP===============================================
    00000000 40|a2 01                                        <@..>
====================RAW DUMP===============================================

LEDATA(a0) recnum:9, offset:00000087h, len:0006h, chksum:d1h(d1)
    Seg index:3 - 'text' offset:00000000h
    00000000 c3|c3                                           <..>
====================RAW DUMP===============================================
    00000000 03|00 00|c3 c3                                  <.....>
====================RAW DUMP===============================================

MODEND(8a) recnum:10, offset:00000090h, len:0002h, chksum:74h(74)
    mod type:non-main module 
====================RAW DUMP===============================================
    00000000 00                                              <.>
====================RAW DUMP===============================================

        List of Lnames:
1 - ''                                 2 - 'data'                             
3 - 'bss'                              4 - 'text'                             
