JWasm v2.12pre, Feb 16 2026
test1.asm
                                
                           Error A2099: END directive required at end of file


Macros:

                N a m e                 Type

@CatStr  . . . . . . . . . . . .        Func     0
@Environ . . . . . . . . . . . .        Func     0
@InStr . . . . . . . . . . . . .        Func     0
@SizeStr . . . . . . . . . . . .        Func     0
@SubStr  . . . . . . . . . . . .        Func     0


Symbols:

                N a m e                 Type       Value     Attr

@Cpu . . . . . . . . . . . . . .        Number           101h 
@CurSeg  . . . . . . . . . . . .        Text   
@Date  . . . . . . . . . . . . .        Text   02/16/26
@FileCur . . . . . . . . . . . .        Text   test1.asm
@FileName  . . . . . . . . . . .        Text   TEST1
@Time  . . . . . . . . . . . . .        Text   10:32:25
@Version . . . . . . . . . . . .        Text   800
__JWASM__  . . . . . . . . . . .        Number            D4h 

test1.asm: 0 lines, 1 passes, 1 ms, 0 warnings, 1 errors
