JWasm v2.12pre, Mar 16 2026
test1.asm
                                .386
                                .model flat, c;
00000000                    *   _TEXT segment DWORD FLAT PUBLIC 'CODE'
                            *   _TEXT ends
00000000                    *   _DATA segment DWORD FLAT PUBLIC 'DATA'
                            *   _DATA ends
                            *   assume cs:flat,ds:flat,ss:flat,es:flat,fs:ERROR,gs:ERROR
                                option casemap : none



                                .data
00000000                    *   _DATA segment
                            *   assume cs:ERROR
00000000  0600                  _var2 SWORD 6
00000000                        .data?
00000002                    *   _DATA ends
00000000                    *   _BSS segment DWORD FLAT PUBLIC 'BSS'
                            *   assume cs:ERROR
00000000  00                    _var1 SBYTE  ?
00000001  00000000              _var3 SDWORD  ?

00000000                        .code
00000005                    *   _BSS ends
00000000                    *   _TEXT segment
                            *   assume cs:FLAT
                                _test1 PROTO C;
                                _test2 PROTO C;

00000000                        _test1 PROC C
00000000  B805000000            	mov eax,5
00000005                        	ret
00000005  C3                *   retn
00000006                        _test1 endp

00000006                        _test2 PROC C
00000006  B805000000            	mov eax,5
0000000B                        	ret
0000000B  C3                *   retn
0000000C                        _test2 endp
                                end
0000000C                    *   _TEXT ends


Macros:

                N a m e                 Type

@CatStr  . . . . . . . . . . . .        Func     0
@Environ . . . . . . . . . . . .        Func     0
@InStr . . . . . . . . . . . . .        Func     0
@SizeStr . . . . . . . . . . . .        Func     0
@SubStr  . . . . . . . . . . . .        Func     0


Segments and Groups:

                N a m e                 Size     Length   Align   Combine Class

FLAT . . . . . . . . . . . . . .        GROUP
_BSS . . . . . . . . . . . . . .        32 Bit   00000005 DWord   Public  'BSS'
_DATA  . . . . . . . . . . . . .        32 Bit   00000002 DWord   Public  'DATA'
_TEXT  . . . . . . . . . . . . .        32 Bit   0000000C DWord   Public  'CODE'


Procedures, parameters and locals:

                N a m e                 Type     Value    Segment  Length

_test1 . . . . . . . . . . . . .        P Near   00000000 _TEXT    00000006 Public   C
_test2 . . . . . . . . . . . . .        P Near   00000006 _TEXT    00000006 Public   C


Symbols:

                N a m e                 Type       Value     Attr

@CodeSize  . . . . . . . . . . .        Number             0h 
@Cpu . . . . . . . . . . . . . .        Number           D0Fh 
@CurSeg  . . . . . . . . . . . .        Text   
@DataSize  . . . . . . . . . . .        Number             0h 
@Date  . . . . . . . . . . . . .        Text   03/16/26
@FileCur . . . . . . . . . . . .        Text   test1.asm
@FileName  . . . . . . . . . . .        Text   TEST1
@Interface . . . . . . . . . . .        Number             1h 
@Model . . . . . . . . . . . . .        Number             7h 
@Time  . . . . . . . . . . . . .        Text   11:29:17
@Version . . . . . . . . . . . .        Text   800
@code  . . . . . . . . . . . . .        Text   _TEXT
@data  . . . . . . . . . . . . .        Text   FLAT
@stack . . . . . . . . . . . . .        Text   FLAT
__JWASM__  . . . . . . . . . . .        Number            D4h 
_var1  . . . . . . . . . . . . .        Byte               0h _BSS C
_var2  . . . . . . . . . . . . .        Word               0h _DATA C
_var3  . . . . . . . . . . . . .        DWord              1h _BSS C

test1.asm: 26 lines, 2 passes, 1 ms, 0 warnings, 0 errors
