  Carve.cpp
  CmdLine.cpp
  CmdNovell.cpp
C:\projects\OSDev\ProjectJarvis\research\JWasm\Linker\CmdLine.cpp(283,8): error C2664: 'bool CmdLine::GetToken(sep_type,tokcontrol)': cannot convert argument 2 from 'int' to 'tokcontrol'
  (compiling source file '/CmdLine.cpp')
      C:\projects\OSDev\ProjectJarvis\research\JWasm\Linker\CmdLine.cpp(283,41):
      Conversion to enumeration type requires an explicit cast (static_cast, C-style cast or parenthesized function-style cast)
      C:\projects\OSDev\ProjectJarvis\research\JWasm\Linker\CmdLine.cpp(232,15):
      see declaration of 'CmdLine::GetToken'
      C:\projects\OSDev\ProjectJarvis\research\JWasm\Linker\CmdLine.cpp(283,8):
      while trying to match the argument list '(sep_type, int)'
  
C:\projects\OSDev\ProjectJarvis\research\JWasm\Linker\CmdLine.cpp(284,8): error C3861: 'StartNewFile': identifier not found
  (compiling source file '/CmdLine.cpp')
  
C:\projects\OSDev\ProjectJarvis\research\JWasm\Linker\CmdLine.cpp(288,13): error C3861: 'MakeToken': identifier not found
  (compiling source file '/CmdLine.cpp')
  
C:\projects\OSDev\ProjectJarvis\research\JWasm\Linker\CmdLine.cpp(298,8): error C3861: 'BackupParser': identifier not found
  (compiling source file '/CmdLine.cpp')
  
C:\projects\OSDev\ProjectJarvis\research\JWasm\Linker\CmdLine.cpp(302,13): error C3861: 'MakeToken': identifier not found
  (compiling source file '/CmdLine.cpp')
  
C:\projects\OSDev\ProjectJarvis\research\JWasm\Linker\CmdLine.cpp(307,8): error C3861: 'ExpandEnvVariable': identifier not found
  (compiling source file '/CmdLine.cpp')
  
C:\projects\OSDev\ProjectJarvis\research\JWasm\Linker\CmdLine.cpp(312,24): warning C4806: '!=': unsafe operation: no value of type 'bool' promoted to type 'sep_type' can equal the given constant
  (compiling source file '/CmdLine.cpp')
  
C:\projects\OSDev\ProjectJarvis\research\JWasm\Linker\CmdLine.cpp(316,47): error C2065: 'FALSE': undeclared identifier
  (compiling source file '/CmdLine.cpp')
  
C:\projects\OSDev\ProjectJarvis\research\JWasm\Linker\CmdLine.cpp(319,33): error C2065: 'FALSE': undeclared identifier
  (compiling source file '/CmdLine.cpp')
  
C:\projects\OSDev\ProjectJarvis\research\JWasm\Linker\CmdLine.cpp(323,33): error C2065: 'FALSE': undeclared identifier
  (compiling source file '/CmdLine.cpp')
  
C:\projects\OSDev\ProjectJarvis\research\JWasm\Linker\CmdLine.cpp(328,33): error C2065: 'FALSE': undeclared identifier
  (compiling source file '/CmdLine.cpp')
  
C:\projects\OSDev\ProjectJarvis\research\JWasm\Linker\CmdLine.cpp(332,33): error C2065: 'FALSE': undeclared identifier
  (compiling source file '/CmdLine.cpp')
  
C:\projects\OSDev\ProjectJarvis\research\JWasm\Linker\CmdLine.cpp(336,33): error C2065: 'FALSE': undeclared identifier
  (compiling source file '/CmdLine.cpp')
  
C:\projects\OSDev\ProjectJarvis\research\JWasm\Linker\CmdLine.cpp(341,42): error C2065: 'FALSE': undeclared identifier
  (compiling source file '/CmdLine.cpp')
  
C:\projects\OSDev\ProjectJarvis\research\JWasm\Linker\CmdLine.cpp(346,33): error C2065: 'FALSE': undeclared identifier
  (compiling source file '/CmdLine.cpp')
  
C:\projects\OSDev\ProjectJarvis\research\JWasm\Linker\CmdLine.cpp(348,17): error C2065: 'TRUE': undeclared identifier
  (compiling source file '/CmdLine.cpp')
  
C:\projects\OSDev\ProjectJarvis\research\JWasm\Linker\CmdLine.cpp(350,17): error C2065: 'FALSE': undeclared identifier
  (compiling source file '/CmdLine.cpp')
  
C:\projects\OSDev\ProjectJarvis\research\JWasm\Linker\CmdLine.cpp(352,19): error C2065: 'FALSE': undeclared identifier
  (compiling source file '/CmdLine.cpp')
  
C:\projects\OSDev\ProjectJarvis\research\JWasm\Linker\CmdLine.cpp(362,14): error C3861: 'MakeToken': identifier not found
  (compiling source file '/CmdLine.cpp')
  
C:\projects\OSDev\ProjectJarvis\research\JWasm\Linker\CmdLine.cpp(369,5): error C3861: 'GetNewLine': identifier not found
  (compiling source file '/CmdLine.cpp')
  
C:\projects\OSDev\ProjectJarvis\research\JWasm\Linker\CmdLine.cpp(372,30): error C2065: 'FALSE': undeclared identifier
  (compiling source file '/CmdLine.cpp')
  
C:\projects\OSDev\ProjectJarvis\research\JWasm\Linker\CmdLine.cpp(373,5): error C3861: 'RestoreCmdLine': identifier not found
  (compiling source file '/CmdLine.cpp')
  
C:\projects\OSDev\ProjectJarvis\research\JWasm\Linker\CmdLine.cpp(376,25): error C2059: syntax error: 'this'
  (compiling source file '/CmdLine.cpp')
  
C:\projects\OSDev\ProjectJarvis\research\JWasm\Linker\CmdLine.cpp(383,18): error C2065: 'TRUE': undeclared identifier
  (compiling source file '/CmdLine.cpp')
  
C:\projects\OSDev\ProjectJarvis\research\JWasm\Linker\CmdLine.cpp(384,13): error C2065: 'FALSE': undeclared identifier
  (compiling source file '/CmdLine.cpp')
  
C:\projects\OSDev\ProjectJarvis\research\JWasm\Linker\CmdLine.cpp(389,6): error C3861: 'RestoreParser': identifier not found
  (compiling source file '/CmdLine.cpp')
  
C:\projects\OSDev\ProjectJarvis\research\JWasm\Linker\CmdLine.cpp(393,30): error C2065: 'TRUE': undeclared identifier
  (compiling source file '/CmdLine.cpp')
  
C:\projects\OSDev\ProjectJarvis\research\JWasm\Linker\CmdLine.cpp(393,37): error C2065: 'FALSE': undeclared identifier
  (compiling source file '/CmdLine.cpp')
  
C:\projects\OSDev\ProjectJarvis\research\JWasm\Linker\CmdLine.cpp(316,10): warning C4390: ';': empty controlled statement found; is this the intent?
  (compiling source file '/CmdLine.cpp')
  
C:\projects\OSDev\ProjectJarvis\research\JWasm\Linker\CmdLine.cpp(319,10): warning C4390: ';': empty controlled statement found; is this the intent?
  (compiling source file '/CmdLine.cpp')
  
C:\projects\OSDev\ProjectJarvis\research\JWasm\Linker\CmdLine.cpp(323,10): warning C4390: ';': empty controlled statement found; is this the intent?
  (compiling source file '/CmdLine.cpp')
  
C:\projects\OSDev\ProjectJarvis\research\JWasm\Linker\CmdLine.cpp(328,10): warning C4390: ';': empty controlled statement found; is this the intent?
  (compiling source file '/CmdLine.cpp')
  
C:\projects\OSDev\ProjectJarvis\research\JWasm\Linker\CmdLine.cpp(332,10): warning C4390: ';': empty controlled statement found; is this the intent?
  (compiling source file '/CmdLine.cpp')
  
C:\projects\OSDev\ProjectJarvis\research\JWasm\Linker\CmdLine.cpp(336,10): warning C4390: ';': empty controlled statement found; is this the intent?
  (compiling source file '/CmdLine.cpp')
  
C:\projects\OSDev\ProjectJarvis\research\JWasm\Linker\CmdLine.cpp(341,10): warning C4390: ';': empty controlled statement found; is this the intent?
  (compiling source file '/CmdLine.cpp')
  
C:\projects\OSDev\ProjectJarvis\research\JWasm\Linker\CmdLine.cpp(346,10): warning C4390: ';': empty controlled statement found; is this the intent?
  (compiling source file '/CmdLine.cpp')
  
C:\projects\OSDev\ProjectJarvis\research\JWasm\Linker\CmdLine.cpp(372,5): warning C4390: ';': empty controlled statement found; is this the intent?
  (compiling source file '/CmdLine.cpp')
  
C:\projects\OSDev\ProjectJarvis\research\JWasm\Linker\CmdLine.cpp(417,9): error C3861: 'HintFormat': identifier not found
  (compiling source file '/CmdLine.cpp')
  
C:\projects\OSDev\ProjectJarvis\research\JWasm\Linker\CmdLine.cpp(419,15): error C2676: binary '|=': 'commandflag' does not define this operator or a conversion to a type acceptable to the predefined operator
  (compiling source file '/CmdLine.cpp')
  
C:\projects\OSDev\ProjectJarvis\research\JWasm\Linker\CmdLine.cpp(424,6): error C3861: 'LnkMsg': identifier not found
  (compiling source file '/CmdLine.cpp')
  
C:\projects\OSDev\ProjectJarvis\research\JWasm\Linker\CmdLine.cpp(425,12): error C2065: 'TRUE': undeclared identifier
  (compiling source file '/CmdLine.cpp')
  
C:\projects\OSDev\ProjectJarvis\research\JWasm\Linker\CmdLine.cpp(439,3): error C3861: 'Syntax': identifier not found
  (compiling source file '/CmdLine.cpp')
  
C:\projects\OSDev\ProjectJarvis\research\JWasm\Linker\CmdLine.cpp(443,9): error C2065: 'FALSE': undeclared identifier
  (compiling source file '/CmdLine.cpp')
  
C:\projects\OSDev\ProjectJarvis\research\JWasm\Linker\CmdLine.cpp(423,6): error C4996: 'strupr': The POSIX name for this item is deprecated. Instead, use the ISO C and C++ conformant name: _strupr. See online help for details.
  (compiling source file '/CmdLine.cpp')
  
  Linker.cpp
  LinkerUtils.cpp
  loadfile.cpp
  loadnov.cpp
  Main.cpp
  MapIO.cpp
  Ring.cpp
  VirtualMemory.cpp
  Generating Code...
