c:\projects\osdev\projectjarvis\research\jwasm\bin\tools\intermediate\linker\release\arm64ec\linker.pch
c:\projects\osdev\projectjarvis\research\jwasm\bin\tools\intermediate\linker\release\arm64ec\pch.obj
c:\projects\osdev\projectjarvis\research\jwasm\bin\tools\intermediate\linker\release\arm64ec\loadfile.obj
c:\projects\osdev\projectjarvis\research\jwasm\bin\tools\intermediate\linker\release\arm64ec\libr.obj
c:\projects\osdev\projectjarvis\research\jwasm\bin\tools\intermediate\linker\release\arm64ec\linkerutils.obj
c:\projects\osdev\projectjarvis\research\jwasm\bin\tools\intermediate\linker\release\arm64ec\linker.obj
c:\projects\osdev\projectjarvis\research\jwasm\bin\tools\intermediate\linker\release\arm64ec\hashtable.obj
c:\projects\osdev\projectjarvis\research\jwasm\bin\tools\intermediate\linker\release\arm64ec\globals.obj
c:\projects\osdev\projectjarvis\research\jwasm\bin\tools\intermediate\linker\release\arm64ec\filesubsystem.obj
c:\projects\osdev\projectjarvis\research\jwasm\bin\tools\intermediate\linker\release\arm64ec\distrib.obj
c:\projects\osdev\projectjarvis\research\jwasm\bin\tools\intermediate\linker\release\arm64ec\dbgall.obj
c:\projects\osdev\projectjarvis\research\jwasm\bin\tools\intermediate\linker\release\arm64ec\comdef.obj
c:\projects\osdev\projectjarvis\research\jwasm\bin\tools\intermediate\linker\release\arm64ec\cmdwinos2.obj
c:\projects\osdev\projectjarvis\research\jwasm\bin\tools\intermediate\linker\release\arm64ec\cmdutils.obj
c:\projects\osdev\projectjarvis\research\jwasm\bin\tools\intermediate\linker\release\arm64ec\cmdqnx.obj
c:\projects\osdev\projectjarvis\research\jwasm\bin\tools\intermediate\linker\release\arm64ec\cmdplatform.obj
c:\projects\osdev\projectjarvis\research\jwasm\bin\tools\intermediate\linker\release\arm64ec\cmdpharlap.obj
c:\projects\osdev\projectjarvis\research\jwasm\bin\tools\intermediate\linker\release\arm64ec\cmdnovell.obj
c:\projects\osdev\projectjarvis\research\jwasm\bin\tools\intermediate\linker\release\arm64ec\cmdline.obj
c:\projects\osdev\projectjarvis\research\jwasm\bin\tools\intermediate\linker\release\arm64ec\cmdelf.obj
c:\projects\osdev\projectjarvis\research\jwasm\bin\tools\intermediate\linker\release\arm64ec\cmdall.obj
c:\projects\osdev\projectjarvis\research\jwasm\bin\tools\intermediate\linker\release\arm64ec\carve.obj
c:\projects\osdev\projectjarvis\research\jwasm\bin\tools\intermediate\linker\release\arm64ec\ring.obj
c:\projects\osdev\projectjarvis\research\jwasm\bin\tools\intermediate\linker\release\arm64ec\reloc.obj
c:\projects\osdev\projectjarvis\research\jwasm\bin\tools\intermediate\linker\release\arm64ec\permdata.obj
c:\projects\osdev\projectjarvis\research\jwasm\bin\tools\intermediate\linker\release\arm64ec\ovlsupp.obj
c:\projects\osdev\projectjarvis\research\jwasm\bin\tools\intermediate\linker\release\arm64ec\omfreloc.obj
c:\projects\osdev\projectjarvis\research\jwasm\bin\tools\intermediate\linker\release\arm64ec\objstrip.obj
c:\projects\osdev\projectjarvis\research\jwasm\bin\tools\intermediate\linker\release\arm64ec\objpass1.obj
c:\projects\osdev\projectjarvis\research\jwasm\bin\tools\intermediate\linker\release\arm64ec\objorl.obj
c:\projects\osdev\projectjarvis\research\jwasm\bin\tools\intermediate\linker\release\arm64ec\objomf.obj
c:\projects\osdev\projectjarvis\research\jwasm\bin\tools\intermediate\linker\release\arm64ec\objio.obj
c:\projects\osdev\projectjarvis\research\jwasm\bin\tools\intermediate\linker\release\arm64ec\objfree.obj
c:\projects\osdev\projectjarvis\research\jwasm\bin\tools\intermediate\linker\release\arm64ec\obj2supp.obj
c:\projects\osdev\projectjarvis\research\jwasm\bin\tools\intermediate\linker\release\arm64ec\node.obj
c:\projects\osdev\projectjarvis\research\jwasm\bin\tools\intermediate\linker\release\arm64ec\mixcache.obj
c:\projects\osdev\projectjarvis\research\jwasm\bin\tools\intermediate\linker\release\arm64ec\messagingsubsystem.obj
c:\projects\osdev\projectjarvis\research\jwasm\bin\tools\intermediate\linker\release\arm64ec\memorysubsystem.obj
c:\projects\osdev\projectjarvis\research\jwasm\bin\tools\intermediate\linker\release\arm64ec\mapio.obj
c:\projects\osdev\projectjarvis\research\jwasm\bin\tools\intermediate\linker\release\arm64ec\main.obj
c:\projects\osdev\projectjarvis\research\jwasm\bin\tools\intermediate\linker\release\arm64ec\loadpe.obj
c:\projects\osdev\projectjarvis\research\jwasm\bin\tools\intermediate\linker\release\arm64ec\loadnov.obj
c:\projects\osdev\projectjarvis\research\jwasm\bin\tools\intermediate\linker\release\arm64ec\virtualmemory.obj
c:\projects\osdev\projectjarvis\research\jwasm\bin\tools\intermediate\linker\release\arm64ec\tokenbuffer.obj
c:\projects\osdev\projectjarvis\research\jwasm\bin\tools\intermediate\linker\release\arm64ec\toc.obj
c:\projects\osdev\projectjarvis\research\jwasm\bin\tools\intermediate\linker\release\arm64ec\symtrace.obj
c:\projects\osdev\projectjarvis\research\jwasm\bin\tools\intermediate\linker\release\arm64ec\symboltablememory.obj
c:\projects\osdev\projectjarvis\research\jwasm\bin\tools\intermediate\linker\release\arm64ec\symboltable.obj
c:\projects\osdev\projectjarvis\research\jwasm\bin\tools\intermediate\linker\release\arm64ec\stringtable.obj
c:\projects\osdev\projectjarvis\research\jwasm\bin\tools\intermediate\linker\release\arm64ec\spillfile.obj
c:\projects\osdev\projectjarvis\research\jwasm\bin\tools\intermediate\linker\release\arm64ec\salloc.obj
c:\projects\osdev\projectjarvis\research\jwasm\bin\tools\release\arm64ec\linker.exe
c:\projects\osdev\projectjarvis\research\jwasm\bin\tools\release\arm64ec\linker.map
c:\projects\osdev\projectjarvis\research\jwasm\bin\tools\intermediate\linker\release\arm64ec\linker.iobj
c:\projects\osdev\projectjarvis\research\jwasm\bin\tools\intermediate\linker\release\arm64ec\linker.tlog\cl.command.1.tlog
c:\projects\osdev\projectjarvis\research\jwasm\bin\tools\intermediate\linker\release\arm64ec\linker.tlog\cl.items.tlog
c:\projects\osdev\projectjarvis\research\jwasm\bin\tools\intermediate\linker\release\arm64ec\linker.tlog\cl.read.1.tlog
c:\projects\osdev\projectjarvis\research\jwasm\bin\tools\intermediate\linker\release\arm64ec\linker.tlog\cl.write.1.tlog
c:\projects\osdev\projectjarvis\research\jwasm\bin\tools\intermediate\linker\release\arm64ec\linker.tlog\link.command.1.tlog
c:\projects\osdev\projectjarvis\research\jwasm\bin\tools\intermediate\linker\release\arm64ec\linker.tlog\link.read.1.tlog
c:\projects\osdev\projectjarvis\research\jwasm\bin\tools\intermediate\linker\release\arm64ec\linker.tlog\link.secondary.1.tlog
c:\projects\osdev\projectjarvis\research\jwasm\bin\tools\intermediate\linker\release\arm64ec\linker.tlog\link.write.1.tlog
