 Linker

 Timestamp is 694f0119 (Fri Dec 26 15:41:45 2025)

 Preferred load address is 0000000140000000

 Start         Length     Name                   Class
 0001:00000000 00000000H .text                   CODE
 0001:00000000 00000000H .text$zzzzzzzzmn        CODE
 0001:00000000 00000000H .text$zzzzzzzzmn$00     CODE
 0001:00000000 00000000H .text$zzzzzzzzmn$21     CODE
 0001:00000000 00000000H .text$zzzzzzzzx         CODE
 0001:00000000 00000000H .wowthk$zzzzzzzzaa      CODE
 0001:00000000 00000e40H .text$hln               CODE
 0001:00000e40 0001b420H .text$zzzzzzzzmn$hln    CODE
 0001:0001c260 00000020H .text$zzzzzzzzmn$00$hln CODE
 0001:0001c280 00001afcH .text$zzzzzzzzmn$21$hln CODE
 0001:0001dd7c 000006fcH .text$zzzzzzzzx$hln     CODE
 0001:0001e478 00000b88H .wowthk$zzzzzzzzaa$hln  CODE
 0001:0001f000 00000000H .text$zzzzzzzzmn$hx64   CODE
 0001:0001f000 00000036H .text$zzzzzzzzmn$00$hx64 CODE
 0002:00000000 00000000H .hexpthk                CODE
 0002:00000000 00000010H .hexpthk$hx64           CODE
 0003:00000000 00001000H .idata$5                DATA
 0003:00001000 000000a8H .00cfg                  DATA
 0003:000010a8 00000008H .CRT$zzzzzzzzXCA        DATA
 0003:000010b0 00000008H .CRT$zzzzzzzzXCAA       DATA
 0003:000010b8 00000008H .CRT$zzzzzzzzXCZ        DATA
 0003:000010c0 00000008H .CRT$zzzzzzzzXIA        DATA
 0003:000010c8 00000008H .CRT$zzzzzzzzXIAA       DATA
 0003:000010d0 00000008H .CRT$zzzzzzzzXIAC       DATA
 0003:000010d8 00000020H .CRT$zzzzzzzzXIC        DATA
 0003:000010f8 00000008H .CRT$zzzzzzzzXIZ        DATA
 0003:00001100 00000008H .CRT$zzzzzzzzXPA        DATA
 0003:00001108 00000010H .CRT$zzzzzzzzXPX        DATA
 0003:00001118 00000008H .CRT$zzzzzzzzXPXA       DATA
 0003:00001120 00000008H .CRT$zzzzzzzzXPZ        DATA
 0003:00001128 00000008H .CRT$zzzzzzzzXTA        DATA
 0003:00001130 00000010H .CRT$zzzzzzzzXTZ        DATA
 0003:00001138 00000000H .gehcont$y              DATA
 0003:00001138 00000000H .gfids$y                DATA
 0003:00001140 0000b540H .rdata                  DATA
 0003:0000c680 00000000H .rdata$CastGuardVftablesA DATA
 0003:0000c680 00000000H .rdata$CastGuardVftablesC DATA
 0003:0000c680 00000548H .rdata$r                DATA
 0003:0000cbc8 00000010H .rdata$zzhm             DATA
 0003:0000cbd8 000004b8H .rdata$zzzdbg           DATA
 0003:0000d090 00000008H .rtc$zzzzzzzzIAA        DATA
 0003:0000d098 00000008H .rtc$zzzzzzzzIZZ        DATA
 0003:0000d0a0 00000008H .rtc$zzzzzzzzTAA        DATA
 0003:0000d0a8 00000008H .rtc$zzzzzzzzTZZ        DATA
 0003:0000d0b0 00001808H .xdata                  DATA
 0003:0000e8b8 0000014cH .xdata$x                DATA
 0003:0000ea04 00000000H .edata                  DATA
 0003:0000ea04 00000014H .idata$2                DATA
 0003:0000ea18 00000018H .idata$3                DATA
 0003:0000ea30 00000270H .idata$4                DATA
 0003:0000eca0 000005b8H .idata$6                DATA
 0003:0000f258 00000da8H .idata$a                DATA
 0003:00010000 00000270H .idata$9                DATA
 0004:00000000 00000a40H .data                   DATA
 0004:00000a40 000000a8H .data$r                 DATA
 0004:00000ae8 000000f8H .data$rs                DATA
 0004:00000be0 00000d60H .bss                    DATA
 0005:00000000 00001090H .pdata                  DATA
 0006:00000000 00000100H .fptable                DATA
 0007:00000000 00000010H .a64xrm                 DATA
 0008:00000000 00000060H .rsrc$01                DATA
 0008:00000060 00000180H .rsrc$02                DATA

  Address         Publics by Value              Rva+Base               Lib:Object

 0000:00000000       #__os_arm64x_direct_check_call_$fo_default$ 0000000000000000     <absolute>
 0000:00000000       #__os_arm64x_direct_check_icall_$fo_default$ 0000000000000000     <absolute>
 0000:00000000       #__os_arm64x_direct_check_icall_cfg_$fo_default$ 0000000000000000     <absolute>
 0000:00000000       #memcmp_$fo_default$       0000000000000000     <absolute>
 0000:00000000       #memcpy_$fo_default$       0000000000000000     <absolute>
 0000:00000000       #memmove_$fo_default$      0000000000000000     <absolute>
 0000:00000000       #memset_$fo_default$       0000000000000000     <absolute>
 0000:00000000       #strlen_$fo_default$       0000000000000000     <absolute>
 0000:00000000       __AbsoluteZero             0000000000000000     <absolute>
 0000:00000000       __AbsoluteZero             0000000000000000     <absolute>
 0000:00000000       ___safe_se_handler_count   0000000000000000     <absolute>
 0000:00000000       ___safe_se_handler_table   0000000000000000     <absolute>
 0000:00000000       __arm64x_extra_rfe_table   0000000000000000     <absolute>
 0000:00000000       __arm64x_extra_rfe_table_size 0000000000000000     <absolute>
 0000:00000000       __arm64x_native_entrypoint 0000000000000000     <absolute>
 0000:00000000       __arm64x_redirection_metadata_count 0000000000000000     <absolute>
 0000:00000000       __enclave_config           0000000000000000     <absolute>
 0000:00000000       __enclave_config           0000000000000000     <absolute>
 0000:00000000       __guard_check_icall_a64n_fptr 0000000000000000     <absolute>
 0000:00000000       __guard_eh_cont_count      0000000000000000     <absolute>
 0000:00000000       __guard_eh_cont_count      0000000000000000     <absolute>
 0000:00000000       __guard_eh_cont_table      0000000000000000     <absolute>
 0000:00000000       __guard_eh_cont_table      0000000000000000     <absolute>
 0000:00000000       __guard_fids_count         0000000000000000     <absolute>
 0000:00000000       __guard_fids_count         0000000000000000     <absolute>
 0000:00000000       __guard_fids_table         0000000000000000     <absolute>
 0000:00000000       __guard_fids_table         0000000000000000     <absolute>
 0000:00000000       __guard_iat_count          0000000000000000     <absolute>
 0000:00000000       __guard_iat_count          0000000000000000     <absolute>
 0000:00000000       __guard_iat_table          0000000000000000     <absolute>
 0000:00000000       __guard_iat_table          0000000000000000     <absolute>
 0000:00000000       __guard_longjmp_count      0000000000000000     <absolute>
 0000:00000000       __guard_longjmp_count      0000000000000000     <absolute>
 0000:00000000       __guard_longjmp_table      0000000000000000     <absolute>
 0000:00000000       __guard_longjmp_table      0000000000000000     <absolute>
 0000:00000000       __hybrid_auxiliary_delayload_iat 0000000000000000     <absolute>
 0000:00000000       __hybrid_auxiliary_delayload_iat 0000000000000000     <absolute>
 0000:00000000       __hybrid_auxiliary_delayload_iat_copy 0000000000000000     <absolute>
 0000:00000000       __hybrid_auxiliary_delayload_iat_copy 0000000000000000     <absolute>
 0000:00000000       __hybrid_image_info_bitfield 0000000000000000     <absolute>
 0000:00000000       __hybrid_image_info_bitfield 0000000000000000     <absolute>
 0000:00000000       __volatile_metadata        0000000000000000     <absolute>
 0000:00000000       __volatile_metadata        0000000000000000     <absolute>
 0000:00000000       __x64_code_ranges_to_entry_points_count 0000000000000000     <absolute>
 0000:00000002       __hybrid_code_map_count    0000000000000002     <absolute>
 0000:00000002       __hybrid_code_map_count    0000000000000002     <absolute>
 0000:00000100       __guard_flags              0000000000000100     <absolute>
 0000:00000100       __guard_flags              0000000000000100     <absolute>
 0000:00000000       __ImageBase                0000000140000000     <linker-defined>
 0000:00000000       __ImageBase                0000000140000000     <linker-defined>
 0000:00000000       _load_config_used          0000000140000000     <linker-defined>
 0001:00000000       #__security_check_cookie_arm64ec 0000000140001000 f   LIBCMT:ecsecgs.obj
 0001:00000018       __gsfailure                0000000140001018 f   LIBCMT:ecsecgs.obj
 0001:00000060       #_InterlockedAdd           0000000140001060 f   LIBCMT:atomics.obj
 0001:00000060       #_InterlockedAdd_Function  0000000140001060 f   LIBCMT:atomics.obj
 0001:000000c0       #_InterlockedAnd           00000001400010c0 f   LIBCMT:atomics.obj
 0001:000000c0       #_InterlockedAnd_Function  00000001400010c0 f   LIBCMT:atomics.obj
 0001:00000120       #_InterlockedCompareExchange64 0000000140001120 f   LIBCMT:atomics.obj
 0001:00000120       #_InterlockedCompareExchange64_Function 0000000140001120 f   LIBCMT:atomics.obj
 0001:00000120       #_InterlockedCompareExchangePointer 0000000140001120 f   LIBCMT:atomics.obj
 0001:00000180       #_InterlockedDecrement     0000000140001180 f   LIBCMT:atomics.obj
 0001:00000180       #_InterlockedDecrement_Function 0000000140001180 f   LIBCMT:atomics.obj
 0001:00000190       #_InterlockedExchange      0000000140001190 f   LIBCMT:atomics.obj
 0001:00000190       #_InterlockedExchange_Function 0000000140001190 f   LIBCMT:atomics.obj
 0001:000001e0       #_InterlockedExchange64    00000001400011e0 f   LIBCMT:atomics.obj
 0001:000001e0       #_InterlockedExchange64_Function 00000001400011e0 f   LIBCMT:atomics.obj
 0001:000001e0       #_InterlockedExchangePointer 00000001400011e0 f   LIBCMT:atomics.obj
 0001:00000230       #_InterlockedIncrement     0000000140001230 f   LIBCMT:atomics.obj
 0001:00000230       #_InterlockedIncrement_Function 0000000140001230 f   LIBCMT:atomics.obj
 0001:00000240       #_InterlockedOr            0000000140001240 f   LIBCMT:atomics.obj
 0001:00000240       #_InterlockedOr_Function   0000000140001240 f   LIBCMT:atomics.obj
 0001:000002a0       #_InterlockedDetectSupportEH 00000001400012a0 f   LIBCMT:atomics.obj
 0001:000002f0       #_InterlockedDetectSupport 00000001400012f0 f   LIBCMT:atomics.obj
 0001:00000340       #InterlockedMisaligned32   0000000140001340 f   LIBCMT:atomics.obj
 0001:00000710       #InterlockedMisaligned64   0000000140001710 f   LIBCMT:atomics.obj
 0001:00000be8       #_NLG_Notify               0000000140001be8 f   libvcruntime:notify.obj
 0001:00000bfc       #__NLG_Dispatch2           0000000140001bfc     libvcruntime:notify.obj
 0001:00000c04       #__NLG_Return2             0000000140001c04 f   libvcruntime:notify.obj
 0001:00000c10       #__C_ExecuteExceptionFilter 0000000140001c10 f   libvcruntime:handler.obj
 0001:00000c60       #__C_ExecuteTerminationHandler 0000000140001c60 f   libvcruntime:handler.obj
 0001:00000cb0       #_CallSettingFrameArm64Ec  0000000140001cb0 f   libvcruntime:handlers_arm64ec.obj
 0001:00000d50       #__security_push_cookie    0000000140001d50 f   LIBCMT:secpushpop.obj
 0001:00000d70       #__security_pop_cookie     0000000140001d70 f   LIBCMT:secpushpop.obj
 0001:00000da0       #__ppgsfailure             0000000140001da0 f   LIBCMT:secpushpop.obj
 0001:00000dc0       #__chkstk_arm64ec          0000000140001dc0 f   LIBCMT:chkstk_arm64ec.obj
 0001:00000dc0       #_alloca_probe             0000000140001dc0 f   LIBCMT:chkstk_arm64ec.obj
 0001:00000df0       #__os_arm64x_direct_check_icall_cfg 0000000140001df0 f   LIBCMT:callhelperthunks.obj
 0001:00000e00       #__os_arm64x_direct_check_icall 0000000140001e00 f   LIBCMT:callhelperthunks.obj
 0001:00000e10       #__os_arm64x_direct_check_call 0000000140001e10 f   LIBCMT:callhelperthunks.obj
 0001:00000e20       __icall_helper_arm64ec     0000000140001e20 f   LIBCMT:icall_helper_arm64ec.obj
 0001:00000e48       ?setFormat@CmdElf@@$$hUEAAXXZ 0000000140001e48 f   CmdElf.obj
 0001:00000e70       #_guard_check_icall_nop    0000000140001e70 f   libvcruntime:jbcxrval.obj
 0001:00000e70       ?TrapBreak@@$$hYAXH@Z      0000000140001e70 f   Linker.obj
 0001:00000e70       ?freeFormat@CmdElf@@$$hUEAAXXZ 0000000140001e70 f   CmdElf.obj
 0001:00000e78       ?NewCommandSource@CmdLine@@$$hAEAAXPEAD0W4method@@@Z 0000000140001e78 f   CmdLine.obj
 0001:00000f70       ?setFormat@CmdNovell@@$$hUEAAXXZ 0000000140001f70 f   CmdNovell.obj
 0001:000011b0       ?freeFormat@CmdNovell@@$$hUEAAXXZ 00000001400021b0 f   CmdNovell.obj
 0001:00001230       ?setFormat@CmdPharlap@@$$hUEAAXXZ 0000000140002230 f   CmdPharlap.obj
 0001:00001368       ?freeFormat@CmdPharlap@@$$hUEAAXXZ 0000000140002368 f   CmdPharlap.obj
 0001:000013a8       ?setFormat@CmdQnx@@$$hUEAAXXZ 00000001400023a8 f   CmdQnx.obj
 0001:00001470       ?freeFormat@CmdQnx@@$$hUEAAXXZ 0000000140002470 f   CmdQnx.obj
 0001:000014c0       ?setFormat@CmdWinOS2@@$$hUEAAXXZ 00000001400024c0 f   CmdWinOS2.obj
 0001:00001598       ?freeFormat@CmdWinOS2@@$$hUEAAXXZ 0000000140002598 f   CmdWinOS2.obj
 0001:00001670       ?StringiHashFunc@@$$hYAIPEAXI@Z 0000000140002670 f   HashTable.obj
 0001:000016f0       ??1Linker@@$$hQEAA@XZ      00000001400026f0 f   Linker.obj
 0001:00001970       #__local_stdio_printf_options 0000000140002970 f i Linker.obj
 0001:00001980       #printf                    0000000140002980 f i Linker.obj
 0001:000019f0       ?WalkAreas@@$$hYAXPEAVMemorySubsystem@@PEAUovl_area@@P6AX0PEAUsection@@@Z@Z 00000001400029f0 f   LinkerUtils.obj
 0001:00001a78       #main                      0000000140002a78 f   Main.obj
 0001:00003a78       ?FmtStr@MessagingSubsystem@@$$hQEAAIPEADI0ZZ 0000000140004a78 f   MessagingSubsystem.obj
 0001:00003bf8       ?LnkMsg@MessagingSubsystem@@$$hQEAAXIPEADZZ 0000000140004bf8 f   MessagingSubsystem.obj
 0001:000041d8       ?Msg_Do_Put_Args@MessagingSubsystem@@$$hQEAAXQEADPEAUmsg_arg_list@@PEADZZ 00000001400051d8 f   MessagingSubsystem.obj
 0001:00004210       ?Msg_Put_Args@MessagingSubsystem@@$$hQEAAXQEADPEAUmsg_arg_list@@PEADPEAPEAD@Z 0000000140005210 f   MessagingSubsystem.obj
 0001:000043e8       ?FreeObjCache@MixCache@@$$hQEAAXPEAUfile_list@@@Z 00000001400053e8 f   MixCache.obj
 0001:00004478       ?FreeSections@@$$hYAXPEAVMemorySubsystem@@PEAVPermData@@PEAVHashTable@@PEAVMixCache@@PEAUsection@@@Z 0000000140005478 f   objfree.obj
 0001:00004708       ?FreeAMod@@$$hYAXPEAVPermData@@PEAVMixCache@@PEAUmod_entry@@@Z 0000000140005708 f   objfree.obj
 0001:000047c8       ?FreeMods@@$$hYAXPEAVPermData@@PEAVMixCache@@PEAUmod_entry@@@Z 00000001400057c8 f   objfree.obj
 0001:00004890       ?FreeFiles@@$$hYAXPEAVMemorySubsystem@@PEAVMixCache@@PEAUfile_list@@@Z 0000000140005890 f   objfree.obj
 0001:00004910       ??1ObjOrl@@$$hQEAA@XZ      0000000140005910 f   ObjOrl.obj
 0001:00004e00       ?free_coff_file_hnd@ObjOrl@@$$hAEAAXPEAUcoff_file_handle_struct@@@Z 0000000140005e00 f   ObjOrl.obj
 0001:00004f88       ?free_elf_file_hnd@ObjOrl@@$$hAEAAXPEAUelf_file_handle_struct@@@Z 0000000140005f88 f   ObjOrl.obj
 0001:00005238       ?FreeRelocSect@@$$hYAXPEAVMemorySubsystem@@PEAUsection@@@Z 0000000140006238 f   reloc.obj
 0001:00005278       ??_Etype_info@@$$hUEAAPEAXI@Z 0000000140006278 f i LIBCMT:std_type_info_static.obj
 0001:00005278       ??_Gtype_info@@$$hUEAAPEAXI@Z 0000000140006278 f i LIBCMT:std_type_info_static.obj
 0001:000052c0       ??3@$$hYAXPEAX_K@Z         00000001400062c0 f   LIBCMT:delete_scalar_size.obj
 0001:000052c0       ??_V@$$hYAXPEAX@Z          00000001400062c0 f   LIBCMT:delete_array.obj
 0001:000052c8       ??2@$$hYAPEAX_K@Z          00000001400062c8 f   LIBCMT:new_scalar.obj
 0001:00005320       ??_U@$$hYAPEAX_K@Z         0000000140006320 f   LIBCMT:new_array.obj
 0001:00005328       #mainCRTStartup            0000000140006328 f   LIBCMT:exe_main.obj
 0001:000055f8       #__report_gsfailure        00000001400065f8 f   LIBCMT:gs_report.obj
 0001:00005608       ??3@$$hYAXPEAX@Z           0000000140006608 f   LIBCMT:delete_scalar.obj
 0001:00005610       ??0bad_alloc@std@@$$hQEAA@AEBV01@@Z 0000000140006610 f i LIBCMT:throw_bad_alloc.obj
 0001:00005670       ??0bad_alloc@std@@$$hQEAA@XZ 0000000140006670 f i LIBCMT:throw_bad_alloc.obj
 0001:00005690       ??0bad_array_new_length@std@@$$hQEAA@AEBV01@@Z 0000000140006690 f i LIBCMT:throw_bad_alloc.obj
 0001:000056f0       ??0bad_array_new_length@std@@$$hQEAA@XZ 00000001400066f0 f i LIBCMT:throw_bad_alloc.obj
 0001:00005710       ??0exception@std@@$$hQEAA@AEBV01@@Z 0000000140006710 f i LIBCMT:throw_bad_alloc.obj
 0001:00005760       ??1bad_alloc@std@@$$hUEAA@XZ 0000000140006760 f i LIBCMT:throw_bad_alloc.obj
 0001:00005760       ??1bad_array_new_length@std@@$$hUEAA@XZ 0000000140006760 f i LIBCMT:throw_bad_alloc.obj
 0001:00005760       ??1bad_exception@std@@$$hUEAA@XZ 0000000140006760 f i libvcruntime:frame.obj
 0001:00005778       ??_Ebad_alloc@std@@$$hUEAAPEAXI@Z 0000000140006778 f i LIBCMT:throw_bad_alloc.obj
 0001:00005778       ??_Ebad_array_new_length@std@@$$hUEAAPEAXI@Z 0000000140006778 f i LIBCMT:throw_bad_alloc.obj
 0001:00005778       ??_Ebad_exception@std@@$$hUEAAPEAXI@Z 0000000140006778 f i libvcruntime:frame.obj
 0001:00005778       ??_Eexception@std@@$$hUEAAPEAXI@Z 0000000140006778 f i LIBCMT:throw_bad_alloc.obj
 0001:00005778       ??_Gbad_alloc@std@@$$hUEAAPEAXI@Z 0000000140006778 f i LIBCMT:throw_bad_alloc.obj
 0001:00005778       ??_Gbad_array_new_length@std@@$$hUEAAPEAXI@Z 0000000140006778 f i LIBCMT:throw_bad_alloc.obj
 0001:00005778       ??_Gbad_exception@std@@$$hUEAAPEAXI@Z 0000000140006778 f i libvcruntime:frame.obj
 0001:00005778       ??_Gexception@std@@$$hUEAAPEAXI@Z 0000000140006778 f i LIBCMT:throw_bad_alloc.obj
 0001:000057d0       ?__scrt_throw_std_bad_alloc@@$$hYAXXZ 00000001400067d0 f   LIBCMT:throw_bad_alloc.obj
 0001:00005800       ?__scrt_throw_std_bad_array_new_length@@$$hYAXXZ 0000000140006800 f   LIBCMT:throw_bad_alloc.obj
 0001:00005830       ?what@exception@std@@$$hUEBAPEBDXZ 0000000140006830 f i LIBCMT:throw_bad_alloc.obj
 0001:00005850       #__scrt_acquire_startup_lock 0000000140006850 f   LIBCMT:utility.obj
 0001:000058b8       #__scrt_initialize_crt     00000001400068b8 f   LIBCMT:utility.obj
 0001:00005910       #__scrt_initialize_onexit_tables 0000000140006910 f   LIBCMT:utility.obj
 0001:000059c0       #__scrt_is_nonwritable_in_current_image 00000001400069c0 f   LIBCMT:utility.obj
 0001:00005a98       #__scrt_release_startup_lock 0000000140006a98 f   LIBCMT:utility.obj
 0001:00005ae0       #__scrt_uninitialize_crt   0000000140006ae0 f   LIBCMT:utility.obj
 0001:00005b30       #_onexit                   0000000140006b30 f   LIBCMT:utility.obj
 0001:00005b88       #atexit                    0000000140006b88 f   LIBCMT:utility.obj
 0001:00005bb0       #__security_init_cookie    0000000140006bb0 f   LIBCMT:gs_support.obj
 0001:00005c80       #_matherr                  0000000140006c80 f   LIBCMT:matherr.obj
 0001:00005c90       #_get_startup_argv_mode    0000000140006c90 f   LIBCMT:argv_mode.obj
 0001:00005c90       #_should_initialize_environment 0000000140006c90 f   LIBCMT:env_mode.obj
 0001:00005ca0       #__isa_available_init      0000000140006ca0 f   LIBCMT:cpu_disp.obj
 0001:00005ca0       #__scrt_exe_initialize_mta 0000000140006ca0 f   LIBCMT:utility_desktop.obj
 0001:00005ca0       #__scrt_initialize_winrt   0000000140006ca0 f   LIBCMT:utility_desktop.obj
 0001:00005ca0       #__scrt_stub_for_initialize_mta 0000000140006ca0 f   LIBCMT:utility_desktop.obj
 0001:00005ca0       #_get_startup_commit_mode  0000000140006ca0 f   LIBCMT:commit_mode.obj
 0001:00005ca0       #_get_startup_new_mode     0000000140006ca0 f   LIBCMT:new_mode.obj
 0001:00005ca0       #_get_startup_thread_locale_mode 0000000140006ca0 f   LIBCMT:thread_locale.obj
 0001:00005cb0       #_get_startup_file_mode    0000000140006cb0 f   LIBCMT:file_mode.obj
 0001:00005cc0       ?__scrt_initialize_type_info@@$$hYAXXZ 0000000140006cc0 f   LIBCMT:tncleanup.obj
 0001:00005cd0       #__os_arm64x_check_icall_cfg_nop 0000000140006cd0 f   LIBCMT:guard_check_arm64ec.obj
 0001:00005cd0       #_initialize_denormal_control 0000000140006cd0 f   LIBCMT:denormal_control.obj
 0001:00005cd0       #_initialize_invalid_parameter_handler 0000000140006cd0 f   LIBCMT:invalid_parameter_handler.obj
 0001:00005cd8       #__local_stdio_scanf_options 0000000140006cd8 f i LIBCMT:default_local_stdio_options.obj
 0001:00005ce8       #__scrt_initialize_default_local_stdio_options 0000000140006ce8 f   LIBCMT:default_local_stdio_options.obj
 0001:00005d28       #__scrt_is_user_matherr_present 0000000140006d28 f   LIBCMT:matherr_detection.obj
 0001:00005d40       #__scrt_get_dyn_tls_init_callback 0000000140006d40 f   LIBCMT:dyn_tls_init.obj
 0001:00005d50       #__scrt_get_dyn_tls_dtor_callback 0000000140006d50 f   LIBCMT:dyn_tls_dtor.obj
 0001:00005d60       #__crt_debugger_hook       0000000140006d60 f   LIBCMT:utility_desktop.obj
 0001:00005d70       #__scrt_fastfail           0000000140006d70 f   LIBCMT:utility_desktop.obj
 0001:00005d80       #__scrt_initialize_mta     0000000140006d80 f   LIBCMT:utility_desktop.obj
 0001:00005d88       #__scrt_is_managed_app     0000000140006d88 f   LIBCMT:utility_desktop.obj
 0001:00005e08       #__scrt_set_unhandled_exception_filter 0000000140006e08 f   LIBCMT:utility_desktop.obj
 0001:00005e18       #__scrt_unhandled_exception_filter 0000000140006e18 f   LIBCMT:utility_desktop.obj
 0001:00005ea8       #_RTC_Initialize           0000000140006ea8 f   LIBCMT:initsect.obj
 0001:00005f18       #_RTC_Terminate            0000000140006f18 f   LIBCMT:initsect.obj
 0001:00005f88       #__scrt_is_ucrt_dll_in_use 0000000140006f88 f   LIBCMT:ucrt_detection.obj
 0001:00005fa0       #_IsExceptionObjectToBeDestroyed 0000000140006fa0 f   libvcruntime:ehhelpers.obj
 0001:00005ff8       #__AdjustPointer           0000000140006ff8 f   libvcruntime:ehhelpers.obj
 0001:00006028       #__DestructExceptionObject 0000000140007028 f   libvcruntime:ehhelpers.obj
 0001:000060f0       #__FrameUnwindFilter       00000001400070f0 f   libvcruntime:ehhelpers.obj
 0001:00006190       #__current_exception       0000000140007190 f   libvcruntime:ehhelpers.obj
 0001:000061b8       #__current_exception_context 00000001400071b8 f   libvcruntime:ehhelpers.obj
 0001:000061e0       #__std_terminate           00000001400071e0 f   libvcruntime:ehhelpers.obj
 0001:000061e8       ?_CallMemberFunction0@@$$hYAXQEAX0@Z 00000001400071e8 f i libvcruntime:ehhelpers.obj
 0001:00006220       #_CreateFrameInfo          0000000140007220 f   libvcruntime:risctrnsctrl.obj
 0001:00006280       #_FindAndUnlinkFrame       0000000140007280 f   libvcruntime:risctrnsctrl.obj
 0001:000062f0       #_GetImageBase             00000001400072f0 f   libvcruntime:risctrnsctrl.obj
 0001:00006318       #_GetThrowImageBase        0000000140007318 f   libvcruntime:risctrnsctrl.obj
 0001:00006340       #_SetImageBase             0000000140007340 f   libvcruntime:risctrnsctrl.obj
 0001:00006370       #_SetThrowImageBase        0000000140007370 f   libvcruntime:risctrnsctrl.obj
 0001:000063a0       #__CxxFrameHandler3        00000001400073a0 f   libvcruntime:risctrnsctrl.obj
 0001:00006428       ??$_CallSETranslator@V__FrameHandler3@@@@$$hYAHPEAUEHExceptionRecord@@PEA_KPEAU_CONTEXT@@PEAU_xDISPATCHER_CONTEXT@@PEBU_s_FuncInfo@@K1H@Z 0000000140007428 f i libvcruntime:risctrnsctrl.obj
 0001:000064a0       ?CatchTryBlock@__FrameHandler3@@$$hSAPEBU_s_TryBlockMapEntry@@PEBU_s_FuncInfo@@H@Z 00000001400074a0 f   libvcruntime:risctrnsctrl.obj
 0001:00006520       ?ExecutionInCatch@__FrameHandler3@@$$hSA_NPEAU_xDISPATCHER_CONTEXT@@PEBU_s_FuncInfo@@@Z 0000000140007520 f   libvcruntime:risctrnsctrl.obj
 0001:00006568       ?FrameUnwindToEmptyState@__FrameHandler3@@$$hSAXPEA_KPEAU_xDISPATCHER_CONTEXT@@PEBU_s_FuncInfo@@@Z 0000000140007568 f   libvcruntime:risctrnsctrl.obj
 0001:000065e0       ?GetEstablisherFrame@__FrameHandler3@@$$hSAPEA_KPEA_KPEAU_xDISPATCHER_CONTEXT@@PEBU_s_FuncInfo@@0@Z 00000001400075e0 f   libvcruntime:risctrnsctrl.obj
 0001:00006720       ?GetRangeOfTrysToCheck@__FrameHandler3@@$$hSA?AU?$pair@Viterator@TryBlockMap@__FrameHandler3@@V123@@std@@AEAVTryBlockMap@1@HPEAU_xDISPATCHER_CONTEXT@@PEBU_s_FuncInfo@@H@Z 0000000140007720 f   libvcruntime:risctrnsctrl.obj
 0001:00006880       ?UnwindNestedFrames@__FrameHandler3@@$$hSAXPEA_KPEAUEHExceptionRecord@@PEAU_CONTEXT@@0PEAXPEBU_s_FuncInfo@@HHPEBU_s_HandlerType@@PEAU_xDISPATCHER_CONTEXT@@E@Z 0000000140007880 f   libvcruntime:risctrnsctrl.obj
 0001:00006960       #__C_specific_handler      0000000140007960 f   libvcruntime:riscchandler.obj
 0001:00006cb8       #__std_exception_copy      0000000140007cb8 f   libvcruntime:std_exception.obj
 0001:00006d60       #__std_exception_destroy   0000000140007d60 f   libvcruntime:std_exception.obj
 0001:00006da0       #_CxxThrowException        0000000140007da0 f   libvcruntime:throw.obj
 0001:00006e70       #__vcrt_initialize         0000000140007e70 f   libvcruntime:initialization.obj
 0001:00006f60       #__vcrt_uninitialize       0000000140007f60 f   libvcruntime:initialization.obj
 0001:00006f90       #__std_type_info_compare   0000000140007f90 f   libvcruntime:std_type_info.obj
 0001:00006fb8       #__vcrt_freefls            0000000140007fb8 f   libvcruntime:per_thread_data.obj
 0001:00006fd8       #__vcrt_getptd             0000000140007fd8 f   libvcruntime:per_thread_data.obj
 0001:00007008       #__vcrt_getptd_noexit      0000000140008008 f   libvcruntime:per_thread_data.obj
 0001:000070e0       #__vcrt_initialize_ptd     00000001400080e0 f   libvcruntime:per_thread_data.obj
 0001:00007150       #__vcrt_uninitialize_ptd   0000000140008150 f   libvcruntime:per_thread_data.obj
 0001:00007198       ?GetCurrentState@__FrameHandler3@@$$hSAHPEA_KPEAU_xDISPATCHER_CONTEXT@@PEBU_s_FuncInfo@@@Z 0000000140008198 f   libvcruntime:ehstate.obj
 0001:000071c8       ?GetUnwindTryBlock@__FrameHandler3@@$$hSAHPEA_KPEAU_xDISPATCHER_CONTEXT@@PEBU_s_FuncInfo@@@Z 00000001400081c8 f   libvcruntime:ehstate.obj
 0001:00007210       ?SetState@__FrameHandler3@@$$hSAXPEA_KPEAU_xDISPATCHER_CONTEXT@@PEBU_s_FuncInfo@@H@Z 0000000140008210 f   libvcruntime:ehstate.obj
 0001:00007228       ?SetUnwindTryBlock@__FrameHandler3@@$$hSAXPEA_KPEAU_xDISPATCHER_CONTEXT@@PEBU_s_FuncInfo@@H@Z 0000000140008228 f   libvcruntime:ehstate.obj
 0001:00007280       ?StateFromControlPc@__FrameHandler3@@$$hSAHPEBU_s_FuncInfo@@PEAU_xDISPATCHER_CONTEXT@@@Z 0000000140008280 f   libvcruntime:ehstate.obj
 0001:00007290       ?StateFromIp@__FrameHandler3@@$$hSAHPEBU_s_FuncInfo@@PEAU_xDISPATCHER_CONTEXT@@_K@Z 0000000140008290 f   libvcruntime:ehstate.obj
 0001:00007e00       ??$TypeMatchHelper@V__FrameHandler3@@@@$$hYAHPEBU_s_HandlerType@@PEBU_s_CatchableType@@PEBU_s_ThrowInfo@@@Z 0000000140008e00 f i libvcruntime:frame.obj
 0001:00007f30       ??$__InternalCxxFrameHandler@V__FrameHandler3@@@@$$hYA?AW4_EXCEPTION_DISPOSITION@@PEAUEHExceptionRecord@@PEA_KPEAU_CONTEXT@@PEAU_xDISPATCHER_CONTEXT@@PEBU_s_FuncInfo@@H1E@Z 0000000140008f30 f i libvcruntime:frame.obj
 0001:000081e0       ??$__InternalCxxFrameHandlerWrapper@V__FrameHandler3@@@@$$hYA?AW4_EXCEPTION_DISPOSITION@@PEAUEHExceptionRecord@@PEA_KPEAU_CONTEXT@@PEAU_xDISPATCHER_CONTEXT@@PEBU_s_FuncInfo@@H1E@Z 00000001400091e0 f i libvcruntime:frame.obj
 0001:000081e8       ??0bad_exception@std@@$$hQEAA@AEBV01@@Z 00000001400091e8 f i libvcruntime:frame.obj
 0001:00008248       ??0bad_exception@std@@$$hQEAA@XZ 0000000140009248 f i libvcruntime:frame.obj
 0001:00008268       ?CxxCallCatchBlock@__FrameHandler3@@$$hSAPEAXPEAU_EXCEPTION_RECORD@@@Z 0000000140009268 f   libvcruntime:frame.obj
 0001:00008538       ?FrameUnwindToState@__FrameHandler3@@$$hSAXPEA_KPEAU_xDISPATCHER_CONTEXT@@PEBU_s_FuncInfo@@H@Z 0000000140009538 f   libvcruntime:frame.obj
 0001:000087d0       ?GetHandlerSearchState@__FrameHandler3@@$$hSAHPEA_KPEAU_xDISPATCHER_CONTEXT@@PEBU_s_FuncInfo@@@Z 00000001400097d0 f i libvcruntime:frame.obj
 0001:00008a38       ?_CallMemberFunction1@@$$hYAXQEAX00@Z 0000000140009a38 f i libvcruntime:frame.obj
 0001:00008a78       ?_CallMemberFunction2@@$$hYAXQEAX00H@Z 0000000140009a78 f i libvcruntime:frame.obj
 0001:00008ab8       #__except_validate_context_record 0000000140009ab8 f   libvcruntime:jbcxrval.obj
 0001:00008b00       #__vcrt_initialize_locks   0000000140009b00 f   libvcruntime:locks.obj
 0001:00008b80       #__vcrt_uninitialize_locks 0000000140009b80 f   libvcruntime:locks.obj
 0001:00008be8       #_CallSettingFrame         0000000140009be8 f   libvcruntime:handlers_amd64.obj
 0001:00008c60       #_fileno                   0000000140009c60 f   libucrt:fileno.obj
 0001:00008ca0       #_isatty                   0000000140009ca0 f   libucrt:isatty.obj
 0001:00008d28       #__acrt_initialize_stdio   0000000140009d28 f   libucrt:_file.obj
 0001:00008e58       #__acrt_iob_func           0000000140009e58 f   libucrt:_file.obj
 0001:00008e70       #__acrt_uninitialize_stdio 0000000140009e70 f   libucrt:_file.obj
 0001:00008ee8       #_lock_file                0000000140009ee8 f   libucrt:_file.obj
 0001:00008ef8       #_unlock_file              0000000140009ef8 f   libucrt:_file.obj
 0001:00008f08       #__ascii_stricmp           0000000140009f08 f   libucrt:stricmp.obj
 0001:00009088       #_stricmp                  000000014000a088 f   libucrt:stricmp.obj
 0001:000090b0       #_stricmp_l                000000014000a0b0 f   libucrt:stricmp.obj
 0001:000091d0       ??0_LocaleUpdate@@$$hQEAA@QEAU__crt_locale_pointers@@@Z 000000014000a1d0 f i libucrt:stricmp.obj
 0001:000092c8       #remove                    000000014000a2c8 f   libucrt:unlink.obj
 0001:000093d0       ??$__acrt_convert_wcs_mbs_cp@D_WV<lambda_7c9dea7b4ca7285d2cdb541a38da6275>@@U__crt_win32_buffer_internal_dynamic_resizing@@@@$$hYAHQEBDAEAV?$__crt_win32_buffer@_WU__crt_win32_buffer_internal_dynamic_resizing@@@@AEBV<lambda_7c9dea7b4ca7285d2cdb541a38da6275>@@I@Z 000000014000a3d0 f i libucrt:unlink.obj
 0001:00009570       #_toupper_l                000000014000a570 f   libucrt:tolower_toupper.obj
 0001:00009698       #toupper                   000000014000a698 f   libucrt:tolower_toupper.obj
 0001:000096e0       #__acrt_get_sigabrt_handler 000000014000a6e0 f   libucrt:signal.obj
 0001:00009718       #__acrt_initialize_signal_handlers 000000014000a718 f   libucrt:signal.obj
 0001:00009730       #raise                     000000014000a730 f   libucrt:signal.obj
 0001:000099a0       #signal                    000000014000a9a0 f   libucrt:signal.obj
 0001:00009d40       #__stdio_common_vfprintf   000000014000ad40 f   libucrt:output.obj
 0001:00009e80       ??$ensure_buffer_is_big_enough@D@formatting_buffer@__crt_stdio_output@@$$hQEAA_N_KAEAV__crt_cached_ptd_host@@@Z 000000014000ae80 f i libucrt:output.obj
 0001:00009f38       ??$is_overflow_condition@K@__crt_strtox@@$$hYA_NIK@Z 000000014000af38 f i libucrt:output.obj
 0001:00009f78       ??$is_wide_character_specifier@D@__crt_stdio_output@@$$hYA_N_KDW4length_modifier@0@@Z 000000014000af78 f i libucrt:output.obj
 0001:00009fc0       ??$parse_integer@KV?$c_string_character_source@D@__crt_strtox@@$0A@@__crt_strtox@@$$hYAKAEAV__crt_cached_ptd_host@@V?$c_string_character_source@D@0@H_N@Z 000000014000afc0 f i libucrt:output.obj
 0001:0000a2c8       ??$type_case_integer@$07@?$output_processor@DV?$stream_output_adapter@D@__crt_stdio_output@@V?$standard_base@DV?$stream_output_adapter@D@__crt_stdio_output@@@2@@__crt_stdio_output@@$$hAEAA_N_N@Z 000000014000b2c8 f i libucrt:output.obj
 0001:0000a548       ??$type_case_integer@$09@?$output_processor@DV?$stream_output_adapter@D@__crt_stdio_output@@V?$standard_base@DV?$stream_output_adapter@D@__crt_stdio_output@@@2@@__crt_stdio_output@@$$hAEAA_N_N@Z 000000014000b548 f i libucrt:output.obj
 0001:0000a7c8       ??$type_case_integer@$0BA@@?$output_processor@DV?$stream_output_adapter@D@__crt_stdio_output@@V?$standard_base@DV?$stream_output_adapter@D@__crt_stdio_output@@@2@@__crt_stdio_output@@$$hAEAA_N_N@Z 000000014000b7c8 f i libucrt:output.obj
 0001:0000aa48       ??$type_case_integer_parse_into_buffer@I$07@?$output_processor@DV?$stream_output_adapter@D@__crt_stdio_output@@V?$standard_base@DV?$stream_output_adapter@D@__crt_stdio_output@@@2@@__crt_stdio_output@@$$hAEAAXI_N@Z 000000014000ba48 f i libucrt:output.obj
 0001:0000aad0       ??$type_case_integer_parse_into_buffer@I$09@?$output_processor@DV?$stream_output_adapter@D@__crt_stdio_output@@V?$standard_base@DV?$stream_output_adapter@D@__crt_stdio_output@@@2@@__crt_stdio_output@@$$hAEAAXI_N@Z 000000014000bad0 f i libucrt:output.obj
 0001:0000ab90       ??$type_case_integer_parse_into_buffer@I$0BA@@?$output_processor@DV?$stream_output_adapter@D@__crt_stdio_output@@V?$standard_base@DV?$stream_output_adapter@D@__crt_stdio_output@@@2@@__crt_stdio_output@@$$hAEAAXI_N@Z 000000014000bb90 f i libucrt:output.obj
 0001:0000ac30       ??$type_case_integer_parse_into_buffer@_K$07@?$output_processor@DV?$stream_output_adapter@D@__crt_stdio_output@@V?$standard_base@DV?$stream_output_adapter@D@__crt_stdio_output@@@2@@__crt_stdio_output@@$$hAEAAX_K_N@Z 000000014000bc30 f i libucrt:output.obj
 0001:0000acb8       ??$type_case_integer_parse_into_buffer@_K$09@?$output_processor@DV?$stream_output_adapter@D@__crt_stdio_output@@V?$standard_base@DV?$stream_output_adapter@D@__crt_stdio_output@@@2@@__crt_stdio_output@@$$hAEAAX_K_N@Z 000000014000bcb8 f i libucrt:output.obj
 0001:0000ad60       ??$type_case_integer_parse_into_buffer@_K$0BA@@?$output_processor@DV?$stream_output_adapter@D@__crt_stdio_output@@V?$standard_base@DV?$stream_output_adapter@D@__crt_stdio_output@@@2@@__crt_stdio_output@@$$hAEAAX_K_N@Z 000000014000bd60 f i libucrt:output.obj
 0001:0000ae00       ??1__crt_cached_ptd_host@@$$hQEAA@XZ 000000014000be00 f i libucrt:output.obj
 0001:0000afe0       ?crop_zeroes@__crt_stdio_output@@$$hYAXPEADQEAU__crt_locale_pointers@@@Z 000000014000bfe0 f i libucrt:output.obj
 0001:0000b078       ?force_decimal_point@__crt_stdio_output@@$$hYAXPEADQEAU__crt_locale_pointers@@@Z 000000014000c078 f i libucrt:output.obj
 0001:0000b0f8       ?parse_int_from_format_string@?$output_processor@DV?$stream_output_adapter@D@__crt_stdio_output@@V?$standard_base@DV?$stream_output_adapter@D@__crt_stdio_output@@@2@@__crt_stdio_output@@$$hAEAA_NQEAH@Z 000000014000c0f8 f i libucrt:output.obj
 0001:0000b198       ?process@?$output_processor@DV?$stream_output_adapter@D@__crt_stdio_output@@V?$standard_base@DV?$stream_output_adapter@D@__crt_stdio_output@@@2@@__crt_stdio_output@@$$hQEAAHXZ 000000014000c198 f i libucrt:output.obj
 0001:0000b5a0       ?state_case_size@?$output_processor@DV?$stream_output_adapter@D@__crt_stdio_output@@V?$standard_base@DV?$stream_output_adapter@D@__crt_stdio_output@@@2@@__crt_stdio_output@@$$hAEAA_NXZ 000000014000c5a0 f i libucrt:output.obj
 0001:0000b790       ?state_case_type@?$output_processor@DV?$stream_output_adapter@D@__crt_stdio_output@@V?$standard_base@DV?$stream_output_adapter@D@__crt_stdio_output@@@2@@__crt_stdio_output@@$$hAEAA_NXZ 000000014000c790 f i libucrt:output.obj
 0001:0000be00       ?type_case_Z@?$output_processor@DV?$stream_output_adapter@D@__crt_stdio_output@@V?$standard_base@DV?$stream_output_adapter@D@__crt_stdio_output@@@2@@__crt_stdio_output@@$$hAEAA_NXZ 000000014000ce00 f i libucrt:output.obj
 0001:0000bea8       ?type_case_a@?$output_processor@DV?$stream_output_adapter@D@__crt_stdio_output@@V?$standard_base@DV?$stream_output_adapter@D@__crt_stdio_output@@@2@@__crt_stdio_output@@$$hAEAA_NXZ 000000014000cea8 f i libucrt:output.obj
 0001:0000c100       ?type_case_c_tchar@?$output_processor@DV?$stream_output_adapter@D@__crt_stdio_output@@V?$standard_base@DV?$stream_output_adapter@D@__crt_stdio_output@@@2@@__crt_stdio_output@@$$hAEAA_ND@Z 000000014000d100 f i libucrt:output.obj
 0001:0000c1e8       ?type_case_n@?$output_processor@DV?$stream_output_adapter@D@__crt_stdio_output@@V?$standard_base@DV?$stream_output_adapter@D@__crt_stdio_output@@@2@@__crt_stdio_output@@$$hAEAA_NXZ 000000014000d1e8 f i libucrt:output.obj
 0001:0000c2d0       ?type_case_s@?$output_processor@DV?$stream_output_adapter@D@__crt_stdio_output@@V?$standard_base@DV?$stream_output_adapter@D@__crt_stdio_output@@@2@@__crt_stdio_output@@$$hAEAA_NXZ 000000014000d2d0 f i libucrt:output.obj
 0001:0000c390       ?update_locale_slow@__crt_cached_ptd_host@@$$hAEAAXXZ 000000014000d390 f i libucrt:output.obj
 0001:0000c468       ?validate_stream_is_ansi_if_required@?$__acrt_stdio_char_traits@D@@$$hSA_NQEAU_iobuf@@@Z 000000014000d468 f i libucrt:output.obj
 0001:0000c520       ?write_string_impl@?$output_adapter_common@DV?$stream_output_adapter@D@__crt_stdio_output@@@__crt_stdio_output@@$$hIEBAXQEBDHQEAHAEAV__crt_cached_ptd_host@@@Z 000000014000d520 f i libucrt:output.obj
 0001:0000c630       #__acrt_initialize_clock   000000014000d630 f   libucrt:clock.obj
 0001:0000c698       #clock                     000000014000d698 f   libucrt:clock.obj
 0001:0000c730       #_time64                   000000014000d730 f   libucrt:time.obj
 0001:0000c7c0       #_memicmp                  000000014000d7c0 f   libucrt:memicmp.obj
 0001:0000c948       #isdigit                   000000014000d948 f   libucrt:_ctype.obj
 0001:0000ca18       #_fwrite_internal          000000014000da18 f   libucrt:fwrite.obj
 0001:0000cab0       #_fwrite_nolock_internal   000000014000dab0 f   libucrt:fwrite.obj
 0001:0000cce8       #fwrite                    000000014000dce8 f   libucrt:fwrite.obj
 0001:0000ce28       #fclose                    000000014000de28 f   libucrt:fclose.obj
 0001:0000d008       #_recalloc_base            000000014000e008 f   libucrt:recalloc.obj
 0001:0000d0b8       #free                      000000014000e0b8 f   libucrt:free.obj
 0001:0000d0c8       #calloc                    000000014000e0c8 f   libucrt:calloc.obj
 0001:0000d0d8       #__acrt_initialize_new_handler 000000014000e0d8 f   libucrt:new_handler.obj
 0001:0000d0e8       #_callnewh                 000000014000e0e8 f   libucrt:new_handler.obj
 0001:0000d148       #_query_new_handler        000000014000e148 f   libucrt:new_handler.obj
 0001:0000d198       #malloc                    000000014000e198 f   libucrt:malloc.obj
 0001:0000d1a8       #_seh_filter_exe           000000014000e1a8 f   libucrt:exception_filter.obj
 0001:0000d3c8       #_query_app_type           000000014000e3c8 f   libucrt:report_runtime_error.obj
 0001:0000d3d8       #_set_app_type             000000014000e3d8 f   libucrt:report_runtime_error.obj
 0001:0000d3e8       #__acrt_has_user_matherr   000000014000e3e8 f   libucrt:matherr.obj
 0001:0000d410       #__acrt_initialize_user_matherr 000000014000e410 f   libucrt:matherr.obj
 0001:0000d420       #__acrt_invoke_user_matherr 000000014000e420 f   libucrt:matherr.obj
 0001:0000d480       #__setusermatherr          000000014000e480 f   libucrt:matherr.obj
 0001:0000d4a8       #__acrt_allocate_buffer_for_argv 000000014000e4a8 f   libucrt:argv_parsing.obj
 0001:0000d528       #_configure_narrow_argv    000000014000e528 f   libucrt:argv_parsing.obj
 0001:0000d918       #__dcrt_get_or_create_narrow_environment_nolock 000000014000e918 f   libucrt:environment_initialization.obj
 0001:0000d970       #__dcrt_uninitialize_environments_nolock 000000014000e970 f   libucrt:environment_initialization.obj
 0001:0000da18       #_get_initial_narrow_environment 000000014000ea18 f   libucrt:environment_initialization.obj
 0001:0000da80       #_initialize_narrow_environment 000000014000ea80 f   libucrt:environment_initialization.obj
 0001:0000de00       #_initterm                 000000014000ee00 f   libucrt:initterm.obj
 0001:0000de58       #_initterm_e               000000014000ee58 f   libucrt:initterm.obj
 0001:0000deb8       #__acrt_initialize_thread_local_exit_callback 000000014000eeb8 f   libucrt:exit.obj
 0001:0000dec8       #_c_exit                   000000014000eec8 f   libucrt:exit.obj
 0001:0000dee0       #_cexit                    000000014000eee0 f   libucrt:exit.obj
 0001:0000def8       #_exit                     000000014000eef8 f   libucrt:exit.obj
 0001:0000df08       #_register_thread_local_exe_atexit_callback 000000014000ef08 f   libucrt:exit.obj
 0001:0000df58       #exit                      000000014000ef58 f   libucrt:exit.obj
 0001:0000e288       #_set_fmode                000000014000f288 f   libucrt:setmode.obj
 0001:0000e2e8       #__acrt_initialize_command_line 000000014000f2e8 f   libucrt:argv_data.obj
 0001:0000e320       #__acrt_uninitialize_command_line 000000014000f320 f   libucrt:argv_data.obj
 0001:0000e330       #__p___argc                000000014000f330 f   libucrt:argv_data.obj
 0001:0000e340       #__p___argv                000000014000f340 f   libucrt:argv_data.obj
 0001:0000e350       #__acrt_set_locale_changed 000000014000f350 f   libucrt:wsetlocale.obj
 0001:0000e368       #__acrt_uninitialize_locale 000000014000f368 f   libucrt:wsetlocale.obj
 0001:0000e3a0       #_configthreadlocale       000000014000f3a0 f   libucrt:wsetlocale.obj
 0001:0000e4c0       #_query_new_mode           000000014000f4c0 f   libucrt:new_mode.obj
 0001:0000e4d8       #_set_new_mode             000000014000f4d8 f   libucrt:new_mode.obj
 0001:0000e528       #__p__commode              000000014000f528 f   libucrt:ncommode.obj
 0001:0000e538       #_crt_atexit               000000014000f538 f   libucrt:onexit.obj
 0001:0000e550       #_execute_onexit_table     000000014000f550 f   libucrt:onexit.obj
 0001:0000e5a0       #_initialize_onexit_table  000000014000f5a0 f   libucrt:onexit.obj
 0001:0000e5d8       #_register_onexit_function 000000014000f5d8 f   libucrt:onexit.obj
 0001:0000e998       #__acrt_initialize         000000014000f998 f   libucrt:initialization.obj
 0001:0000e9c8       #__acrt_uninitialize       000000014000f9c8 f   libucrt:initialization.obj
 0001:0000ebe8       #terminate                 000000014000fbe8 f   libucrt:terminate.obj
 0001:0000ec28       #abort                     000000014000fc28 f   libucrt:abort.obj
 0001:0000ec68       #strcpy_s                  000000014000fc68 f   libucrt:strcpy_s.obj
 0001:0000ed00       #__acrt_call_reportfault   000000014000fd00 f   libucrt:invalid_parameter.obj
 0001:0000ee38       #__acrt_initialize_invalid_parameter_handler 000000014000fe38 f   libucrt:invalid_parameter.obj
 0001:0000ee48       #_invalid_parameter        000000014000fe48 f   libucrt:invalid_parameter.obj
 0001:0000eeb0       #_invalid_parameter_internal 000000014000feb0 f   libucrt:invalid_parameter.obj
 0001:0000efc8       #_invalid_parameter_noinfo 000000014000ffc8 f   libucrt:invalid_parameter.obj
 0001:0000efe8       #_invoke_watson            000000014000ffe8 f   libucrt:invalid_parameter.obj
 0001:0000f038       ?value@?$dual_state_global@P6AXPEB_W00I_K@Z@__crt_state_management@@$$hQEAAAEAP6AXPEB_W00I_K@ZAEAV__crt_cached_ptd_host@@@Z 0000000140010038 f i libucrt:invalid_parameter.obj
 0001:0000f090       #__acrt_errno_from_os_error 0000000140010090 f   libucrt:errno.obj
 0001:0000f168       #__acrt_errno_map_os_error 0000000140010168 f   libucrt:errno.obj
 0001:0000f1d8       #__acrt_errno_map_os_error_ptd 00000001400101d8 f   libucrt:errno.obj
 0001:0000f218       #__doserrno                0000000140010218 f   libucrt:errno.obj
 0001:0000f250       #_errno                    0000000140010250 f   libucrt:errno.obj
 0001:0000f288       #__acrt_initialize_lowio   0000000140010288 f   libucrt:ioinit.obj
 0001:0000f2e0       #__acrt_uninitialize_lowio 00000001400102e0 f   libucrt:ioinit.obj
 0001:0000f558       #_calloc_base              0000000140010558 f   libucrt:calloc_base.obj
 0001:0000f5e0       #_free_base                00000001400105e0 f   libucrt:free_base.obj
 0001:0000f638       #__acrt_AppPolicyGetProcessTerminationMethodInternal 0000000140010638 f   libucrt:winapi_thunks.obj
 0001:0000f6c0       #__acrt_AreFileApisANSI    00000001400106c0 f   libucrt:winapi_thunks.obj
 0001:0000f730       #__acrt_CompareStringEx    0000000140010730 f   libucrt:winapi_thunks.obj
 0001:0000f800       #__acrt_FlsAlloc           0000000140010800 f   libucrt:winapi_thunks.obj
 0001:0000f810       #__acrt_FlsFree            0000000140010810 f   libucrt:winapi_thunks.obj
 0001:0000f820       #__acrt_FlsGetValue        0000000140010820 f   libucrt:winapi_thunks.obj
 0001:0000f830       #__acrt_FlsSetValue        0000000140010830 f   libucrt:winapi_thunks.obj
 0001:0000f840       #__acrt_InitializeCriticalSectionEx 0000000140010840 f   libucrt:winapi_thunks.obj
 0001:0000f850       #__acrt_LCMapStringEx      0000000140010850 f   libucrt:winapi_thunks.obj
 0001:0000f950       #__acrt_LocaleNameToLCID   0000000140010950 f   libucrt:winapi_thunks.obj
 0001:0000f9e0       #__acrt_initialize_winapi_thunks 00000001400109e0 f   libucrt:winapi_thunks.obj
 0001:0000fa20       #__acrt_uninitialize_winapi_thunks 0000000140010a20 f   libucrt:winapi_thunks.obj
 0001:0000fc70       #_fcloseall                0000000140010c70 f   libucrt:closeall.obj
 0001:0000fd38       #__acrt_stdio_flush_nolock 0000000140010d38 f   libucrt:fflush.obj
 0001:0000fdf0       #_fflush_nolock            0000000140010df0 f   libucrt:fflush.obj
 0001:0000feb0       #_flushall                 0000000140010eb0 f   libucrt:fflush.obj
 0001:000100e8       #__acrt_stdio_free_buffer_nolock 00000001400110e8 f   libucrt:_freebuf.obj
 0001:00010150       #__acrt_getptd             0000000140011150 f   libucrt:per_thread_data.obj
 0001:00010180       #__acrt_getptd_head        0000000140011180 f   libucrt:per_thread_data.obj
 0001:000101e0       #__acrt_getptd_noexit      00000001400111e0 f   libucrt:per_thread_data.obj
 0001:00010260       #__acrt_getptd_noexit_explicit 0000000140011260 f   libucrt:per_thread_data.obj
 0001:000102d8       #__acrt_initialize_ptd     00000001400112d8 f   libucrt:per_thread_data.obj
 0001:00010330       #__acrt_uninitialize_ptd   0000000140011330 f   libucrt:per_thread_data.obj
 0001:000106f8       ?internal_get_ptd_head_slow@@$$hYAPEAU__acrt_ptd@@XZ 00000001400116f8 f   libucrt:per_thread_data.obj
 0001:00010838       #__acrt_update_locale_info 0000000140011838 f   libucrt:locale_update.obj
 0001:00010890       #__acrt_update_locale_info_explicit 0000000140011890 f   libucrt:locale_update.obj
 0001:000108f0       #__acrt_update_multibyte_info 00000001400118f0 f   libucrt:locale_update.obj
 0001:00010948       #__acrt_update_multibyte_info_explicit 0000000140011948 f   libucrt:locale_update.obj
 0001:000109a8       #_malloc_base              00000001400119a8 f   libucrt:malloc_base.obj
 0001:00010a20       #__acrt_MultiByteToWideChar 0000000140011a20 f   libucrt:multibytetowidechar.obj
 0001:00010ae0       #_wremove                  0000000140011ae0 f   libucrt:wunlink.obj
 0001:00010b18       #__acrt_LCMapStringA       0000000140011b18 f   libucrt:lcmapstringa.obj
 0001:00010ee0       #__acrt_initialize_locks   0000000140011ee0 f   libucrt:locks.obj
 0001:00010f60       #__acrt_lock               0000000140011f60 f   libucrt:locks.obj
 0001:00010f78       #__acrt_uninitialize_locks 0000000140011f78 f   libucrt:locks.obj
 0001:00010fe0       #__acrt_unlock             0000000140011fe0 f   libucrt:locks.obj
 0001:00010ff8       #__acrt_fp_format          0000000140011ff8 f   libucrt:cvt.obj
 0001:00011d58       #_wctomb_internal          0000000140012d58 f   libucrt:wctomb.obj
 0001:00011f38       #_mbtowc_internal          0000000140012f38 f   libucrt:mbtowc.obj
 0001:000120a0       ?__mblen_utf8@__crt_mbstring@@$$hYAHPEBD@Z 00000001400130a0 f   libucrt:mbrtoc32.obj
 0001:000120f8       ?__mbrtoc32_utf8@__crt_mbstring@@$$hYA_KPEA_UPEBD_KPEAU_Mbstatet@@AEAV__crt_cached_ptd_host@@@Z 00000001400130f8 f   libucrt:mbrtoc32.obj
 0001:000122d8       ?__c16rtomb_utf8@__crt_mbstring@@$$hYA_KPEAD_SPEAU_Mbstatet@@AEAV__crt_cached_ptd_host@@@Z 00000001400132d8 f   libucrt:c16rtomb.obj
 0001:000123a0       ?__mbrtowc_utf8@__crt_mbstring@@$$hYA_KPEA_WPEBD_KPEAU_Mbstatet@@AEAV__crt_cached_ptd_host@@@Z 00000001400133a0 f   libucrt:mbrtowc.obj
 0001:000123f8       ?__mbsrtowcs_utf8@__crt_mbstring@@$$hYA_KPEA_WPEAPEBD_KPEAU_Mbstatet@@AEAV__crt_cached_ptd_host@@@Z 00000001400133f8 f   libucrt:mbrtowc.obj
 0001:000125b0       #_get_printf_count_output  00000001400135b0 f   libucrt:printf_count_output.obj
 0001:000125d8       #_fputc_nolock_internal    00000001400135d8 f   libucrt:fputc.obj
 0001:00012628       #__acrt_should_use_temporary_buffer 0000000140013628 f   libucrt:_sftbuf.obj
 0001:00012698       #__acrt_stdio_begin_temporary_buffering_nolock 0000000140013698 f   libucrt:_sftbuf.obj
 0001:00012788       #__acrt_stdio_end_temporary_buffering_nolock 0000000140013788 f   libucrt:_sftbuf.obj
 0001:000127e8       #_isctype_l                00000001400137e8 f   libucrt:isctype.obj
 0001:000128e8       #_lseeki64                 00000001400138e8 f   libucrt:lseek.obj
 0001:00012960       #_lseeki64_nolock_internal 0000000140013960 f   libucrt:lseek.obj
 0001:00012b90       #_write_internal           0000000140013b90 f   libucrt:write.obj
 0001:00012cf0       #_write_nolock             0000000140013cf0 f   libucrt:write.obj
 0001:00013910       #__acrt_stdio_flush_and_write_narrow_nolock 0000000140014910 f   libucrt:_flsbuf.obj
 0001:00013c08       #_close_internal           0000000140014c08 f   libucrt:close.obj
 0001:00013ce0       #_close_nolock_internal    0000000140014ce0 f   libucrt:close.obj
 0001:00013e50       ?__acrt_stdio_free_stream@@$$hYAXV__crt_stdio_stream@@@Z 0000000140014e50 f   libucrt:stream.obj
 0001:00013e78       #__acrt_initialize_heap    0000000140014e78 f   libucrt:heap_handle.obj
 0001:00013ea8       #__acrt_uninitialize_heap  0000000140014ea8 f   libucrt:heap_handle.obj
 0001:00013ec0       #_msize_base               0000000140014ec0 f   libucrt:msize.obj
 0001:00013f10       #_realloc_base             0000000140014f10 f   libucrt:realloc_base.obj
 0001:00013fb8       #__acrt_expand_narrow_argv_wildcards 0000000140014fb8 f   libucrt:argv_wildcards.obj
 0001:00013fe8       ??$__acrt_convert_wcs_mbs_cp@_WDV<lambda_d8593a27d1aa8c02be35c86a17d324c4>@@U__crt_win32_buffer_internal_dynamic_resizing@@@@$$hYAHQEB_WAEAV?$__crt_win32_buffer@DU__crt_win32_buffer_internal_dynamic_resizing@@@@AEBV<lambda_d8593a27d1aa8c02be35c86a17d324c4>@@I@Z 0000000140014fe8 f i libucrt:argv_wildcards.obj
 0001:00014958       #__acrt_GetModuleFileNameA 0000000140015958 f   libucrt:getmodulefilenamea.obj
 0001:00014a58       ??$__acrt_convert_wcs_mbs_cp@_WDV<lambda_f788ae46380686e8b737efdd8c720d07>@@U__crt_win32_buffer_no_resizing@@@@$$hYAHQEB_WAEAV?$__crt_win32_buffer@DU__crt_win32_buffer_no_resizing@@@@AEBV<lambda_f788ae46380686e8b737efdd8c720d07>@@I@Z 0000000140015a58 f i libucrt:getmodulefilenamea.obj
 0001:00014b70       #__acrt_initialize_multibyte 0000000140015b70 f   libucrt:mbctype.obj
 0001:00014bf0       #__acrt_update_thread_multibyte_data 0000000140015bf0 f   libucrt:mbctype.obj
 0001:00014c20       #_setmbcp_nolock           0000000140015c20 f   libucrt:mbctype.obj
 0001:000155f8       #_ismbblead                00000001400165f8 f   libucrt:ismbbyte.obj
 0001:000156a8       #__acrt_WideCharToMultiByte 00000001400166a8 f   libucrt:widechartomultibyte.obj
 0001:00015790       #__dcrt_get_narrow_environment_from_os 0000000140016790 f   libucrt:get_environment_from_os.obj
 0001:000158b0       #__dcrt_set_variable_in_narrow_environment_nolock 00000001400168b0 f   libucrt:setenv.obj
 0001:00015d20       #__acrt_app_verifier_enabled 0000000140016d20 f   libucrt:peb_access.obj
 0001:00015d38       #__acrt_is_secure_process  0000000140016d38 f   libucrt:peb_access.obj
 0001:00015d58       #__acrt_get_process_end_policy 0000000140016d58 f   libucrt:win_policies.obj
 0001:00015d98       #__acrt_lowio_create_handle_array 0000000140016d98 f   libucrt:osfinfo.obj
 0001:00015e68       #__acrt_lowio_destroy_handle_array 0000000140016e68 f   libucrt:osfinfo.obj
 0001:00015ed0       #__acrt_lowio_ensure_fh_exists 0000000140016ed0 f   libucrt:osfinfo.obj
 0001:00015f98       #__acrt_lowio_lock_fh      0000000140016f98 f   libucrt:osfinfo.obj
 0001:00015fc0       #__acrt_lowio_unlock_fh    0000000140016fc0 f   libucrt:osfinfo.obj
 0001:00015fe8       #_free_osfhnd              0000000140016fe8 f   libucrt:osfinfo.obj
 0001:000160d8       #_get_osfhandle            00000001400170d8 f   libucrt:osfinfo.obj
 0001:00016178       #__acrt_initialize_fmode   0000000140017178 f   libucrt:txtmode.obj
 0001:00016198       #__acrt_locale_free_monetary 0000000140017198 f   libucrt:initmon.obj
 0001:000162d0       #__acrt_locale_free_numeric 00000001400172d0 f   libucrt:initnum.obj
 0001:00016368       #__acrt_locale_free_time   0000000140017368 f   libucrt:inittime.obj
 0001:000164f0       #wcsncmp                   00000001400174f0 f   libucrt:wcsncmp.obj
 0001:00016658       #__acrt_GetStringTypeA     0000000140017658 f   libucrt:getstringtypea.obj
 0001:00016810       #__acrt_add_locale_ref     0000000140017810 f   libucrt:locale_refcounting.obj
 0001:000168c8       #__acrt_free_locale        00000001400178c8 f   libucrt:locale_refcounting.obj
 0001:00016a28       #__acrt_locale_add_lc_time_reference 0000000140017a28 f   libucrt:locale_refcounting.obj
 0001:00016a68       #__acrt_locale_free_lc_time_if_unreferenced 0000000140017a68 f   libucrt:locale_refcounting.obj
 0001:00016ac0       #__acrt_locale_release_lc_time_reference 0000000140017ac0 f   libucrt:locale_refcounting.obj
 0001:00016b00       #__acrt_release_locale_ref 0000000140017b00 f   libucrt:locale_refcounting.obj
 0001:00016bc0       #__acrt_update_thread_locale_data 0000000140017bc0 f   libucrt:locale_refcounting.obj
 0001:00016c40       #_updatetlocinfoEx_nolock  0000000140017c40 f   libucrt:locale_refcounting.obj
 0001:00016cc8       #__acrt_execute_initializers 0000000140017cc8 f   libucrt:shared_initialization.obj
 0001:00016d90       #__acrt_execute_uninitializers 0000000140017d90 f   libucrt:shared_initialization.obj
 0001:00016df8       #__acrt_DownlevelLocaleNameToLCID 0000000140017df8 f   libucrt:lcidtoname_downlevel.obj
 0001:00016eb0       #_commit                   0000000140017eb0 f   libucrt:commit.obj
 0001:00017000       #__strncnt                 0000000140018000 f   libucrt:strncnt.obj
 0001:00017030       #__acrt_fp_strflt_to_string 0000000140018030 f   libucrt:_fptostr.obj
 0001:000172e0       #__acrt_fltout             00000001400182e0 f   libucrt:cfout.obj
 0001:00018548       ?divide@__crt_strtox@@$$hYA_KAEAUbig_integer@1@AEBU21@@Z 0000000140019548 f i libucrt:cfout.obj
 0001:00018930       #fegetround                0000000140019930 f   libucrt:fegetround.obj
 0001:00018958       ?__c32rtomb_utf8@__crt_mbstring@@$$hYA_KPEAD_UPEAU_Mbstatet@@AEAV__crt_cached_ptd_host@@@Z 0000000140019958 f   libucrt:c32rtomb.obj
 0001:00018a38       ?reset_and_return@__crt_mbstring@@$$hYA_K_KPEAU_Mbstatet@@@Z 0000000140019a38 f   libucrt:common_utf8.obj
 0001:00018a48       ?return_illegal_sequence@__crt_mbstring@@$$hYA_KPEAU_Mbstatet@@AEAV__crt_cached_ptd_host@@@Z 0000000140019a48 f   libucrt:common_utf8.obj
 0001:00018a68       #_putwch_nolock            0000000140019a68 f   libucrt:putwch.obj
 0001:00018ab8       #__acrt_stdio_allocate_buffer_nolock 0000000140019ab8 f   libucrt:_getbuf.obj
 0001:00018b48       #__ascii_wcsnicmp          0000000140019b48 f   libucrt:wcsnicmp.obj
 0001:00018d10       #__ascii_strnicmp          0000000140019d10 f   libucrt:strnicmp.obj
 0001:00018ed8       #_strnicmp                 0000000140019ed8 f   libucrt:strnicmp.obj
 0001:00018f10       #_strnicmp_l               0000000140019f10 f   libucrt:strnicmp.obj
 0001:000190b8       #qsort                     000000014001a0b8 f   libucrt:qsort.obj
 0001:00019520       #strncpy_s                 000000014001a520 f   libucrt:strncpy_s.obj
 0001:00019640       #strpbrk                   000000014001a640 f   libucrt:strpbrk.obj
 0001:000196d8       #_mbsdec                   000000014001a6d8 f   libucrt:mbsdec.obj
 0001:000196e8       #_mbsdec_l                 000000014001a6e8 f   libucrt:mbsdec.obj
 0001:000197d0       #_strnicoll                000000014001a7d0 f   libucrt:strnicol.obj
 0001:000197f0       #_strnicoll_l              000000014001a7f0 f   libucrt:strnicol.obj
 0001:000199a0       #__acrt_SetEnvironmentVariableA 000000014001a9a0 f   libucrt:setenvironmentvariablea.obj
 0001:00019b70       #_controlfp_s              000000014001ab70 f   libucrt:contrlfp.obj
 0001:00019c18       #fegetenv                  000000014001ac18 f   libucrt:fegetenv.obj
 0001:00019c58       #fesetenv                  000000014001ac58 f   libucrt:fesetenv.obj
 0001:00019cd8       #feholdexcept              000000014001acd8 f   libucrt:feholdexcept.obj
 0001:00019d48       #log10                     000000014001ad48 f   libucrt:log10.obj
 0001:00019f98       #__acrt_fenv_get_common_round_control 000000014001af98 f   libucrt:_fenvutils.obj
 0001:00019fa8       #__acrt_fenv_get_control   000000014001afa8 f   libucrt:_fenvutils.obj
 0001:0001a0b8       #__acrt_fenv_get_status    000000014001b0b8 f   libucrt:_fenvutils.obj
 0001:0001a130       #__acrt_fenv_set_control   000000014001b130 f   libucrt:_fenvutils.obj
 0001:0001a270       #__acrt_fenv_set_status    000000014001b270 f   libucrt:_fenvutils.obj
 0001:0001a2c8       #__dcrt_lowio_ensure_console_output_initialized 000000014001b2c8 f   libucrt:initcon.obj
 0001:0001a330       #__dcrt_terminate_console_output 000000014001b330 f   libucrt:initcon.obj
 0001:0001a360       #__dcrt_write_console      000000014001b360 f   libucrt:initcon.obj
 0001:0001a428       #__acrt_CompareStringA     000000014001b428 f   libucrt:comparestringa.obj
 0001:0001a850       #_clearfp                  000000014001b850 f   libucrt:ieee.obj
 0001:0001a8c0       #_control87                000000014001b8c0 f   libucrt:ieee.obj
 0001:0001abb8       #_handle_error             000000014001bbb8 f   libucrt:libm_error.obj
 0001:0001ad78       #_handle_nan               000000014001bd78 f   libucrt:libm_error.obj
 0001:0001ad88       #_get_fpsr                 000000014001bd88 f   libucrt:arm64ec_fpsr.obj
 0001:0001ad88       #_mm_getcsr                000000014001bd88 f   softintrin:widemath.obj
 0001:0001add0       #_mm_setcsr                000000014001bdd0 f   softintrin:widemath.obj
 0001:0001add0       #_set_fpsr                 000000014001bdd0 f   libucrt:arm64ec_fpsr.obj
 0001:0001ae10       #_clrfp                    000000014001be10 f   libucrt:fpctrl.obj
 0001:0001ae48       #_ctrlfp                   000000014001be48 f   libucrt:fpctrl.obj
 0001:0001aee0       #_get_fpcsr                000000014001bee0 f   libucrt:fpctrl.obj
 0001:0001af08       #_set_fpcsr                000000014001bf08 f   libucrt:fpctrl.obj
 0001:0001af18       #_set_statfp               000000014001bf18 f   libucrt:fpctrl.obj
 0001:0001af58       #_statfp                   000000014001bf58 f   libucrt:fpctrl.obj
 0001:0001af80       #_raise_exc                000000014001bf80 f   libucrt:fpexcept.obj
 0001:0001af90       #_raise_exc_ex             000000014001bf90 f   libucrt:fpexcept.obj
 0001:0001b3b8       #_set_errno_from_matherr   000000014001c3b8 f   libucrt:fpexcept.obj
 0001:0001b408       #QueryPerformanceCounter   000000014001c408 f   kernel32:KERNEL32.dll
 0001:0001b414       __impchk_QueryPerformanceCounter 000000014001c414 f   kernel32:KERNEL32.dll
 0001:0001b428       #GetSystemTimeAsFileTime   000000014001c428 f   kernel32:KERNEL32.dll
 0001:0001b434       __impchk_GetSystemTimeAsFileTime 000000014001c434 f   kernel32:KERNEL32.dll
 0001:0001b448       #GetCurrentProcessId       000000014001c448 f   kernel32:KERNEL32.dll
 0001:0001b454       __impchk_GetCurrentProcessId 000000014001c454 f   kernel32:KERNEL32.dll
 0001:0001b468       #GetCurrentThreadId        000000014001c468 f   kernel32:KERNEL32.dll
 0001:0001b474       __impchk_GetCurrentThreadId 000000014001c474 f   kernel32:KERNEL32.dll
 0001:0001b488       #InitializeSListHead       000000014001c488 f   kernel32:KERNEL32.dll
 0001:0001b494       __impchk_InitializeSListHead 000000014001c494 f   kernel32:KERNEL32.dll
 0001:0001b4a8       #SetUnhandledExceptionFilter 000000014001c4a8 f   kernel32:KERNEL32.dll
 0001:0001b4b4       __impchk_SetUnhandledExceptionFilter 000000014001c4b4 f   kernel32:KERNEL32.dll
 0001:0001b4c8       #GetModuleHandleW          000000014001c4c8 f   kernel32:KERNEL32.dll
 0001:0001b4d4       __impchk_GetModuleHandleW  000000014001c4d4 f   kernel32:KERNEL32.dll
 0001:0001b4e8       #GetStartupInfoW           000000014001c4e8 f   kernel32:KERNEL32.dll
 0001:0001b4f4       __impchk_GetStartupInfoW   000000014001c4f4 f   kernel32:KERNEL32.dll
 0001:0001b508       #RtlUnwindEx               000000014001c508 f   kernel32:KERNEL32.dll
 0001:0001b514       __impchk_RtlUnwindEx       000000014001c514 f   kernel32:KERNEL32.dll
 0001:0001b528       #RtlLookupFunctionEntry    000000014001c528 f   kernel32:KERNEL32.dll
 0001:0001b534       __impchk_RtlLookupFunctionEntry 000000014001c534 f   kernel32:KERNEL32.dll
 0001:0001b548       #RtlIsEcCode               000000014001c548 f   kernel32:KERNEL32.dll
 0001:0001b554       __impchk_RtlIsEcCode       000000014001c554 f   kernel32:KERNEL32.dll
 0001:0001b568       #RaiseException            000000014001c568 f   kernel32:KERNEL32.dll
 0001:0001b574       __impchk_RaiseException    000000014001c574 f   kernel32:KERNEL32.dll
 0001:0001b588       #RtlPcToFileHeader         000000014001c588 f   kernel32:KERNEL32.dll
 0001:0001b594       __impchk_RtlPcToFileHeader 000000014001c594 f   kernel32:KERNEL32.dll
 0001:0001b5a8       #VerifyVersionInfoW        000000014001c5a8 f   kernel32:KERNEL32.dll
 0001:0001b5b4       __impchk_VerifyVersionInfoW 000000014001c5b4 f   kernel32:KERNEL32.dll
 0001:0001b5c8       #VerSetConditionMask       000000014001c5c8 f   kernel32:KERNEL32.dll
 0001:0001b5d4       __impchk_VerSetConditionMask 000000014001c5d4 f   kernel32:KERNEL32.dll
 0001:0001b5e8       #FlsAlloc                  000000014001c5e8 f   kernel32:KERNEL32.dll
 0001:0001b5f4       __impchk_FlsAlloc          000000014001c5f4 f   kernel32:KERNEL32.dll
 0001:0001b608       #FlsFree                   000000014001c608 f   kernel32:KERNEL32.dll
 0001:0001b614       __impchk_FlsFree           000000014001c614 f   kernel32:KERNEL32.dll
 0001:0001b628       #GetLastError              000000014001c628 f   kernel32:KERNEL32.dll
 0001:0001b634       __impchk_GetLastError      000000014001c634 f   kernel32:KERNEL32.dll
 0001:0001b648       #FlsSetValue               000000014001c648 f   kernel32:KERNEL32.dll
 0001:0001b654       __impchk_FlsSetValue       000000014001c654 f   kernel32:KERNEL32.dll
 0001:0001b668       #FlsGetValue               000000014001c668 f   kernel32:KERNEL32.dll
 0001:0001b674       __impchk_FlsGetValue       000000014001c674 f   kernel32:KERNEL32.dll
 0001:0001b688       #SetLastError              000000014001c688 f   kernel32:KERNEL32.dll
 0001:0001b694       __impchk_SetLastError      000000014001c694 f   kernel32:KERNEL32.dll
 0001:0001b6a8       #EncodePointer             000000014001c6a8 f   kernel32:KERNEL32.dll
 0001:0001b6b4       __impchk_EncodePointer     000000014001c6b4 f   kernel32:KERNEL32.dll
 0001:0001b6c8       #DeleteCriticalSection     000000014001c6c8 f   kernel32:KERNEL32.dll
 0001:0001b6d4       __impchk_DeleteCriticalSection 000000014001c6d4 f   kernel32:KERNEL32.dll
 0001:0001b6e8       #InitializeCriticalSectionEx 000000014001c6e8 f   kernel32:KERNEL32.dll
 0001:0001b6f4       __impchk_InitializeCriticalSectionEx 000000014001c6f4 f   kernel32:KERNEL32.dll
 0001:0001b708       #LeaveCriticalSection      000000014001c708 f   kernel32:KERNEL32.dll
 0001:0001b714       __impchk_LeaveCriticalSection 000000014001c714 f   kernel32:KERNEL32.dll
 0001:0001b728       #EnterCriticalSection      000000014001c728 f   kernel32:KERNEL32.dll
 0001:0001b734       __impchk_EnterCriticalSection 000000014001c734 f   kernel32:KERNEL32.dll
 0001:0001b748       #SetConsoleCtrlHandler     000000014001c748 f   kernel32:KERNEL32.dll
 0001:0001b754       __impchk_SetConsoleCtrlHandler 000000014001c754 f   kernel32:KERNEL32.dll
 0001:0001b768       #QueryPerformanceFrequency 000000014001c768 f   kernel32:KERNEL32.dll
 0001:0001b774       __impchk_QueryPerformanceFrequency 000000014001c774 f   kernel32:KERNEL32.dll
 0001:0001b788       #HeapReAlloc               000000014001c788 f   kernel32:KERNEL32.dll
 0001:0001b794       __impchk_HeapReAlloc       000000014001c794 f   kernel32:KERNEL32.dll
 0001:0001b7a8       #HeapSize                  000000014001c7a8 f   kernel32:KERNEL32.dll
 0001:0001b7b4       __impchk_HeapSize          000000014001c7b4 f   kernel32:KERNEL32.dll
 0001:0001b7c8       #GetModuleFileNameW        000000014001c7c8 f   kernel32:KERNEL32.dll
 0001:0001b7d4       __impchk_GetModuleFileNameW 000000014001c7d4 f   kernel32:KERNEL32.dll
 0001:0001b7e8       #WriteFile                 000000014001c7e8 f   kernel32:KERNEL32.dll
 0001:0001b7f4       __impchk_WriteFile         000000014001c7f4 f   kernel32:KERNEL32.dll
 0001:0001b808       #GetStdHandle              000000014001c808 f   kernel32:KERNEL32.dll
 0001:0001b814       __impchk_GetStdHandle      000000014001c814 f   kernel32:KERNEL32.dll
 0001:0001b828       #FreeLibrary               000000014001c828 f   kernel32:KERNEL32.dll
 0001:0001b834       __impchk_FreeLibrary       000000014001c834 f   kernel32:KERNEL32.dll
 0001:0001b848       #ExitProcess               000000014001c848 f   kernel32:KERNEL32.dll
 0001:0001b854       __impchk_ExitProcess       000000014001c854 f   kernel32:KERNEL32.dll
 0001:0001b868       #GetProcAddress            000000014001c868 f   kernel32:KERNEL32.dll
 0001:0001b874       __impchk_GetProcAddress    000000014001c874 f   kernel32:KERNEL32.dll
 0001:0001b888       #TerminateProcess          000000014001c888 f   kernel32:KERNEL32.dll
 0001:0001b894       __impchk_TerminateProcess  000000014001c894 f   kernel32:KERNEL32.dll
 0001:0001b8a8       #GetModuleHandleExW        000000014001c8a8 f   kernel32:KERNEL32.dll
 0001:0001b8b4       __impchk_GetModuleHandleExW 000000014001c8b4 f   kernel32:KERNEL32.dll
 0001:0001b8c8       #GetCurrentProcess         000000014001c8c8 f   kernel32:KERNEL32.dll
 0001:0001b8d4       __impchk_GetCurrentProcess 000000014001c8d4 f   kernel32:KERNEL32.dll
 0001:0001b8e8       #GetCommandLineA           000000014001c8e8 f   kernel32:KERNEL32.dll
 0001:0001b8f4       __impchk_GetCommandLineA   000000014001c8f4 f   kernel32:KERNEL32.dll
 0001:0001b908       #GetCommandLineW           000000014001c908 f   kernel32:KERNEL32.dll
 0001:0001b914       __impchk_GetCommandLineW   000000014001c914 f   kernel32:KERNEL32.dll
 0001:0001b928       #IsDebuggerPresent         000000014001c928 f   kernel32:KERNEL32.dll
 0001:0001b934       __impchk_IsDebuggerPresent 000000014001c934 f   kernel32:KERNEL32.dll
 0001:0001b948       #UnhandledExceptionFilter  000000014001c948 f   kernel32:KERNEL32.dll
 0001:0001b954       __impchk_UnhandledExceptionFilter 000000014001c954 f   kernel32:KERNEL32.dll
 0001:0001b968       #IsProcessorFeaturePresent 000000014001c968 f   kernel32:KERNEL32.dll
 0001:0001b974       __impchk_IsProcessorFeaturePresent 000000014001c974 f   kernel32:KERNEL32.dll
 0001:0001b988       #RtlVirtualUnwind          000000014001c988 f   kernel32:KERNEL32.dll
 0001:0001b994       __impchk_RtlVirtualUnwind  000000014001c994 f   kernel32:KERNEL32.dll
 0001:0001b9a8       #RtlCaptureContext         000000014001c9a8 f   kernel32:KERNEL32.dll
 0001:0001b9b4       __impchk_RtlCaptureContext 000000014001c9b4 f   kernel32:KERNEL32.dll
 0001:0001b9c8       #GetFileType               000000014001c9c8 f   kernel32:KERNEL32.dll
 0001:0001b9d4       __impchk_GetFileType       000000014001c9d4 f   kernel32:KERNEL32.dll
 0001:0001b9e8       #HeapAlloc                 000000014001c9e8 f   kernel32:KERNEL32.dll
 0001:0001b9f4       __impchk_HeapAlloc         000000014001c9f4 f   kernel32:KERNEL32.dll
 0001:0001ba08       #HeapFree                  000000014001ca08 f   kernel32:KERNEL32.dll
 0001:0001ba14       __impchk_HeapFree          000000014001ca14 f   kernel32:KERNEL32.dll
 0001:0001ba28       #LoadLibraryExW            000000014001ca28 f   kernel32:KERNEL32.dll
 0001:0001ba34       __impchk_LoadLibraryExW    000000014001ca34 f   kernel32:KERNEL32.dll
 0001:0001ba48       #LCMapStringW              000000014001ca48 f   kernel32:KERNEL32.dll
 0001:0001ba54       __impchk_LCMapStringW      000000014001ca54 f   kernel32:KERNEL32.dll
 0001:0001ba68       #VirtualProtect            000000014001ca68 f   kernel32:KERNEL32.dll
 0001:0001ba74       __impchk_VirtualProtect    000000014001ca74 f   kernel32:KERNEL32.dll
 0001:0001ba88       #CompareStringW            000000014001ca88 f   kernel32:KERNEL32.dll
 0001:0001ba94       __impchk_CompareStringW    000000014001ca94 f   kernel32:KERNEL32.dll
 0001:0001baa8       #MultiByteToWideChar       000000014001caa8 f   kernel32:KERNEL32.dll
 0001:0001bab4       __impchk_MultiByteToWideChar 000000014001cab4 f   kernel32:KERNEL32.dll
 0001:0001bac8       #DeleteFileW               000000014001cac8 f   kernel32:KERNEL32.dll
 0001:0001bad4       __impchk_DeleteFileW       000000014001cad4 f   kernel32:KERNEL32.dll
 0001:0001bae8       #SetFilePointerEx          000000014001cae8 f   kernel32:KERNEL32.dll
 0001:0001baf4       __impchk_SetFilePointerEx  000000014001caf4 f   kernel32:KERNEL32.dll
 0001:0001bb08       #GetConsoleMode            000000014001cb08 f   kernel32:KERNEL32.dll
 0001:0001bb14       __impchk_GetConsoleMode    000000014001cb14 f   kernel32:KERNEL32.dll
 0001:0001bb28       #GetConsoleOutputCP        000000014001cb28 f   kernel32:KERNEL32.dll
 0001:0001bb34       __impchk_GetConsoleOutputCP 000000014001cb34 f   kernel32:KERNEL32.dll
 0001:0001bb48       #GetFileSizeEx             000000014001cb48 f   kernel32:KERNEL32.dll
 0001:0001bb54       __impchk_GetFileSizeEx     000000014001cb54 f   kernel32:KERNEL32.dll
 0001:0001bb68       #CloseHandle               000000014001cb68 f   kernel32:KERNEL32.dll
 0001:0001bb74       __impchk_CloseHandle       000000014001cb74 f   kernel32:KERNEL32.dll
 0001:0001bb88       #GetProcessHeap            000000014001cb88 f   kernel32:KERNEL32.dll
 0001:0001bb94       __impchk_GetProcessHeap    000000014001cb94 f   kernel32:KERNEL32.dll
 0001:0001bba8       #FindClose                 000000014001cba8 f   kernel32:KERNEL32.dll
 0001:0001bbb4       __impchk_FindClose         000000014001cbb4 f   kernel32:KERNEL32.dll
 0001:0001bbc8       #FindNextFileW             000000014001cbc8 f   kernel32:KERNEL32.dll
 0001:0001bbd4       __impchk_FindNextFileW     000000014001cbd4 f   kernel32:KERNEL32.dll
 0001:0001bbe8       #FindFirstFileExW          000000014001cbe8 f   kernel32:KERNEL32.dll
 0001:0001bbf4       __impchk_FindFirstFileExW  000000014001cbf4 f   kernel32:KERNEL32.dll
 0001:0001bc08       #IsValidCodePage           000000014001cc08 f   kernel32:KERNEL32.dll
 0001:0001bc14       __impchk_IsValidCodePage   000000014001cc14 f   kernel32:KERNEL32.dll
 0001:0001bc28       #GetACP                    000000014001cc28 f   kernel32:KERNEL32.dll
 0001:0001bc34       __impchk_GetACP            000000014001cc34 f   kernel32:KERNEL32.dll
 0001:0001bc48       #GetCPInfo                 000000014001cc48 f   kernel32:KERNEL32.dll
 0001:0001bc54       __impchk_GetCPInfo         000000014001cc54 f   kernel32:KERNEL32.dll
 0001:0001bc68       #GetOEMCP                  000000014001cc68 f   kernel32:KERNEL32.dll
 0001:0001bc74       __impchk_GetOEMCP          000000014001cc74 f   kernel32:KERNEL32.dll
 0001:0001bc88       #WideCharToMultiByte       000000014001cc88 f   kernel32:KERNEL32.dll
 0001:0001bc94       __impchk_WideCharToMultiByte 000000014001cc94 f   kernel32:KERNEL32.dll
 0001:0001bca8       #GetEnvironmentStringsW    000000014001cca8 f   kernel32:KERNEL32.dll
 0001:0001bcb4       __impchk_GetEnvironmentStringsW 000000014001ccb4 f   kernel32:KERNEL32.dll
 0001:0001bcc8       #FreeEnvironmentStringsW   000000014001ccc8 f   kernel32:KERNEL32.dll
 0001:0001bcd4       __impchk_FreeEnvironmentStringsW 000000014001ccd4 f   kernel32:KERNEL32.dll
 0001:0001bce8       #SetEnvironmentVariableW   000000014001cce8 f   kernel32:KERNEL32.dll
 0001:0001bcf4       __impchk_SetEnvironmentVariableW 000000014001ccf4 f   kernel32:KERNEL32.dll
 0001:0001bd08       #SetStdHandle              000000014001cd08 f   kernel32:KERNEL32.dll
 0001:0001bd14       __impchk_SetStdHandle      000000014001cd14 f   kernel32:KERNEL32.dll
 0001:0001bd28       #GetStringTypeW            000000014001cd28 f   kernel32:KERNEL32.dll
 0001:0001bd34       __impchk_GetStringTypeW    000000014001cd34 f   kernel32:KERNEL32.dll
 0001:0001bd48       #FlushFileBuffers          000000014001cd48 f   kernel32:KERNEL32.dll
 0001:0001bd54       __impchk_FlushFileBuffers  000000014001cd54 f   kernel32:KERNEL32.dll
 0001:0001bd68       #CreateFileW               000000014001cd68 f   kernel32:KERNEL32.dll
 0001:0001bd74       __impchk_CreateFileW       000000014001cd74 f   kernel32:KERNEL32.dll
 0001:0001bd88       #WriteConsoleW             000000014001cd88 f   kernel32:KERNEL32.dll
 0001:0001bd94       __impchk_WriteConsoleW     000000014001cd94 f   kernel32:KERNEL32.dll
 0001:0001bdb0       #__GSHandlerCheck          000000014001cdb0 f   LIBCMT:gshandler_arm64ec.obj
 0001:0001be38       #__GSHandlerCheckCommon_ARM64EC 000000014001ce38 f   LIBCMT:gshandler_arm64ec.obj
 0001:0001be58       #_FindPESection            000000014001ce58 f   LIBCMT:pesect.obj
 0001:0001beb0       #_IsNonwritableInCurrentImage 000000014001ceb0 f   LIBCMT:pesect.obj
 0001:0001bf18       #_ValidateImageBase        000000014001cf18 f   LIBCMT:pesect.obj
 0001:0001bf60       #__GSHandlerCheck_EH       000000014001cf60 f   LIBCMT:gshandlereh_arm64ec.obj
 0001:0001bfc8       #__GSHandlerCheck_EH_ARM64EC 000000014001cfc8 f   LIBCMT:gshandlereh_arm64ec.obj
 0001:0001c060       #__GSHandlerCheckCommon_AMD64 000000014001d060 f   LIBCMT:gshandler_amd64.obj
 0001:0001c0b8       #__GSHandlerCheck_AMD64    000000014001d0b8 f   LIBCMT:gshandler_amd64.obj
 0001:0001c0e8       #__GSHandlerCheck_EH_AMD64 000000014001d0e8 f   LIBCMT:gshandlereh_amd64.obj
 0001:0001c180       #__C_specific_handler_noexcept 000000014001d180 f   libvcruntime:chandler_noexcept.obj
 0001:0001c1f0       #strncpy                   000000014001d1f0 f   libucrt:strncpy.obj
 0001:0001c260       #__os_arm64x_check_icall_thunk 000000014001d260 f   libucrt:cfgcheckthunk_arm64ec.obj
 0001:0001c2a0       #memcmp                    000000014001d2a0 f   libvcruntime:memcmp.obj
 0001:0001c700       #strchr                    000000014001d700 f   libvcruntime:strchr.obj
 0001:0001c800       #memcmp_unaligned          000000014001d800 f   libvcruntime:memcmp_unaligned.obj
 0001:0001c9e0       #memcpy                    000000014001d9e0 f   libvcruntime:memcpy.obj
 0001:0001c9e0       #memmove                   000000014001d9e0 f   libvcruntime:memcpy.obj
 0001:0001ca00       #__memcpy_forward          000000014001da00     libvcruntime:memcpy.obj
 0001:0001ca00       #_memcpy_strict_align      000000014001da00     libvcruntime:memcpy.obj
 0001:0001ca40       __memcpy_forward_large_neon 000000014001da40 f   libvcruntime:memcpy.obj
 0001:0001cb40       __memcpy_reverse           000000014001db40 f   libvcruntime:memcpy.obj
 0001:0001cba0       __memcpy_reverse_large_neon 000000014001dba0 f   libvcruntime:memcpy.obj
 0001:0001ccc0       #memcpy_unaligned          000000014001dcc0 f   libvcruntime:memcpy_unaligned.obj
 0001:0001ccc0       #memmove_unaligned         000000014001dcc0 f   libvcruntime:memcpy_unaligned.obj
 0001:0001ce80       #strcmp_entry_thunk        000000014001de80 f   libucrt:strcmp.obj
 0001:0001cec0       #strcmp                    000000014001dec0 f   libucrt:strcmp.obj
 0001:0001d000       #strncmp_entry_thunk       000000014001e000 f   libucrt:strncmp.obj
 0001:0001d040       #strncmp                   000000014001e040 f   libucrt:strncmp.obj
 0001:0001d200       #wcslen_entry_thunk        000000014001e200 f   libucrt:wcslen.obj
 0001:0001d280       #wcslen                    000000014001e280 f   libucrt:wcslen.obj
 0001:0001d334       #wcsnlen_entry_thunk       000000014001e334 f   libucrt:wcslen.obj
 0001:0001d380       #wcsnlen                   000000014001e380 f   libucrt:wcslen.obj
 0001:0001d4a0       #strnlen_entry_thunk       000000014001e4a0 f   libucrt:strnlen.obj
 0001:0001d4e0       #strnlen                   000000014001e4e0 f   libucrt:strnlen.obj
 0001:0001d5a0       #wcscmp_entry_thunk        000000014001e5a0 f   libucrt:wcscmp.obj
 0001:0001d5e0       #wcscmp                    000000014001e5e0 f   libucrt:wcscmp.obj
 0001:0001d740       #memset                    000000014001e740 f   libvcruntime:memset.obj
 0001:0001d900       #strrchr                   000000014001e900 f   libvcruntime:strrchr.obj
 0001:0001da20       #memset_unaligned_zva_large 000000014001ea20 f   libvcruntime:memset_unaligned_zva_large.obj
 0001:0001db20       #strcpy_entry_thunk        000000014001eb20 f   libucrt:strcpy.obj
 0001:0001db60       #strcpy                    000000014001eb60 f   libucrt:strcpy.obj
 0001:0001dca0       #strlen_entry_thunk        000000014001eca0 f   libucrt:strlen.obj
 0001:0001dce0       #strlen                    000000014001ece0 f   libucrt:strlen.obj
 0001:0001e478       #memcmp$entry_thunk        000000014001f478 f i libvcruntime:arm64ec_string_thunk_decls.obj
 0001:0001e478       #memcpy$entry_thunk        000000014001f478 f i libvcruntime:arm64ec_string_thunk_decls.obj
 0001:0001e478       #memset$entry_thunk        000000014001f478 f i libvcruntime:arm64ec_string_thunk_decls.obj
 0001:0001e478       #strchr$entry_thunk        000000014001f478 f i libvcruntime:arm64ec_string_thunk_decls.obj
 0001:0001e478       #strrchr$entry_thunk       000000014001f478 f i libvcruntime:arm64ec_string_thunk_decls.obj
 0001:0001e478       $ientry_thunk$cdecl$i8$i8  000000014001f478 f i LIBCMT:new_scalar.obj
 0001:0001e478       $ientry_thunk$cdecl$i8$i8i8i8 000000014001f478 f i LIBCMT:throw_bad_alloc.obj
 0001:0001e478       $ientry_thunk$cdecl$i8$i8i8i8i8 000000014001f478 f i libvcruntime:risctrnsctrl.obj
 0001:0001e4c8       $ientry_thunk$cdecl$d$d    000000014001f4c8 f i libucrt:log10.obj
 0001:0001e4c8       $ientry_thunk$cdecl$d$i8   000000014001f4c8 f i libucrt:libm_error.obj
 0001:0001e4c8       $ientry_thunk$cdecl$v$i8i8i8 000000014001f4c8 f i LIBCMT:gs_report.obj
 0001:0001e4c8       $ientry_thunk$cdecl$v$i8i8i8i8 000000014001f4c8 f i libvcruntime:riscchandler.obj
 0001:0001e4c8       $ientry_thunk$cdecl$v$m8   000000014001f4c8 f i libucrt:fseek.obj
 0001:0001e4c8       $ientry_thunk$cdecl$v$v    000000014001f4c8 f i LIBCMT:exe_main.obj
 0001:0001e518       $ientry_thunk$cdecl$i8$i8i8i8i8i8i8 000000014001f518 f i LIBCMT:utility.obj
 0001:0001e570       $ientry_thunk$cdecl$i8$i8i8i8i8i8 000000014001f570 f i libvcruntime:risctrnsctrl.obj
 0001:0001e5c8       $ientry_thunk$cdecl$i8$i8i8i8i8i8i8i8i8 000000014001f5c8 f i libvcruntime:risctrnsctrl.obj
 0001:0001e620       $ientry_thunk$cdecl$v$i8i8i8i8i8i8i8i8i8i8i8 000000014001f620 f i libvcruntime:risctrnsctrl.obj
 0001:0001e698       $iexit_thunk$cdecl$i8$i8i8i8i8i8i8i8i8 000000014001f698 f i libvcruntime:risctrnsctrl.obj
 0001:0001e6d0       $iexit_thunk$cdecl$v$i8i8i8i8i8i8 000000014001f6d0 f i libvcruntime:risctrnsctrl.obj
 0001:0001e700       $iexit_thunk$cdecl$i8$i8i8i8i8i8i8 000000014001f700 f i libvcruntime:std_type_info.obj
 0001:0001e738       $ientry_thunk$cdecl$v$i8i8i8i8i8 000000014001f738 f i libvcruntime:frame.obj
 0001:0001e788       $ientry_thunk$cdecl$i8$i8i8i8i8i8i8i8 000000014001f788 f i libvcruntime:undname.obj
 0001:0001e7e0       $iexit_thunk$cdecl$i8$i8i8i8i8i8i8i8 000000014001f7e0 f i libvcruntime:undname.obj
 0001:0001e818       $iexit_thunk$cdecl$i8$i8i8i8i8i8i8i8i8i8 000000014001f818 f i libucrt:tolower_toupper.obj
 0001:0001e858       $ientry_thunk$cdecl$v$i8i8i8i8i8i8 000000014001f858 f i libucrt:report_runtime_error.obj
 0001:0001e8a8       $ientry_thunk$cdecl$i8$i8i8i8i8i8i8i8i8i8 000000014001f8a8 f i libucrt:winapi_thunks.obj
 0001:0001e910       $ientry_thunk$cdecl$i8$i8i8i8i8i8i8i8i8i8i8 000000014001f910 f i libucrt:cvt.obj
 0001:0001e980       $ientry_thunk$cdecl$i8$D8i8i8i8i8i8 000000014001f980 f i libucrt:cfout.obj
[...]
 0003:0000e21c       $unwind$#__acrt_GetModuleFileNameA 000000014003021c     libucrt:getmodulefilenamea.obj
 0003:0000e230       $unwind$??$common_lseek@_J@@$$hYA_JH_JHAEAV__crt_cached_ptd_host@@@Z 0000000140030230     libucrt:lseek.obj
 0003:0000e25c       $unwind$#_write_nolock     000000014003025c     libucrt:write.obj
 0003:0000e274       $unwind$#_write_internal   0000000140030274     libucrt:write.obj
 0003:0000e2a0       $unwind$?write_double_translated_ansi_nolock@@$$hYA?AUwrite_result@?A0x17268360@@HQEBDIAEAV__crt_cached_ptd_host@@@Z 00000001400302a0     libucrt:write.obj
 0003:0000e2c0       $ip2state$?write_double_translated_ansi_nolock@@$$hYA?AUwrite_result@?A0x17268360@@HQEBDIAEAV__crt_cached_ptd_host@@@Z 00000001400302c0     libucrt:write.obj
 0003:0000e2c8       $unwind$?write_text_ansi_nolock@@$$hYA?AUwrite_result@?A0x17268360@@HQEBDI@Z 00000001400302c8     libucrt:write.obj
 0003:0000e2e0       $unwind$?write_text_utf16le_nolock@@$$hYA?AUwrite_result@?A0x17268360@@HQEBDI@Z 00000001400302e0     libucrt:write.obj
 0003:0000e2f8       $unwind$?write_text_utf8_nolock@@$$hYA?AUwrite_result@?A0x17268360@@HQEBDI@Z 00000001400302f8     libucrt:write.obj
 0003:0000e310       $unwind$??$?RV<lambda_ad8af0d99a0adf03d037d7dffe354bb5>@@AEAV<lambda_c9ba49e555ba839a7b07aa3fbecb7617>@@V<lambda_2f1ebd5d68526518146ae959c9e734c8>@@@?$__crt_seh_guarded_call@H@@$$hQEAAH$$QEAV<lambda_ad8af0d99a0adf03d037d7dffe354bb5>@@AEAV<lambda_c9ba49e555ba839a7b07aa3fbecb7617>@@$$QEAV<lambda_2f1ebd5d68526518146ae959c9e734c8>@@@Z 0000000140030310     libucrt:close.obj
 0003:0000e334       $unwind$??$__acrt_convert_wcs_mbs_cp@_WDV<lambda_d8593a27d1aa8c02be35c86a17d324c4>@@U__crt_win32_buffer_internal_dynamic_resizing@@@@$$hYAHQEB_WAEAV?$__crt_win32_buffer@DU__crt_win32_buffer_internal_dynamic_resizing@@@@AEBV<lambda_d8593a27d1aa8c02be35c86a17d324c4>@@I@Z 0000000140030334     libucrt:argv_wildcards.obj
 0003:0000e344       $unwind$??$common_expand_argv_wildcards@D@@$$hYAHQEAPEADQEAPEAPEAD@Z 0000000140030344     libucrt:argv_wildcards.obj
 0003:0000e358       $unwind$??$copy_and_add_argument_to_buffer@D@@$$hYAHQEBD0_KAEAV?$argument_list@D@?A0x5f5c8891@@@Z 0000000140030358     libucrt:argv_wildcards.obj
 0003:0000e36c       $unwind$??$expand_argument_wildcards@D@@$$hYAHQEAD0AEAV?$argument_list@D@?A0x5f5c8891@@@Z 000000014003036c     libucrt:argv_wildcards.obj
 0003:0000e388       $unwind$#_setmbcp_nolock   0000000140030388     libucrt:mbctype.obj
 0003:0000e3a0       $unwind$?update_thread_multibyte_data_internal@@$$hYAPEAU__crt_multibyte_data@@QEAU__acrt_ptd@@QEAPEAU1@@Z 00000001400303a0     libucrt:mbctype.obj
 0003:0000e3c8       $unwind$?setmbcp_internal@@$$hYAHH_NQEAU__acrt_ptd@@QEAPEAU__crt_multibyte_data@@@Z 00000001400303c8     libucrt:mbctype.obj
 0003:0000e3d8       $unwind$?setSBUpLow@@$$hYAXPEAU__crt_multibyte_data@@@Z 00000001400303d8     libucrt:mbctype.obj
 0003:0000e3ec       $unwind$??$?RV<lambda_02cf5739262d69a1213dc2ddccba8639>@@AEAV<lambda_52243bf163346cbe608cc78d522d7940>@@V<lambda_10d8082b4a6b7e7a7bd3510816b60425>@@@?$__crt_seh_guarded_call@X@@$$hQEAAX$$QEAV<lambda_02cf5739262d69a1213dc2ddccba8639>@@AEAV<lambda_52243bf163346cbe608cc78d522d7940>@@$$QEAV<lambda_10d8082b4a6b7e7a7bd3510816b60425>@@@Z 00000001400303ec     libucrt:mbctype.obj
 0003:0000e410       $unwind$??$common_set_variable_in_environment_nolock@D@@$$hYAHQEADH@Z 0000000140030410     libucrt:setenv.obj
 0003:0000e424       $unwind$??$copy_environment@D@@$$hYAPEAPEADQEAPEAD@Z 0000000140030424     libucrt:setenv.obj
 0003:0000e434       $unwind$#_free_osfhnd      0000000140030434     libucrt:osfinfo.obj
 0003:0000e444       $unwind$#__acrt_lowio_create_handle_array 0000000140030444     libucrt:osfinfo.obj
 0003:0000e454       $unwind$#__acrt_lowio_ensure_fh_exists 0000000140030454     libucrt:osfinfo.obj
 0003:0000e490       $unwind$#__acrt_GetStringTypeA 0000000140030490     libucrt:getstringtypea.obj
 0003:0000e4a8       $unwind$#__acrt_free_locale 00000001400304a8     libucrt:locale_refcounting.obj
 0003:0000e4b8       $unwind$#__acrt_update_thread_locale_data 00000001400304b8     libucrt:locale_refcounting.obj
 0003:0000e4e0       #wcscmp_entry_thunk_xdata  00000001400304e0     libucrt:wcscmp.obj
 0003:0000e4e8       #wcscmp_entry_thunk_xdata_prolog 00000001400304e8     libucrt:wcscmp.obj
 0003:0000e4eb       #wcscmp_entry_thunk_xdata_epilog1 00000001400304eb     libucrt:wcscmp.obj
 0003:0000e4f0       #wcscmp_entry_thunk_xdata_end 00000001400304f0     libucrt:wcscmp.obj
 0003:0000e4f0       #wcscmp_xdata              00000001400304f0     libucrt:wcscmp.obj
 0003:0000e4f4       #wcscmp_xdata_prolog       00000001400304f4     libucrt:wcscmp.obj
 0003:0000e4f8       $xdatasym                  00000001400304f8     libucrt:guard_dispatch.obj
 0003:0000e4f8       #wcscmp_xdata_end          00000001400304f8     libucrt:wcscmp.obj
 0003:0000e500       $xdatasym                  0000000140030500     libucrt:guard_xfg_dispatch.obj
 0003:0000e504       $unwind$#__acrt_DownlevelLocaleNameToLCID 0000000140030504     libucrt:lcidtoname_downlevel.obj
 0003:0000e518       $unwind$??$?RV<lambda_a37b2b86f63e897a80ea819b0eb08c01>@@AEAV<lambda_38ce7e780aa69e748d6df282ebc68efe>@@V<lambda_99fb1378e971ab6e7edea83e3a7a83a2>@@@?$__crt_seh_guarded_call@H@@$$hQEAAH$$QEAV<lambda_a37b2b86f63e897a80ea819b0eb08c01>@@AEAV<lambda_38ce7e780aa69e748d6df282ebc68efe>@@$$QEAV<lambda_99fb1378e971ab6e7edea83e3a7a83a2>@@@Z 0000000140030518     libucrt:commit.obj
 0003:0000e53c       $unwind$$ientry_thunk$cdecl$i8$D8i8i8i8i8i8 000000014003053c     libucrt:cfout.obj
 0003:0000e564       $unwind$#__acrt_fltout     0000000140030564     libucrt:cfout.obj
 0003:0000e584       $unwind$?divide@__crt_strtox@@$$hYA_KAEAUbig_integer@1@AEBU21@@Z 0000000140030584     libucrt:cfout.obj
 0003:0000e5a4       $unwind$#memcpy_s          00000001400305a4     libucrt:cfout.obj
 0003:0000e5b4       $unwind$#_strnicmp_l       00000001400305b4     libucrt:strnicmp.obj
 0003:0000e5cc       $unwind$#qsort             00000001400305cc     libucrt:qsort.obj
 0003:0000e5e8       $unwind$#strncpy_s         00000001400305e8     libucrt:strncpy_s.obj
 0003:0000e604       $unwind$#strpbrk           0000000140030604     libucrt:strpbrk.obj
 0003:0000e614       $unwind$#__acrt_SetEnvironmentVariableA 0000000140030614     libucrt:setenvironmentvariablea.obj
 0003:0000e624       $unwind$#_controlfp_s      0000000140030624     libucrt:contrlfp.obj
 0003:0000e63c       $unwind$#fesetenv          000000014003063c     libucrt:fesetenv.obj
 0003:0000e650       $unwind$#feholdexcept      0000000140030650     libucrt:feholdexcept.obj
 0003:0000e664       $unwind$#__acrt_fenv_set_control 0000000140030664     libucrt:_fenvutils.obj
 0003:0000e674       $unwind$#__dcrt_write_console 0000000140030674     libucrt:initcon.obj
 0003:0000e684       #__os_arm64x_check_icall_thunk_xdata 0000000140030684     libucrt:cfgcheckthunk_arm64ec.obj
 0003:0000e688       #__os_arm64x_check_icall_thunk_xdata_prolog 0000000140030688     libucrt:cfgcheckthunk_arm64ec.obj
 0003:0000e68c       #__os_arm64x_check_icall_thunk_xdata_end 000000014003068c     libucrt:cfgcheckthunk_arm64ec.obj
 0003:0000e68c       $unwind$#__acrt_CompareStringA 000000014003068c     libucrt:comparestringa.obj
 0003:0000e69c       $unwind$?InternalCompareStringA@@$$hYAHPEAU__crt_locale_pointers@@PEB_WKPEBDH2HH@Z 000000014003069c     libucrt:comparestringa.obj
 0003:0000e6b8       $unwind$#common_control87  00000001400306b8     libucrt:ieee.obj
 0003:0000e6e8       $unwind$#_ctrlfp$filt$0    00000001400306e8     libucrt:fpctrl.obj
 0003:0000e6e8       $unwind$#common_control87$filt$0 00000001400306e8     libucrt:ieee.obj
 0003:0000e6f4       $unwind$#_handle_error     00000001400306f4     libucrt:libm_error.obj
 0003:0000e710       $unwind$#_ctrlfp           0000000140030710     libucrt:fpctrl.obj
 0003:0000e734       $unwind$#_set_errno_from_matherr 0000000140030734     libucrt:fpexcept.obj
 0003:0000e744       $unwind$#_raise_exc_ex     0000000140030744     libucrt:fpexcept.obj
 0003:0000e758       #__security_push_cookie_xdata 0000000140030758     LIBCMT:secpushpop.obj
 0003:0000e760       #__security_push_cookie_xdata_prolog 0000000140030760     LIBCMT:secpushpop.obj
 0003:0000e762       #__security_push_cookie_xdata_epilog1 0000000140030762     LIBCMT:secpushpop.obj
 0003:0000e764       #__security_pop_cookie_xdata 0000000140030764     LIBCMT:secpushpop.obj
 0003:0000e764       #__security_push_cookie_xdata_end 0000000140030764     LIBCMT:secpushpop.obj
 0003:0000e76c       #__security_pop_cookie_xdata_prolog 000000014003076c     LIBCMT:secpushpop.obj
 0003:0000e76d       #__security_pop_cookie_xdata_epilog1 000000014003076d     LIBCMT:secpushpop.obj
 0003:0000e774       #__ppgsfailure_xdata       0000000140030774     LIBCMT:secpushpop.obj
 0003:0000e774       #__security_pop_cookie_xdata_end 0000000140030774     LIBCMT:secpushpop.obj
 0003:0000e77c       #__ppgsfailure_xdata_prolog 000000014003077c     LIBCMT:secpushpop.obj
 0003:0000e77f       #__ppgsfailure_xdata_epilog1 000000014003077f     LIBCMT:secpushpop.obj
 0003:0000e784       $unwind$#_IsNonwritableInCurrentImage 0000000140030784     LIBCMT:pesect.obj
 0003:0000e784       #__ppgsfailure_xdata_end   0000000140030784     LIBCMT:secpushpop.obj
 0003:0000e7a8       $unwind$#_IsNonwritableInCurrentImage$filt$0 00000001400307a8     LIBCMT:pesect.obj
 0003:0000e7b4       #__chkstk_arm64ec_xdata    00000001400307b4     LIBCMT:chkstk_arm64ec.obj
 0003:0000e7b8       #__chkstk_arm64ec_xdata_prolog 00000001400307b8     LIBCMT:chkstk_arm64ec.obj
 0003:0000e7bc       #__os_arm64x_direct_check_icall_cfg_xdata 00000001400307bc     LIBCMT:callhelperthunks.obj
 0003:0000e7bc       #__chkstk_arm64ec_xdata_end 00000001400307bc     LIBCMT:chkstk_arm64ec.obj
 0003:0000e7c0       #__os_arm64x_direct_check_icall_cfg_xdata_prolog 00000001400307c0     LIBCMT:callhelperthunks.obj
 0003:0000e7c4       #__os_arm64x_direct_check_icall_cfg_xdata_end 00000001400307c4     LIBCMT:callhelperthunks.obj
 0003:0000e7c4       #__os_arm64x_direct_check_icall_xdata 00000001400307c4     LIBCMT:callhelperthunks.obj
 0003:0000e7c8       #__os_arm64x_direct_check_icall_xdata_prolog 00000001400307c8     LIBCMT:callhelperthunks.obj
 0003:0000e7cc       #__os_arm64x_direct_check_call_xdata 00000001400307cc     LIBCMT:callhelperthunks.obj
 0003:0000e7cc       #__os_arm64x_direct_check_icall_xdata_end 00000001400307cc     LIBCMT:callhelperthunks.obj
 0003:0000e7d0       #__os_arm64x_direct_check_call_xdata_prolog 00000001400307d0     LIBCMT:callhelperthunks.obj
 0003:0000e7d4       #__os_arm64x_direct_check_call_xdata_end 00000001400307d4     LIBCMT:callhelperthunks.obj
 0003:0000e7d4       $unwind$#__GSHandlerCheck_EH_AMD64 00000001400307d4     LIBCMT:gshandlereh_amd64.obj
 0003:0000e7d4       $unwind$#__GSHandlerCheck_EH_ARM64EC 00000001400307d4     LIBCMT:gshandlereh_arm64ec.obj
 0003:0000e7e4       __icall_helper_arm64ec_xdata 00000001400307e4     LIBCMT:icall_helper_arm64ec.obj
 0003:0000e7ec       __icall_helper_arm64ec_xdata_prolog 00000001400307ec     LIBCMT:icall_helper_arm64ec.obj
 0003:0000e7ef       __icall_helper_arm64ec_xdata_epilog1 00000001400307ef     LIBCMT:icall_helper_arm64ec.obj
 0003:0000e7f4       __icall_helper_arm64ec_xdata_end 00000001400307f4     LIBCMT:icall_helper_arm64ec.obj
 0003:0000e7f4       $unwind$#__C_specific_handler_noexcept 00000001400307f4     libvcruntime:chandler_noexcept.obj
 0003:0000e804       #memset_xdata              0000000140030804     libvcruntime:memset.obj
 0003:0000e808       #memset_xdata_prolog       0000000140030808     libvcruntime:memset.obj
 0003:0000e80c       #memset_xdata_end          000000014003080c     libvcruntime:memset.obj
 0003:0000e80c       #strrchr_xdata             000000014003080c     libvcruntime:strrchr.obj
 0003:0000e814       #strrchr_xdata_prolog      0000000140030814     libvcruntime:strrchr.obj
 0003:0000e81b       #strrchr_xdata_epilog1     000000014003081b     libvcruntime:strrchr.obj
 0003:0000e824       #memset_unaligned_zva_large_xdata 0000000140030824     libvcruntime:memset_unaligned_zva_large.obj
 0003:0000e824       #strrchr_xdata_end         0000000140030824     libvcruntime:strrchr.obj
 0003:0000e828       #memset_unaligned_zva_large_xdata_prolog 0000000140030828     libvcruntime:memset_unaligned_zva_large.obj
 0003:0000e82c       $unwind$$ientry_thunk$cdecl$i8$i8i8 000000014003082c     Carve.obj
 0003:0000e82c       $unwind$$ientry_thunk$cdecl$i8$v 000000014003082c     Carve.obj
 0003:0000e82c       #memset_unaligned_zva_large_xdata_end 000000014003082c     libvcruntime:memset_unaligned_zva_large.obj
 0003:0000e850       $unwind$$ientry_thunk$cdecl$v$i8 0000000140030850     Carve.obj
 0003:0000e850       $unwind$$ientry_thunk$cdecl$v$i8i8 0000000140030850     Carve.obj
 0003:0000e874       $unwind$$iexit_thunk$cdecl$i8$varargs 0000000140030874     Carve.obj
 0003:0000e884       #strcpy_entry_thunk_xdata  0000000140030884     libucrt:strcpy.obj
 0003:0000e88c       #strcpy_entry_thunk_xdata_prolog 000000014003088c     libucrt:strcpy.obj
 0003:0000e88f       #strcpy_entry_thunk_xdata_epilog1 000000014003088f     libucrt:strcpy.obj
 0003:0000e894       #strcpy_entry_thunk_xdata_end 0000000140030894     libucrt:strcpy.obj
 0003:0000e894       #strcpy_xdata              0000000140030894     libucrt:strcpy.obj
 0003:0000e898       #strcpy_xdata_prolog       0000000140030898     libucrt:strcpy.obj
 0003:0000e89c       #strcpy_xdata_end          000000014003089c     libucrt:strcpy.obj
 0003:0000e89c       #strlen_entry_thunk_xdata  000000014003089c     libucrt:strlen.obj
 0003:0000e8a4       #strlen_entry_thunk_xdata_prolog 00000001400308a4     libucrt:strlen.obj
 0003:0000e8a7       #strlen_entry_thunk_xdata_epilog1 00000001400308a7     libucrt:strlen.obj
 0003:0000e8ac       #strlen_entry_thunk_xdata_end 00000001400308ac     libucrt:strlen.obj
 0003:0000e8ac       #strlen_xdata              00000001400308ac     libucrt:strlen.obj
 0003:0000e8b0       #strlen_xdata_prolog       00000001400308b0     libucrt:strlen.obj
 0003:0000e8b4       #strlen_xdata_end          00000001400308b4     libucrt:strlen.obj
 0003:0000f246       .idata$6                   0000000140031246     kernel32:KERNEL32.dll
 0004:00000054       ?__vcrt_flsindex@@3KA      0000000140033054     libvcruntime:per_thread_data.obj
 0004:0000016c       ?errno_no_memory@@3HA      000000014003316c     libucrt:errno.obj
 0004:00000170       ?doserrno_no_memory@@3KA   0000000140033170     libucrt:errno.obj
 0004:000001c8       ?__acrt_flsindex@@3KA      00000001400331c8     libucrt:per_thread_data.obj
 0004:00000670       _mbctypes                  0000000140033670     libucrt:mbctype.obj
 0004:00000780       _mbcasemaps                0000000140033780     libucrt:mbctype.obj
 0004:00000880       ?__rgctypeflag@@3PADA      0000000140033880     libucrt:mbctype.obj
 0004:00000890       ?__rgcode_page_info@@3PAUcode_page_info@@A 0000000140033890     libucrt:mbctype.obj
 0004:00000a30       ?__dcrt_lowio_console_output_handle@@3PEAXEA 0000000140033a30     libucrt:initcon.obj
 0004:00000a38       ?dazSupported@?1??common_control87@@9@9 0000000140033a38     libucrt:ieee.obj
 0004:00000a39       ?dazSupported@?1??_ctrlfp@@9@9 0000000140033a39     libucrt:fpctrl.obj
 0004:00000bf0       ?is_initialized_as_dll@@3_NA 0000000140033bf0     LIBCMT:utility.obj
 0004:00000bf8       ?module_local_atexit_table@@3U_onexit_table_t@@A 0000000140033bf8     LIBCMT:utility.obj
 0004:00000c10       ?module_local_at_quick_exit_table@@3U_onexit_table_t@@A 0000000140033c10     LIBCMT:utility.obj
 0004:00000c28       ?module_local_atexit_table_initialized@@3_NA 0000000140033c28     LIBCMT:utility.obj
 0004:00000c60       ?__vcrt_startup_thread_ptd@@3U__vcrt_ptd@@A 0000000140033c60     libvcruntime:per_thread_data.obj
 0004:00000ce0       __vcrt_lock_table          0000000140033ce0     libvcruntime:locks.obj
 0004:00000d08       __vcrt_locks_initialized   0000000140033d08     libvcruntime:locks.obj
 0004:00000d28       ?ctrlc_action@@3V?$dual_state_global@P6AXH@Z@__crt_state_management@@A 0000000140033d28     libucrt:signal.obj
 0004:00000d30       ?ctrlbreak_action@@3V?$dual_state_global@P6AXH@Z@__crt_state_management@@A 0000000140033d30     libucrt:signal.obj
 0004:00000d38       ?abort_action@@3V?$dual_state_global@P6AXH@Z@__crt_state_management@@A 0000000140033d38     libucrt:signal.obj
 0004:00000d40       ?term_action@@3V?$dual_state_global@P6AXH@Z@__crt_state_management@@A 0000000140033d40     libucrt:signal.obj
 0004:00000d48       ?console_ctrl_handler_installed@@3_NA 0000000140033d48     libucrt:signal.obj
 0004:00000d50       ?source_frequency@@3_JA    0000000140033d50     libucrt:clock.obj
 0004:00000d58       ?start_count@@3_JA         0000000140033d58     libucrt:clock.obj
 0004:00000d60       ?__acrt_new_handler@@3V?$dual_state_global@P6AH_K@Z@__crt_state_management@@A 0000000140033d60     libucrt:new_handler.obj
 0004:00000d68       ?__acrt_app_type@@3W4_crt_app_type@@A 0000000140033d68     libucrt:report_runtime_error.obj
 0004:00000d70       ?user_matherr@@3V?$dual_state_global@P6AHPEAU_exception@@@Z@__crt_state_management@@A 0000000140033d70     libucrt:matherr.obj
 0004:00000d80       ?program_name@?1???$common_configure_argv@D@@YAHW4_crt_argv_mode@@@Z@4PADA 0000000140033d80     libucrt:argv_parsing.obj
 0004:00000ea8       ?c_termination_complete@@3JA 0000000140033ea8     libucrt:exit.obj
 0004:00000eb0       ?thread_local_exit_callback_func@@3P6AXPEAXK0@ZEA 0000000140033eb0     libucrt:exit.obj
 0004:00000eb8       ?c_exit_complete@?1???R<lambda_78032e527192fa3a2ab4b98500535d39>@@QEBA@XZ@4_NA 0000000140033eb8     libucrt:exit.obj
 0004:00000eec       ?__acrt_global_new_mode@@3V?$dual_state_global@J@__crt_state_management@@A 0000000140033eec     libucrt:new_mode.obj
 0004:00000f28       ?__acrt_invalid_parameter_handler@@3V?$dual_state_global@P6AXPEB_W00I_K@Z@__crt_state_management@@A 0000000140033f28     libucrt:invalid_parameter.obj
 0004:00001340       ?module_handles@@3PAPEAUHINSTANCE__@@A 0000000140034340     libucrt:winapi_thunks.obj
 0004:00001410       ?__acrt_lock_table@@3PAU_RTL_CRITICAL_SECTION@@A 0000000140034410     libucrt:locks.obj
 0004:00001668       ?__acrt_locks_initialized@@3IA 0000000140034668     libucrt:locks.obj
 0004:00001670       ?internal_state@?1??_mbtowc_internal@@9@4U_Mbstatet@@A 0000000140034670     libucrt:mbtowc.obj
 0004:00001678       ?internal_pst@?1??__mbrtoc32_utf8@__crt_mbstring@@YA_KPEA_UPEBD_KPEAU_Mbstatet@@AEAV__crt_cached_ptd_host@@@Z@4U3@A 0000000140034678     libucrt:mbrtoc32.obj
 0004:00001680       ?internal_pst@?1??__c16rtomb_utf8@__crt_mbstring@@YA_KPEAD_SPEAU_Mbstatet@@AEAV__crt_cached_ptd_host@@@Z@4U3@A 0000000140034680     libucrt:c16rtomb.obj
 0004:00001688       ?enable_percent_n@@3_KA    0000000140034688     libucrt:printf_count_output.obj
 0004:000016c0       ?fSystemSet@@3HA           00000001400346c0     libucrt:mbctype.obj
 0004:000016c4       ?initialized@?1??__acrt_initialize_multibyte@@9@4_NA 00000001400346c4     libucrt:mbctype.obj
 0004:000016f8       ?CurrModHandle@@3GA        00000001400346f8     distrib.obj
 0004:00001700       ?ModTable@@3PEAPEAUmod_entry@@EA 0000000140034700     distrib.obj
 0004:00001708       ?ArcBuffer@@3PEAUarcdata@@EA 0000000140034708     distrib.obj
 0004:000018ac       ?ClockTicks@@3JA           00000001400348ac     Linker.obj
 0004:000018d8       ?EData@@3U<unnamed-type-EData>@@A 00000001400348d8     loadpe.obj
 0004:000018e0       ?IData@@3U<unnamed-type-IData>@@A 00000001400348e0     loadpe.obj
 0004:00001900       ?permDataLocal@@3PEAVPermData@@EA 0000000140034900     PermData.obj
 0006:00000000       ?function_pointers@@3PAPEAXA 0000000140037000     libucrt:winapi_thunks.obj
 0008:00000060       $R000000                   0000000140039060     * linker generated manifest res *
