c:\projects\osdev\projectjarvis\research\jwasm\bin\tools\intermediate\linker\release\arm64\linker.pch
c:\projects\osdev\projectjarvis\research\jwasm\bin\tools\intermediate\linker\release\arm64\pch.obj
c:\projects\osdev\projectjarvis\research\jwasm\bin\tools\intermediate\linker\release\arm64\loadfile.obj
c:\projects\osdev\projectjarvis\research\jwasm\bin\tools\intermediate\linker\release\arm64\libr.obj
c:\projects\osdev\projectjarvis\research\jwasm\bin\tools\intermediate\linker\release\arm64\linkerutils.obj
c:\projects\osdev\projectjarvis\research\jwasm\bin\tools\intermediate\linker\release\arm64\linker.obj
c:\projects\osdev\projectjarvis\research\jwasm\bin\tools\intermediate\linker\release\arm64\hashtable.obj
c:\projects\osdev\projectjarvis\research\jwasm\bin\tools\intermediate\linker\release\arm64\globals.obj
c:\projects\osdev\projectjarvis\research\jwasm\bin\tools\intermediate\linker\release\arm64\filesubsystem.obj
c:\projects\osdev\projectjarvis\research\jwasm\bin\tools\intermediate\linker\release\arm64\distrib.obj
c:\projects\osdev\projectjarvis\research\jwasm\bin\tools\intermediate\linker\release\arm64\dbgall.obj
c:\projects\osdev\projectjarvis\research\jwasm\bin\tools\intermediate\linker\release\arm64\comdef.obj
c:\projects\osdev\projectjarvis\research\jwasm\bin\tools\intermediate\linker\release\arm64\cmdwinos2.obj
c:\projects\osdev\projectjarvis\research\jwasm\bin\tools\intermediate\linker\release\arm64\cmdutils.obj
c:\projects\osdev\projectjarvis\research\jwasm\bin\tools\intermediate\linker\release\arm64\cmdqnx.obj
c:\projects\osdev\projectjarvis\research\jwasm\bin\tools\intermediate\linker\release\arm64\cmdplatform.obj
c:\projects\osdev\projectjarvis\research\jwasm\bin\tools\intermediate\linker\release\arm64\cmdpharlap.obj
c:\projects\osdev\projectjarvis\research\jwasm\bin\tools\intermediate\linker\release\arm64\cmdnovell.obj
c:\projects\osdev\projectjarvis\research\jwasm\bin\tools\intermediate\linker\release\arm64\cmdline.obj
c:\projects\osdev\projectjarvis\research\jwasm\bin\tools\intermediate\linker\release\arm64\cmdelf.obj
c:\projects\osdev\projectjarvis\research\jwasm\bin\tools\intermediate\linker\release\arm64\cmdall.obj
c:\projects\osdev\projectjarvis\research\jwasm\bin\tools\intermediate\linker\release\arm64\carve.obj
c:\projects\osdev\projectjarvis\research\jwasm\bin\tools\intermediate\linker\release\arm64\ring.obj
c:\projects\osdev\projectjarvis\research\jwasm\bin\tools\intermediate\linker\release\arm64\reloc.obj
c:\projects\osdev\projectjarvis\research\jwasm\bin\tools\intermediate\linker\release\arm64\permdata.obj
c:\projects\osdev\projectjarvis\research\jwasm\bin\tools\intermediate\linker\release\arm64\ovlsupp.obj
c:\projects\osdev\projectjarvis\research\jwasm\bin\tools\intermediate\linker\release\arm64\omfreloc.obj
c:\projects\osdev\projectjarvis\research\jwasm\bin\tools\intermediate\linker\release\arm64\objstrip.obj
c:\projects\osdev\projectjarvis\research\jwasm\bin\tools\intermediate\linker\release\arm64\objpass1.obj
c:\projects\osdev\projectjarvis\research\jwasm\bin\tools\intermediate\linker\release\arm64\objorl.obj
c:\projects\osdev\projectjarvis\research\jwasm\bin\tools\intermediate\linker\release\arm64\objomf.obj
c:\projects\osdev\projectjarvis\research\jwasm\bin\tools\intermediate\linker\release\arm64\objio.obj
c:\projects\osdev\projectjarvis\research\jwasm\bin\tools\intermediate\linker\release\arm64\objfree.obj
c:\projects\osdev\projectjarvis\research\jwasm\bin\tools\intermediate\linker\release\arm64\obj2supp.obj
c:\projects\osdev\projectjarvis\research\jwasm\bin\tools\intermediate\linker\release\arm64\node.obj
c:\projects\osdev\projectjarvis\research\jwasm\bin\tools\intermediate\linker\release\arm64\mixcache.obj
c:\projects\osdev\projectjarvis\research\jwasm\bin\tools\intermediate\linker\release\arm64\messagingsubsystem.obj
c:\projects\osdev\projectjarvis\research\jwasm\bin\tools\intermediate\linker\release\arm64\memorysubsystem.obj
c:\projects\osdev\projectjarvis\research\jwasm\bin\tools\intermediate\linker\release\arm64\mapio.obj
c:\projects\osdev\projectjarvis\research\jwasm\bin\tools\intermediate\linker\release\arm64\main.obj
c:\projects\osdev\projectjarvis\research\jwasm\bin\tools\intermediate\linker\release\arm64\loadpe.obj
c:\projects\osdev\projectjarvis\research\jwasm\bin\tools\intermediate\linker\release\arm64\loadnov.obj
c:\projects\osdev\projectjarvis\research\jwasm\bin\tools\intermediate\linker\release\arm64\virtualmemory.obj
c:\projects\osdev\projectjarvis\research\jwasm\bin\tools\intermediate\linker\release\arm64\tokenbuffer.obj
c:\projects\osdev\projectjarvis\research\jwasm\bin\tools\intermediate\linker\release\arm64\toc.obj
c:\projects\osdev\projectjarvis\research\jwasm\bin\tools\intermediate\linker\release\arm64\symtrace.obj
c:\projects\osdev\projectjarvis\research\jwasm\bin\tools\intermediate\linker\release\arm64\symboltablememory.obj
c:\projects\osdev\projectjarvis\research\jwasm\bin\tools\intermediate\linker\release\arm64\symboltable.obj
c:\projects\osdev\projectjarvis\research\jwasm\bin\tools\intermediate\linker\release\arm64\stringtable.obj
c:\projects\osdev\projectjarvis\research\jwasm\bin\tools\intermediate\linker\release\arm64\spillfile.obj
c:\projects\osdev\projectjarvis\research\jwasm\bin\tools\intermediate\linker\release\arm64\salloc.obj
c:\projects\osdev\projectjarvis\research\jwasm\bin\tools\release\arm64\linker.exe
c:\projects\osdev\projectjarvis\research\jwasm\bin\tools\release\arm64\linker.map
c:\projects\osdev\projectjarvis\research\jwasm\bin\tools\intermediate\linker\release\arm64\linker.iobj
c:\projects\osdev\projectjarvis\research\jwasm\bin\tools\intermediate\linker\release\arm64\linker.tlog\cl.command.1.tlog
c:\projects\osdev\projectjarvis\research\jwasm\bin\tools\intermediate\linker\release\arm64\linker.tlog\cl.items.tlog
c:\projects\osdev\projectjarvis\research\jwasm\bin\tools\intermediate\linker\release\arm64\linker.tlog\cl.read.1.tlog
c:\projects\osdev\projectjarvis\research\jwasm\bin\tools\intermediate\linker\release\arm64\linker.tlog\cl.write.1.tlog
c:\projects\osdev\projectjarvis\research\jwasm\bin\tools\intermediate\linker\release\arm64\linker.tlog\link.command.1.tlog
c:\projects\osdev\projectjarvis\research\jwasm\bin\tools\intermediate\linker\release\arm64\linker.tlog\link.read.1.tlog
c:\projects\osdev\projectjarvis\research\jwasm\bin\tools\intermediate\linker\release\arm64\linker.tlog\link.secondary.1.tlog
c:\projects\osdev\projectjarvis\research\jwasm\bin\tools\intermediate\linker\release\arm64\linker.tlog\link.write.1.tlog
