 Linker

 Timestamp is 694f0117 (Fri Dec 26 15:41:43 2025)

 Preferred load address is 00400000

 Start         Length     Name                   Class
 0001:00000000 00019180H .text$mn                CODE
 0001:00019180 0000019dH .text$x                 CODE
 0002:00000000 00000124H .idata$5                DATA
 0002:00000124 00000008H .00cfg                  DATA
 0002:0000012c 00000004H .CRT$XCA                DATA
 0002:00000130 00000004H .CRT$XCAA               DATA
 0002:00000134 00000004H .CRT$XCZ                DATA
 0002:00000138 00000004H .CRT$XIA                DATA
 0002:0000013c 00000004H .CRT$XIAA               DATA
 0002:00000140 00000004H .CRT$XIAC               DATA
 0002:00000144 00000014H .CRT$XIC                DATA
 0002:00000158 00000004H .CRT$XIZ                DATA
 0002:0000015c 00000004H .CRT$XPA                DATA
 0002:00000160 00000008H .CRT$XPX                DATA
 0002:00000168 00000004H .CRT$XPXA               DATA
 0002:0000016c 00000004H .CRT$XPZ                DATA
 0002:00000170 00000004H .CRT$XTA                DATA
 0002:00000174 0000000cH .CRT$XTZ                DATA
 0002:00000178 00000000H .gfids$y                DATA
 0002:00000180 0000a3c0H .rdata                  DATA
 0002:0000a540 00000000H .rdata$CastGuardVftablesA DATA
 0002:0000a540 00000000H .rdata$CastGuardVftablesC DATA
 0002:0000a540 00000328H .rdata$r                DATA
 0002:0000a868 00000038H .rdata$sxdata           DATA
 0002:0000a8a0 00000098H .rdata$voltmd           DATA
 0002:0000a938 00000304H .rdata$zzzdbg           DATA
 0002:0000ac3c 00000004H .rtc$IAA                DATA
 0002:0000ac40 00000004H .rtc$IZZ                DATA
 0002:0000ac44 00000004H .rtc$TAA                DATA
 0002:0000ac48 00000008H .rtc$TZZ                DATA
 0002:0000ac50 0000074cH .xdata$x                DATA
 0002:0000b39c 00000000H .edata                  DATA
 0002:0000b39c 00000014H .idata$2                DATA
 0002:0000b3b0 00000014H .idata$3                DATA
 0002:0000b3c4 00000124H .idata$4                DATA
 0002:0000b4e8 0000054aH .idata$6                DATA
 0003:00000000 00000900H .data                   DATA
 0003:00000900 00000080H .data$r                 DATA
 0003:00000980 000000b0H .data$rs                DATA
 0003:00000a30 000007f0H .bss                    DATA
 0004:00000000 00000080H .fptable                DATA
 0005:00000000 00000060H .rsrc$01                DATA
 0005:00000060 00000180H .rsrc$02                DATA

  Address         Publics by Value              Rva+Base       Lib:Object

 0000:00000000       ___AbsoluteZero            00000000     <absolute>
 0000:00000000       ___arm64x_extra_rfe_table  00000000     <absolute>
 0000:00000000       ___arm64x_extra_rfe_table_size 00000000     <absolute>
 0000:00000000       ___arm64x_native_entrypoint 00000000     <absolute>
 0000:00000000       ___arm64x_redirection_metadata 00000000     <absolute>
 0000:00000000       ___arm64x_redirection_metadata_count 00000000     <absolute>
 0000:00000000       ___dynamic_value_reloc_table 00000000     <absolute>
 0000:00000000       ___enclave_config          00000000     <absolute>
 0000:00000000       ___guard_check_icall_a64n_fptr 00000000     <absolute>
 0000:00000000       ___guard_eh_cont_count     00000000     <absolute>
 0000:00000000       ___guard_eh_cont_table     00000000     <absolute>
 0000:00000000       ___guard_fids_count        00000000     <absolute>
 0000:00000000       ___guard_fids_table        00000000     <absolute>
 0000:00000000       ___guard_iat_count         00000000     <absolute>
 0000:00000000       ___guard_iat_table         00000000     <absolute>
 0000:00000000       ___guard_longjmp_count     00000000     <absolute>
 0000:00000000       ___guard_longjmp_table     00000000     <absolute>
 0000:00000000       ___hybrid_auxiliary_delayload_iat 00000000     <absolute>
 0000:00000000       ___hybrid_auxiliary_delayload_iat_copy 00000000     <absolute>
 0000:00000000       ___hybrid_auxiliary_iat    00000000     <absolute>
 0000:00000000       ___hybrid_auxiliary_iat_copy 00000000     <absolute>
 0000:00000000       ___hybrid_code_map         00000000     <absolute>
 0000:00000000       ___hybrid_code_map_count   00000000     <absolute>
 0000:00000000       ___hybrid_image_info_bitfield 00000000     <absolute>
 0000:00000000       ___x64_code_ranges_to_entry_points 00000000     <absolute>
 0000:00000000       ___x64_code_ranges_to_entry_points_count 00000000     <absolute>
 0000:00000000       __except_list              00000000     <absolute>
 0000:0000000e       ___safe_se_handler_count   0000000e     <absolute>
 0000:00000100       ___guard_flags             00000100     <absolute>
 0000:00000000       ___ImageBase               00400000     <linker-defined>
 0001:00000000       ?CarveCreate@Carve@@QAEPAUcv_t@@II@Z 00401000 f   Carve.obj
 0001:00000080       ?setFormat@CmdElf@@UAEXXZ  00401080 f   CmdElf.obj
 0001:000000c0       ?TrapBreak@@YAXH@Z         004010c0 f   Linker.obj
 0001:000000c0       ?freeFormat@CmdElf@@UAEXXZ 004010c0 f   CmdElf.obj
 0001:000000c0       @_guard_check_icall_nop@4  004010c0 f   LIBCMT:guard_support.obj
 0001:000000c0       __initialize_denormal_control 004010c0 f   LIBCMT:denormal_control.obj
 0001:000000c0       __initialize_invalid_parameter_handler 004010c0 f   LIBCMT:invalid_parameter_handler.obj
 0001:000000d0       ??0CmdLine@@QAE@PAVMemorySubsystem@@PAVMessagingSubsystem@@PAVPermData@@@Z 004010d0 f   CmdLine.obj
 0001:000003b0       ?NewCommandSource@CmdLine@@AAEXPAD0W4method@@@Z 004013b0 f   CmdLine.obj
 0001:00000490       ?DoCmdFile@CmdLine@@QAEXPAD@Z 00401490 f   CmdLine.obj
 0001:000006a0       ?setFormat@CmdNovell@@UAEXXZ 004016a0 f   CmdNovell.obj
 0001:000006f0       ?freeFormat@CmdNovell@@UAEXXZ 004016f0 f   CmdNovell.obj
 0001:00000770       ?setFormat@CmdPharlap@@UAEXXZ 00401770 f   CmdPharlap.obj
 0001:00000890       ?freeFormat@CmdPharlap@@UAEXXZ 00401890 f   CmdPharlap.obj
 0001:000008c0       ?setFormat@CmdQnx@@UAEXXZ  004018c0 f   CmdQnx.obj
 0001:00000950       ?freeFormat@CmdQnx@@UAEXXZ 00401950 f   CmdQnx.obj
 0001:00000990       ?FileName@@YAPADPAVMemorySubsystem@@PAVMessagingSubsystem@@PADIW4file_defext@@_N@Z 00401990 f   CmdUtils.obj
 0001:00000b10       ?setFormat@CmdWinOS2@@UAEXXZ 00401b10 f   CmdWinOS2.obj
 0001:00000be0       ?freeFormat@CmdWinOS2@@UAEXXZ 00401be0 f   CmdWinOS2.obj
 0001:00000c90       ?CreateHTable@HashTable@@QAEPAU_HTable@@HP6AIPAXI@ZP6AHPBX2@Z@Z 00401c90 f   HashTable.obj
 0001:00000d20       ?StringiHashFunc@@YAIPAXI@Z 00401d20 f   HashTable.obj
 0001:00000d60       ??0Linker@@QAE@XZ          00401d60 f   Linker.obj
 0001:00001160       ??1Linker@@QAE@XZ          00402160 f   Linker.obj
 0001:000013f0       ?ResetSubSystems@Linker@@AAEXXZ 004023f0 f   Linker.obj
 0001:000016f0       ?CleanSubSystems@Linker@@AAEXXZ 004026f0 f   Linker.obj
 0001:00001ab0       ?EndTime@@YAXXZ            00402ab0 f   Linker.obj
 0001:00001c50       ___local_stdio_printf_options 00402c50 f i Linker.obj
 0001:00001c60       _printf                    00402c60 f i Linker.obj
 0001:00001c90       ?WalkAreas@@YAXPAVMemorySubsystem@@PAUovl_area@@P6AX0PAUsection@@@Z@Z 00402c90 f   LinkerUtils.obj
 0001:00001ce0       _main                      00402ce0 f   Main.obj
 0001:00001dd0       ?FmtStr@MessagingSubsystem@@QAAIPADI0ZZ 00402dd0 f   MessagingSubsystem.obj
 0001:00001f40       ?LnkMsg@MessagingSubsystem@@QAAXIPADZZ 00402f40 f   MessagingSubsystem.obj
 0001:00002400       ?Msg_Do_Put_Args@MessagingSubsystem@@QAAXQADPAUmsg_arg_list@@PADZZ 00403400 f   MessagingSubsystem.obj
 0001:00002430       ?Msg_Put_Args@MessagingSubsystem@@QAEXQADPAUmsg_arg_list@@PADPAPAD@Z 00403430 f   MessagingSubsystem.obj
 0001:000025c0       ?FreeObjCache@MixCache@@QAEXPAUfile_list@@@Z 004035c0 f   MixCache.obj
 0001:00002650       ?MakeArray@Node@@AAEPAU_NodeArray@@I@Z 00403650 f   Node.obj
 0001:000026e0       ?BurnLibs@@YAXPAVMemorySubsystem@@PAVMixCache@@@Z 004036e0 f   objfree.obj
 0001:00002840       ?FreeSections@@YAXPAVMemorySubsystem@@PAVPermData@@PAVHashTable@@PAVMixCache@@PAUsection@@@Z 00403840 f   objfree.obj
 0001:00002a50       ?FreeAMod@@YAXPAVPermData@@PAVMixCache@@PAUmod_entry@@@Z 00403a50 f   objfree.obj
 0001:00002af0       ?CleanLinkStruct@@YAXPAVMemorySubsystem@@PAVPermData@@PAVHashTable@@PAVMixCache@@PAVSymbolTableMemory@@@Z 00403af0 f   objfree.obj
 0001:00002ee0       ??0ObjOrl@@QAE@PAVMemorySubsystem@@PAVFileSubsystem@@PAVTokenBuffer@@@Z 00403ee0 f   ObjOrl.obj
 0001:00003030       ?ORLFini@ObjOrl@@AAE?AW4orl_return@@PAUorl_handle_struct@@@Z 00404030 f   ObjOrl.obj
 0001:000031b0       ?free_coff_file_hnd@ObjOrl@@AAEXPAUcoff_file_handle_struct@@@Z 004041b0 f   ObjOrl.obj
 0001:000032a0       ?ORLHashTableFree@ObjOrl@@AAEXPAUorl_hash_table_struct@@@Z 004042a0 f   ObjOrl.obj
 0001:00003310       ?freeFileHandle@ObjOrl@@AAE?AW4orl_return@@PAUomf_file_handle_struct@@@Z 00404310 f   ObjOrl.obj
 0001:00003590       ?free_elf_file_hnd@ObjOrl@@AAEXPAUelf_file_handle_struct@@@Z 00404590 f   ObjOrl.obj
 0001:00003630       ?CleanPermData@PermData@@QAEXXZ 00404630 f   PermData.obj
 0001:00003b40       ?FreeRelocSect@@YAXPAVMemorySubsystem@@PAUsection@@@Z 00404b40 f   reloc.obj
 0001:00003b70       ?RingWalk@Ring@@QAEXPAXP6AX0@Z@Z 00404b70 f   Ring.obj
 0001:00003ba0       ?InitStringTable@StringTable@@QAEXPAUstringtable@@_N@Z 00404ba0 f   StringTable.obj
 0001:00003c11       @__security_check_cookie@4 00404c11 f   LIBCMT:secchk.obj
 0001:00003c1f       ??_Etype_info@@UAEPAXI@Z   00404c1f f i LIBCMT:std_type_info_static.obj
 0001:00003c1f       ??_Gtype_info@@UAEPAXI@Z   00404c1f f i LIBCMT:std_type_info_static.obj
 0001:00003c42       ??2@YAPAXI@Z               00404c42 f   LIBCMT:new_scalar.obj
 0001:00003c72       ??3@YAXPAXI@Z              00404c72 f   LIBCMT:delete_scalar_size.obj
 0001:00003c80       ??_U@YAPAXI@Z              00404c80 f   LIBCMT:new_array.obj
 0001:00003c89       ??_V@YAXPAX@Z              00404c89 f   LIBCMT:delete_array.obj
 0001:00003ed8       _mainCRTStartup            00404ed8 f   LIBCMT:exe_main.obj
 0001:00003ee2       ___report_gsfailure        00404ee2 f   LIBCMT:gs_report.obj
 0001:00003ee8       ??0bad_alloc@std@@QAE@ABV01@@Z 00404ee8 f i LIBCMT:throw_bad_alloc.obj
 0001:00003f03       ??0bad_alloc@std@@QAE@XZ   00404f03 f i LIBCMT:throw_bad_alloc.obj
 0001:00003f21       ??0bad_array_new_length@std@@QAE@ABV01@@Z 00404f21 f i LIBCMT:throw_bad_alloc.obj
 0001:00003f3c       ??0bad_array_new_length@std@@QAE@XZ 00404f3c f i LIBCMT:throw_bad_alloc.obj
 0001:00003f5a       ??0exception@std@@QAE@ABV01@@Z 00404f5a f i LIBCMT:throw_bad_alloc.obj
 0001:00003f8c       ??1bad_alloc@std@@UAE@XZ   00404f8c f i LIBCMT:throw_bad_alloc.obj
 0001:00003f8c       ??1bad_array_new_length@std@@UAE@XZ 00404f8c f i LIBCMT:throw_bad_alloc.obj
 0001:00003f8c       ??1bad_exception@std@@UAE@XZ 00404f8c f i libvcruntime:frame.obj
 0001:00003f9d       ??_Ebad_alloc@std@@UAEPAXI@Z 00404f9d f i LIBCMT:throw_bad_alloc.obj
 0001:00003f9d       ??_Ebad_array_new_length@std@@UAEPAXI@Z 00404f9d f i LIBCMT:throw_bad_alloc.obj
 0001:00003f9d       ??_Ebad_exception@std@@UAEPAXI@Z 00404f9d f i libvcruntime:frame.obj
 0001:00003f9d       ??_Eexception@std@@UAEPAXI@Z 00404f9d f i LIBCMT:throw_bad_alloc.obj
 0001:00003f9d       ??_Gbad_alloc@std@@UAEPAXI@Z 00404f9d f i LIBCMT:throw_bad_alloc.obj
 0001:00003f9d       ??_Gbad_array_new_length@std@@UAEPAXI@Z 00404f9d f i LIBCMT:throw_bad_alloc.obj
 0001:00003f9d       ??_Gbad_exception@std@@UAEPAXI@Z 00404f9d f i libvcruntime:frame.obj
 0001:00003f9d       ??_Gexception@std@@UAEPAXI@Z 00404f9d f i LIBCMT:throw_bad_alloc.obj
 0001:00003fca       ?__scrt_throw_std_bad_alloc@@YAXXZ 00404fca f   LIBCMT:throw_bad_alloc.obj
 0001:00003fe7       ?__scrt_throw_std_bad_array_new_length@@YAXXZ 00404fe7 f   LIBCMT:throw_bad_alloc.obj
 0001:00004004       ?what@exception@std@@UBEPBDXZ 00405004 f i LIBCMT:throw_bad_alloc.obj
 0001:00004012       ??3@YAXPAX@Z               00405012 f   LIBCMT:delete_scalar.obj
 0001:00004059       ___scrt_acquire_startup_lock 00405059 f   LIBCMT:utility.obj
 0001:0000408b       ___scrt_initialize_crt     0040508b f   LIBCMT:utility.obj
 0001:000040c4       ___scrt_initialize_onexit_tables 004050c4 f   LIBCMT:utility.obj
 0001:0000414b       ___scrt_is_nonwritable_in_current_image 0040514b f   LIBCMT:utility.obj
 0001:000041e2       ___scrt_release_startup_lock 004051e2 f   LIBCMT:utility.obj
 0001:000041ff       ___scrt_uninitialize_crt   004051ff f   LIBCMT:utility.obj
 0001:00004227       __onexit                   00405227 f   LIBCMT:utility.obj
 0001:00004255       _atexit                    00405255 f   LIBCMT:utility.obj
 0001:000042b7       ___security_init_cookie    004052b7 f   LIBCMT:gs_support.obj
 0001:00004302       ___scrt_exe_initialize_mta 00405302 f   LIBCMT:utility_desktop.obj
 0001:00004302       ___scrt_initialize_winrt   00405302 f   LIBCMT:utility_desktop.obj
 0001:00004302       ___scrt_stub_for_initialize_mta 00405302 f   LIBCMT:utility_desktop.obj
 0001:00004302       __get_startup_commit_mode  00405302 f   LIBCMT:commit_mode.obj
 0001:00004302       __get_startup_new_mode     00405302 f   LIBCMT:new_mode.obj
 0001:00004302       __get_startup_thread_locale_mode 00405302 f   LIBCMT:thread_locale.obj
 0001:00004302       __matherr                  00405302 f   LIBCMT:matherr.obj
 0001:00004305       __get_startup_argv_mode    00405305 f   LIBCMT:argv_mode.obj
 0001:00004309       __get_startup_file_mode    00405309 f   LIBCMT:file_mode.obj
 0001:0000430f       ?__scrt_initialize_type_info@@YAXXZ 0040530f f   LIBCMT:tncleanup.obj
 0001:0000431b       ___acrt_uninitialize_command_line 0040531b f   libucrt:argv_data.obj
 0001:0000431b       __should_initialize_environment 0040531b f   LIBCMT:env_mode.obj
 0001:0000431e       __initialize_default_precision 0040531e f   LIBCMT:default_precision.obj
 0001:0000433f       ___local_stdio_scanf_options 0040533f f i LIBCMT:default_local_stdio_options.obj
 0001:00004345       ___scrt_initialize_default_local_stdio_options 00405345 f   LIBCMT:default_local_stdio_options.obj
 0001:00004362       ___scrt_is_user_matherr_present 00405362 f   LIBCMT:matherr_detection.obj
 0001:0000436e       ___scrt_get_dyn_tls_init_callback 0040536e f   LIBCMT:dyn_tls_init.obj
 0001:00004374       ___scrt_get_dyn_tls_dtor_callback 00405374 f   LIBCMT:dyn_tls_dtor.obj
 0001:0000437a       ___scrt_fastfail           0040537a f   LIBCMT:utility_desktop.obj
 0001:00004384       ___scrt_initialize_mta     00405384 f   LIBCMT:utility_desktop.obj
 0001:00004389       ___scrt_is_managed_app     00405389 f   LIBCMT:utility_desktop.obj
 0001:000043cb       ___scrt_set_unhandled_exception_filter 004053cb f   LIBCMT:utility_desktop.obj
 0001:000043d7       ___scrt_unhandled_exception_filter@4 004053d7 f   LIBCMT:utility_desktop.obj
 0001:0000442d       __crt_debugger_hook        0040542d f   LIBCMT:utility_desktop.obj
 0001:00004438       __RTC_Initialize           00405438 f   LIBCMT:initsect.obj
 0001:00004464       __RTC_Terminate            00405464 f   LIBCMT:initsect.obj
 0001:00004490       __SEH_prolog4              00405490 f   LIBCMT:sehprolg4.obj
 0001:000044d5       ___isa_available_init      004054d5 f   LIBCMT:cpu_disp.obj
 0001:000047ef       ___scrt_is_ucrt_dll_in_use 004057ef f   LIBCMT:ucrt_detection.obj
 0001:000047fb       ?GetRangeOfTrysToCheck@__FrameHandler3@@SA?AU?$pair@Viterator@TryBlockMap@__FrameHandler3@@V123@@std@@AAVTryBlockMap@1@HPAXPBU_s_FuncInfo@@H@Z 004057fb f   libvcruntime:trnsctrl.obj
 0001:0000487a       ?_CallCatchBlock2@@YAPAXPAUEHRegistrationNode@@PBU_s_FuncInfo@@PAXHK@Z 0040587a f   libvcruntime:trnsctrl.obj
 0001:000048da       ?_CallSETranslator@@YAHPAUEHExceptionRecord@@PAUEHRegistrationNode@@PAX2PBU_s_FuncInfo@@H1@Z 004058da f   libvcruntime:trnsctrl.obj
 0001:000049d9       ?_JumpToContinuation@@YGXPAXPAUEHRegistrationNode@@@Z 004059d9 f   libvcruntime:trnsctrl.obj
 0001:00004a09       ?_UnwindNestedFrames@@YGXPAUEHRegistrationNode@@PAUEHExceptionRecord@@@Z 00405a09 f   libvcruntime:trnsctrl.obj
 0001:00004a5d       __CatchGuardHandler        00405a5d f   libvcruntime:trnsctrl.obj
 0001:00004a8e       __CreateFrameInfo          00405a8e f   libvcruntime:trnsctrl.obj
 0001:00004ab2       __FindAndUnlinkFrame       00405ab2 f   libvcruntime:trnsctrl.obj
 0001:00004af9       __TranslatorGuardHandler   00405af9 f   libvcruntime:trnsctrl.obj
 0001:00004b98       ___CxxFrameHandler3        00405b98 f   libvcruntime:trnsctrl.obj
 0001:00004bce       ___DestructExceptionObject 00405bce f   libvcruntime:ehhelpers.obj
 0001:00004c76       ?_CallMemberFunction0@@YGXQAX0@Z 00405c76 f i libvcruntime:ehhelpers.obj
 0001:00004cdb       __IsExceptionObjectToBeDestroyed 00405cdb f   libvcruntime:ehhelpers.obj
 0001:00004d01       ___AdjustPointer           00405d01 f   libvcruntime:ehhelpers.obj
 0001:00004d26       ___FrameUnwindFilter       00405d26 f   libvcruntime:ehhelpers.obj
 0001:00004d7c       ___current_exception       00405d7c f   libvcruntime:ehhelpers.obj
 0001:00004d85       ___current_exception_context 00405d85 f   libvcruntime:ehhelpers.obj
 0001:00004d8e       ___std_terminate           00405d8e f   libvcruntime:ehhelpers.obj
 0001:00004d93       _memcmp                    00405d93 f   libvcruntime:memcmp.obj
 0001:00006160       _strchr                    00407160 f   libvcruntime:strchr.obj
 0001:000061ce       ___from_strstr_to_strchr   004071ce     libvcruntime:strchr.obj
 0001:000062d0       __except_handler4          004072d0 f   libvcruntime:chandler4.obj
 0001:00006437       ___std_exception_copy      00407437 f   libvcruntime:std_exception.obj
 0001:0000649a       ___std_exception_destroy   0040749a f   libvcruntime:std_exception.obj
 0001:000064bc       __CxxThrowException@8      004074bc f   libvcruntime:throw.obj
 0001:00006529       ___vcrt_initialize         00407529 f   libvcruntime:initialization.obj
 0001:00006548       ___vcrt_uninitialize       00407548 f   libvcruntime:initialization.obj
 0001:0000655f       ___std_type_info_compare   0040755f f   libvcruntime:std_type_info.obj
 0001:000065a0       _memset                    004075a0 f   libvcruntime:memset.obj
 0001:000066fa       ___vcrt_freefls@4          004076fa f   libvcruntime:per_thread_data.obj
 0001:00006716       ___vcrt_getptd             00407716 f   libvcruntime:per_thread_data.obj
 0001:00006724       ___vcrt_getptd_noexit      00407724 f   libvcruntime:per_thread_data.obj
 0001:000067b3       ___vcrt_initialize_ptd     004077b3 f   libvcruntime:per_thread_data.obj
 0001:000067e5       ___vcrt_uninitialize_ptd   004077e5 f   libvcruntime:per_thread_data.obj
 0001:00006f19       ??$TypeMatchHelper@V__FrameHandler3@@@@YAHPBU_s_HandlerType@@PBU_s_CatchableType@@PBU_s_ThrowInfo@@@Z 00407f19 f i libvcruntime:frame.obj
 0001:00006fa7       ??$__InternalCxxFrameHandler@V__FrameHandler3@@@@YA?AW4_EXCEPTION_DISPOSITION@@PAUEHExceptionRecord@@PAUEHRegistrationNode@@PAU_CONTEXT@@PAXPBU_s_FuncInfo@@H1E@Z 00407fa7 f i libvcruntime:frame.obj
 0001:000070a9       ??$__InternalCxxFrameHandlerWrapper@V__FrameHandler3@@@@YA?AW4_EXCEPTION_DISPOSITION@@PAUEHExceptionRecord@@PAUEHRegistrationNode@@PAU_CONTEXT@@PAXPBU_s_FuncInfo@@H1E@Z 004080a9 f i libvcruntime:frame.obj
 0001:000070b2       ??0bad_exception@std@@QAE@ABV01@@Z 004080b2 f i libvcruntime:frame.obj
 0001:000070cd       ??0bad_exception@std@@QAE@XZ 004080cd f i libvcruntime:frame.obj
 0001:000070eb       ??8type_info@@QBE_NABV0@@Z 004080eb f i libvcruntime:frame.obj
 0001:00007371       ?FrameUnwindToEmptyState@__FrameHandler3@@SAXPAUEHRegistrationNode@@PAXPBU_s_FuncInfo@@@Z 00408371 f   libvcruntime:frame.obj
 0001:00007389       ?FrameUnwindToState@__FrameHandler3@@SAXPAUEHRegistrationNode@@PAXPBU_s_FuncInfo@@H@Z 00408389 f   libvcruntime:frame.obj
 0001:00007509       ?_CallMemberFunction1@@YGXQAX00@Z 00408509 f i libvcruntime:frame.obj
 0001:00007519       ?_CallMemberFunction2@@YGXQAX00H@Z 00408519 f i libvcruntime:frame.obj
 0001:0000752c       ?getESTypes@__FrameHandler3@@SAPBU_s_ESTypeList@@PBU_s_FuncInfo@@@Z 0040852c f i libvcruntime:frame.obj
 0001:00007540       __CallSettingFrame@12      00408540 f   libvcruntime:lowhelpr.obj
 0001:00007567       __NLG_Return               00408567     libvcruntime:lowhelpr.obj
 0001:0000758c       ___except_validate_context_record 0040858c f   libvcruntime:jbcxrval.obj
 0001:000075c0       __local_unwind4            004085c0 f   libvcruntime:exsup4.obj
 0001:000076b0       @_EH4_CallFilterFunc@8     004086b0 f   libvcruntime:exsup4.obj
 0001:000076d0       @_EH4_TransferToHandler@8  004086d0 f   libvcruntime:exsup4.obj
 0001:000076f0       @_EH4_GlobalUnwind2@8      004086f0 f   libvcruntime:exsup4.obj
 0001:00007710       @_EH4_LocalUnwind@16       00408710 f   libvcruntime:exsup4.obj
 0001:00007727       ___vcrt_initialize_locks   00408727 f   libvcruntime:locks.obj
 0001:0000775d       ___vcrt_uninitialize_locks 0040875d f   libvcruntime:locks.obj
 0001:00007787       _unexpected                00408787 f   libvcruntime:unexpected.obj
 0001:000077a4       ?GetCurrentState@__FrameHandler3@@SAHPAUEHRegistrationNode@@PAXPBU_s_FuncInfo@@@Z 004087a4 f   libvcruntime:ehstate.obj
 0001:000077c1       ?SetState@__FrameHandler3@@SAXPAUEHRegistrationNode@@PAXPBU_s_FuncInfo@@H@Z 004087c1 f   libvcruntime:ehstate.obj
 0001:000077d0       _memcpy                    004087d0 f   libvcruntime:memcpy.obj
 0001:000077d0       _memmove                   004087d0 f   libvcruntime:memmove.obj
 0001:00007d50       __NLG_Notify1              00408d50 f   libvcruntime:exsup.obj
 0001:00007d60       __NLG_Notify               00408d60 f   libvcruntime:exsup.obj
 0001:00007d77       __NLG_Dispatch             00408d77     libvcruntime:exsup.obj
 0001:00007d77       __NLG_Dispatch2            00408d77     libvcruntime:exsup.obj
 0001:00007d80       __NLG_Call                 00408d80 f   libvcruntime:exsup.obj
 0001:00007d82       __NLG_Return2              00408d82     libvcruntime:exsup.obj
 0001:00007d90       ___acrt_initialize_stdio   00408d90 f   libucrt:_file.obj
 0001:00007e58       ___acrt_iob_func           00408e58 f   libucrt:_file.obj
 0001:00007e68       ___acrt_uninitialize_stdio 00408e68 f   libucrt:_file.obj
 0001:00007eb4       __lock_file                00408eb4 f   libucrt:_file.obj
 0001:00007ec8       __unlock_file              00408ec8 f   libucrt:_file.obj
 0001:00007edc       __isatty                   00408edc f   libucrt:isatty.obj
 0001:00007f32       __fileno                   00408f32 f   libucrt:fileno.obj
 0001:00007f60       ??0_LocaleUpdate@@QAE@QAU__crt_locale_pointers@@@Z 00408f60 f i libucrt:stricmp.obj
 0001:00008030       __stricmp                  00409030 f   libucrt:stricmp.obj
 0001:000080b0       __stricmp_l                004090b0 f   libucrt:stricmp.obj
 0001:000081d0       ??$__acrt_convert_wcs_mbs_cp@D_WV<lambda_62f6974d9771e494a5ea317cc32e971c>@@U__crt_win32_buffer_internal_dynamic_resizing@@@@YAHQBDAAV?$__crt_win32_buffer@_WU__crt_win32_buffer_internal_dynamic_resizing@@@@ABV<lambda_62f6974d9771e494a5ea317cc32e971c>@@I@Z 004091d0 f i libucrt:unlink.obj
 0001:00008282       ??$__acrt_mbs_to_wcs_cp@U__crt_win32_buffer_internal_dynamic_resizing@@@@YAHQBDAAV?$__crt_win32_buffer@_WU__crt_win32_buffer_internal_dynamic_resizing@@@@I@Z 00409282 f i libucrt:unlink.obj
 0001:0000829f       ?__acrt_get_utf8_acp_compatibility_codepage@@YAIXZ 0040929f f i libucrt:unlink.obj
 0001:000082de       ?_deallocate@?$__crt_win32_buffer@DU__crt_win32_buffer_internal_dynamic_resizing@@@@AAEXXZ 004092de f i libucrt:argv_wildcards.obj
 0001:000082de       ?_deallocate@?$__crt_win32_buffer@_WU__crt_win32_buffer_internal_dynamic_resizing@@@@AAEXXZ 004092de f i libucrt:unlink.obj
 0001:000082f8       ?allocate@?$__crt_win32_buffer@_WU__crt_win32_buffer_internal_dynamic_resizing@@@@QAEHI@Z 004092f8 f i libucrt:unlink.obj
 0001:00008337       ?allocate@__crt_win32_buffer_internal_dynamic_resizing@@SAHQAPAXIABV__crt_win32_buffer_empty_debug_info@@@Z 00409337 f i libucrt:unlink.obj
 0001:00008358       _remove                    00409358 f   libucrt:unlink.obj
 0001:000083c2       __toupper_l                004093c2 f   libucrt:tolower_toupper.obj
 0001:000084c0       _toupper                   004094c0 f   libucrt:tolower_toupper.obj
 0001:000084f0       __time64                   004094f0 f   libucrt:time.obj
 0001:000085be       ___acrt_initialize_clock   004095be f   libucrt:clock.obj
 0001:00008623       _clock                     00409623 f   libucrt:clock.obj
 0001:000086d8       ??$count@D@formatting_buffer@__crt_stdio_output@@QBEIXZ 004096d8 f i libucrt:output.obj
 0001:000086f0       ??$ensure_buffer_is_big_enough@D@formatting_buffer@__crt_stdio_output@@QAE_NIAAV__crt_cached_ptd_host@@@Z 004096f0 f i libucrt:output.obj
 0001:00008770       ??$is_overflow_condition@K@__crt_strtox@@YA_NIK@Z 00409770 f i libucrt:output.obj
 0001:000087a4       ??$is_wide_character_specifier@D@__crt_stdio_output@@YA_N_KDW4length_modifier@0@@Z 004097a4 f i libucrt:output.obj
 0001:000087d5       ??$parse_integer@KV?$c_string_character_source@D@__crt_strtox@@$0A@@__crt_strtox@@YAKAAV__crt_cached_ptd_host@@V?$c_string_character_source@D@0@H_N@Z 004097d5 f i libucrt:output.obj
 0001:000089e8       ??$scratch_data@D@formatting_buffer@__crt_stdio_output@@QAEPADXZ 004099e8 f i libucrt:output.obj
 0001:00008a06       ??$type_case_integer@$07@?$output_processor@DV?$stream_output_adapter@D@__crt_stdio_output@@V?$standard_base@DV?$stream_output_adapter@D@__crt_stdio_output@@@2@@__crt_stdio_output@@AAE_N_N@Z 00409a06 f i libucrt:output.obj
 0001:00008b93       ??$type_case_integer@$09@?$output_processor@DV?$stream_output_adapter@D@__crt_stdio_output@@V?$standard_base@DV?$stream_output_adapter@D@__crt_stdio_output@@@2@@__crt_stdio_output@@AAE_N_N@Z 00409b93 f i libucrt:output.obj
 0001:00008d20       ??$type_case_integer@$0BA@@?$output_processor@DV?$stream_output_adapter@D@__crt_stdio_output@@V?$standard_base@DV?$stream_output_adapter@D@__crt_stdio_output@@@2@@__crt_stdio_output@@AAE_N_N@Z 00409d20 f i libucrt:output.obj
 0001:00008ead       ??$type_case_integer_parse_into_buffer@I$07@?$output_processor@DV?$stream_output_adapter@D@__crt_stdio_output@@V?$standard_base@DV?$stream_output_adapter@D@__crt_stdio_output@@@2@@__crt_stdio_output@@AAEXI_N@Z 00409ead f i libucrt:output.obj
 0001:00008f0f       ??$type_case_integer_parse_into_buffer@I$09@?$output_processor@DV?$stream_output_adapter@D@__crt_stdio_output@@V?$standard_base@DV?$stream_output_adapter@D@__crt_stdio_output@@@2@@__crt_stdio_output@@AAEXI_N@Z 00409f0f f i libucrt:output.obj
 0001:00008f8e       ??$type_case_integer_parse_into_buffer@I$0BA@@?$output_processor@DV?$stream_output_adapter@D@__crt_stdio_output@@V?$standard_base@DV?$stream_output_adapter@D@__crt_stdio_output@@@2@@__crt_stdio_output@@AAEXI_N@Z 00409f8e f i libucrt:output.obj
 0001:0000900a       ??$type_case_integer_parse_into_buffer@_K$07@?$output_processor@DV?$stream_output_adapter@D@__crt_stdio_output@@V?$standard_base@DV?$stream_output_adapter@D@__crt_stdio_output@@@2@@__crt_stdio_output@@AAEX_K_N@Z 0040a00a f i libucrt:output.obj
 0001:0000907e       ??$type_case_integer_parse_into_buffer@_K$09@?$output_processor@DV?$stream_output_adapter@D@__crt_stdio_output@@V?$standard_base@DV?$stream_output_adapter@D@__crt_stdio_output@@@2@@__crt_stdio_output@@AAEX_K_N@Z 0040a07e f i libucrt:output.obj
 0001:00009110       ??$type_case_integer_parse_into_buffer@_K$0BA@@?$output_processor@DV?$stream_output_adapter@D@__crt_stdio_output@@V?$standard_base@DV?$stream_output_adapter@D@__crt_stdio_output@@@2@@__crt_stdio_output@@AAEX_K_N@Z 0040a110 f i libucrt:output.obj
 0001:00009196       ??0?$output_adapter_data@DV?$stream_output_adapter@D@__crt_stdio_output@@@__crt_stdio_output@@IAE@ABV?$stream_output_adapter@D@1@_KQBDAAV__crt_cached_ptd_host@@QAD@Z 0040a196 f i libucrt:output.obj
 0001:00009200       ??0__crt_cached_ptd_host@@QAE@QAU__crt_locale_pointers@@@Z 0040a200 f i libucrt:output.obj
 0001:00009260       ??1__crt_cached_ptd_host@@QAE@XZ 0040a260 f i libucrt:output.obj
 0001:0000929c       ??1formatting_buffer@__crt_stdio_output@@QAE@XZ 0040a29c f i libucrt:output.obj
 0001:000092b6       ??4?$__crt_unique_heap_ptr@DU__crt_internal_free_policy@@@@QAEAAV0@$$QAV0@@Z 0040a2b6 f i libucrt:output.obj
 0001:00009376       ?crop_zeroes@__crt_stdio_output@@YAXPADQAU__crt_locale_pointers@@@Z 0040a376 f i libucrt:output.obj
 0001:000093e0       ?find_next_state@?$output_processor@DV?$stream_output_adapter@D@__crt_stdio_output@@V?$standard_base@DV?$stream_output_adapter@D@__crt_stdio_output@@@2@@__crt_stdio_output@@ABE?AW4state@2@DW432@@Z 0040a3e0 f i libucrt:output.obj
 0001:0000941b       ?force_decimal_point@__crt_stdio_output@@YAXPADQAU__crt_locale_pointers@@@Z 0040a41b f i libucrt:output.obj
 0001:00009480       ?force_synchronize_per_thread_data@__crt_cached_ptd_host@@AAEPAU__acrt_ptd@@XZ 0040a480 f i libucrt:output.obj
 0001:000094d0       ?get_raw_ptd@__crt_cached_ptd_host@@QAEPAU__acrt_ptd@@XZ 0040a4d0 f i libucrt:output.obj
 0001:0000952c       ?parse_int_from_format_string@?$output_processor@DV?$stream_output_adapter@D@__crt_stdio_output@@V?$standard_base@DV?$stream_output_adapter@D@__crt_stdio_output@@@2@@__crt_stdio_output@@AAE_NQAH@Z 0040a52c f i libucrt:output.obj
 0001:000095a4       ?process@?$output_processor@DV?$stream_output_adapter@D@__crt_stdio_output@@V?$standard_base@DV?$stream_output_adapter@D@__crt_stdio_output@@@2@@__crt_stdio_output@@QAEHXZ 0040a5a4 f i libucrt:output.obj
 0001:0000984c       ?state_case_size@?$output_processor@DV?$stream_output_adapter@D@__crt_stdio_output@@V?$standard_base@DV?$stream_output_adapter@D@__crt_stdio_output@@@2@@__crt_stdio_output@@AAE_NXZ 0040a84c f i libucrt:output.obj
 0001:000099a5       ?state_case_type@?$output_processor@DV?$stream_output_adapter@D@__crt_stdio_output@@V?$standard_base@DV?$stream_output_adapter@D@__crt_stdio_output@@@2@@__crt_stdio_output@@AAE_NXZ 0040a9a5 f i libucrt:output.obj
 0001:00009d9c       ?to_integer_size@__crt_stdio_output@@YAIW4length_modifier@1@@Z 0040ad9c f i libucrt:output.obj
 0001:00009df0       ?type_case_Z@?$output_processor@DV?$stream_output_adapter@D@__crt_stdio_output@@V?$standard_base@DV?$stream_output_adapter@D@__crt_stdio_output@@@2@@__crt_stdio_output@@AAE_NXZ 0040adf0 f i libucrt:output.obj
 0001:00009e63       ?type_case_a@?$output_processor@DV?$stream_output_adapter@D@__crt_stdio_output@@V?$standard_base@DV?$stream_output_adapter@D@__crt_stdio_output@@@2@@__crt_stdio_output@@AAE_NXZ 0040ae63 f i libucrt:output.obj
 0001:0000a01a       ?type_case_c_tchar@?$output_processor@DV?$stream_output_adapter@D@__crt_stdio_output@@V?$standard_base@DV?$stream_output_adapter@D@__crt_stdio_output@@@2@@__crt_stdio_output@@AAE_ND@Z 0040b01a f i libucrt:output.obj
 0001:0000a0a6       ?type_case_n@?$output_processor@DV?$stream_output_adapter@D@__crt_stdio_output@@V?$standard_base@DV?$stream_output_adapter@D@__crt_stdio_output@@@2@@__crt_stdio_output@@AAE_NXZ 0040b0a6 f i libucrt:output.obj
 0001:0000a12b       ?type_case_o@?$output_processor@DV?$stream_output_adapter@D@__crt_stdio_output@@V?$standard_base@DV?$stream_output_adapter@D@__crt_stdio_output@@@2@@__crt_stdio_output@@AAE_NXZ 0040b12b f i libucrt:output.obj
 0001:0000a148       ?type_case_p@?$output_processor@DV?$stream_output_adapter@D@__crt_stdio_output@@V?$standard_base@DV?$stream_output_adapter@D@__crt_stdio_output@@@2@@__crt_stdio_output@@AAE_NXZ 0040b148 f i libucrt:output.obj
 0001:0000a15e       ?type_case_s@?$output_processor@DV?$stream_output_adapter@D@__crt_stdio_output@@V?$standard_base@DV?$stream_output_adapter@D@__crt_stdio_output@@@2@@__crt_stdio_output@@AAE_NXZ 0040b15e f i libucrt:output.obj
 0001:0000a1d1       ?unget@?$c_string_character_source@D@__crt_strtox@@QAEXD@Z 0040b1d1 f i libucrt:output.obj
 0001:0000a200       ?update_locale_slow@__crt_cached_ptd_host@@AAEXXZ 0040b200 f i libucrt:output.obj
 0001:0000a25b       ?validate@?$c_string_character_source@D@__crt_strtox@@QBE_NXZ 0040b25b f i libucrt:output.obj
 0001:0000a276       ?validate@?$stream_output_adapter@D@__crt_stdio_output@@QBE_NAAV__crt_cached_ptd_host@@@Z 0040b276 f i libucrt:output.obj
 0001:0000a2ae       ?validate_stream_is_ansi_if_required@?$__acrt_stdio_char_traits@D@@SA_NQAU_iobuf@@@Z 0040b2ae f i libucrt:output.obj
 0001:0000a335       ?write_character@?$output_adapter_common@DV?$stream_output_adapter@D@__crt_stdio_output@@@__crt_stdio_output@@QBEXDQAHAAV__crt_cached_ptd_host@@@Z 0040b335 f i libucrt:output.obj
 0001:0000a357       ?write_character_without_count_update@?$stream_output_adapter@D@__crt_stdio_output@@QBE_NDAAV__crt_cached_ptd_host@@@Z 0040b357 f i libucrt:output.obj
 0001:0000a391       ?write_string@?$stream_output_adapter@D@__crt_stdio_output@@QBEXQBDHQAHAAV__crt_cached_ptd_host@@@Z 0040b391 f i libucrt:output.obj
 0001:0000a3bd       ?write_string_impl@?$output_adapter_common@DV?$stream_output_adapter@D@__crt_stdio_output@@@__crt_stdio_output@@IBEXQBDHQAHAAV__crt_cached_ptd_host@@@Z 0040b3bd f i libucrt:output.obj
 0001:0000a43c       ___acrt_locale_get_ctype_array_value 0040b43c f i libucrt:output.obj
 0001:0000a45e       ___stdio_common_vfprintf   0040b45e f   libucrt:output.obj
 0001:0000a56a       ??$__crt_fast_decode_pointer@P6AHI@Z@@YAP6AHI@ZQ6AHI@Z@Z 0040b56a f i libucrt:new_handler.obj
 0001:0000a56a       ??$__crt_fast_decode_pointer@P6AXH@Z@@YAP6AXH@ZQ6AXH@Z@Z 0040b56a f i libucrt:signal.obj
 0001:0000a56a       ??$__crt_fast_decode_pointer@P6GXPAXK0@Z@@YAP6GXPAXK0@ZQ6GX0K0@Z@Z 0040b56a f i libucrt:exit.obj
 0001:0000a585       ??$__crt_fast_encode_pointer@P6AHI@Z@@YAP6AHI@ZQ6AHI@Z@Z 0040b585 f i libucrt:new_handler.obj
 0001:0000a585       ??$__crt_fast_encode_pointer@P6AHXZ@@YAP6AHXZQ6AHXZ@Z 0040b585 f i libucrt:onexit.obj
 0001:0000a585       ??$__crt_fast_encode_pointer@P6AXH@Z@@YAP6AXH@ZQ6AXH@Z@Z 0040b585 f i libucrt:signal.obj
 0001:0000a585       ??$__crt_fast_encode_pointer@P6GXPAXK0@Z@@YAP6GXPAXK0@ZQ6GX0K0@Z@Z 0040b585 f i libucrt:exit.obj
 0001:0000a585       ??$__crt_fast_encode_pointer@PAP6AXXZ@@YAPAP6AXXZQAP6AXXZ@Z 0040b585 f i libucrt:onexit.obj
 0001:0000a6ee       ___acrt_get_sigabrt_handler 0040b6ee f   libucrt:signal.obj
 0001:0000a715       ___acrt_initialize_signal_handlers 0040b715 f   libucrt:signal.obj
 0001:0000a733       _raise                     0040b733 f   libucrt:signal.obj
 0001:0000a925       _signal                    0040b925 f   libucrt:signal.obj
 0001:0000aaf0       __memicmp                  0040baf0 f   libucrt:memicmp.obj
 0001:0000ac40       _isdigit                   0040bc40 f   libucrt:_ctype.obj
 0001:0000ade9       _fclose                    0040bde9 f   libucrt:fclose.obj
 0001:0000aec0       __fwrite_internal          0040bec0 f   libucrt:fwrite.obj
 0001:0000af37       __fwrite_nolock_internal   0040bf37 f   libucrt:fwrite.obj
 0001:0000b0cb       _fwrite                    0040c0cb f   libucrt:fwrite.obj
 0001:0000b110       _calloc                    0040c110 f   libucrt:calloc.obj
 0001:0000b120       _free                      0040c120 f   libucrt:free.obj
 0001:0000b130       __recalloc_base            0040c130 f   libucrt:recalloc.obj
 0001:0000b1b0       __recalloc                 0040c1b0 f   libucrt:recalloc.obj
 0001:0000b1c0       __expand                   0040c1c0 f   libucrt:expand.obj
 0001:0000b1d0       __expand_base              0040c1d0 f   libucrt:expand.obj
 0001:0000b2b0       __callnewh                 0040c2b0 f   libucrt:new_handler.obj
 0001:0000b2f0       ___acrt_initialize_new_handler 0040c2f0 f   libucrt:new_handler.obj
 0001:0000b310       __query_new_handler        0040c310 f   libucrt:new_handler.obj
 0001:0000b370       __set_new_handler          0040c370 f   libucrt:new_handler.obj
 0001:0000b3e0       ?_set_new_handler@@YAP6AHI@ZH@Z 0040c3e0 f   libucrt:new_handler.obj
 0001:0000b3f0       _malloc                    0040c3f0 f   libucrt:malloc.obj
 0001:0000b3fb       __seh_filter_exe           0040c3fb f   libucrt:exception_filter.obj
 0001:0000b541       __query_app_type           0040c541 f   libucrt:report_runtime_error.obj
 0001:0000b547       __set_app_type             0040c547 f   libucrt:report_runtime_error.obj
 0001:0000b560       ___acrt_has_user_matherr   0040c560 f   libucrt:matherr.obj
 0001:0000b580       ___acrt_initialize_user_matherr 0040c580 f   libucrt:matherr.obj
 0001:0000b590       ___acrt_invoke_user_matherr 0040c590 f   libucrt:matherr.obj
 0001:0000b5d0       ___setusermatherr          0040c5d0 f   libucrt:matherr.obj
 0001:0000b8a5       ___acrt_allocate_buffer_for_argv 0040c8a5 f   libucrt:argv_parsing.obj
 0001:0000b8f4       __configure_narrow_argv    0040c8f4 f   libucrt:argv_parsing.obj
 0001:0000bb52       ___dcrt_get_or_create_narrow_environment_nolock 0040cb52 f   libucrt:environment_initialization.obj
 0001:0000bb57       ___dcrt_uninitialize_environments_nolock 0040cb57 f   libucrt:environment_initialization.obj
 0001:0000bba8       __get_initial_narrow_environment 0040cba8 f   libucrt:environment_initialization.obj
 0001:0000bbbc       __initialize_narrow_environment 0040cbbc f   libucrt:environment_initialization.obj
 0001:0000bbc1       __initterm                 0040cbc1 f   libucrt:initterm.obj
 0001:0000bbec       __initterm_e               0040cbec f   libucrt:initterm.obj
 0001:0000bebd       ___acrt_initialize_thread_local_exit_callback 0040cebd f   libucrt:exit.obj
 0001:0000becc       __c_exit                   0040cecc f   libucrt:exit.obj
 0001:0000bedb       __cexit                    0040cedb f   libucrt:exit.obj
 0001:0000beea       __exit                     0040ceea f   libucrt:exit.obj
 0001:0000bf00       __register_thread_local_exe_atexit_callback 0040cf00 f   libucrt:exit.obj
 0001:0000bf26       _exit                      0040cf26 f   libucrt:exit.obj
 0001:0000bf3c       __set_fmode                0040cf3c f   libucrt:setmode.obj
 0001:0000bf79       ___acrt_initialize_command_line 0040cf79 f   libucrt:argv_data.obj
 0001:0000bf92       ___p___argc                0040cf92 f   libucrt:argv_data.obj
 0001:0000bf98       ___p___argv                0040cf98 f   libucrt:argv_data.obj
 0001:0000c00c       ___acrt_set_locale_changed 0040d00c f   libucrt:wsetlocale.obj
 0001:0000c017       ___acrt_uninitialize_locale 0040d017 f   libucrt:wsetlocale.obj
 0001:0000c03e       __configthreadlocale       0040d03e f   libucrt:wsetlocale.obj
 0001:0000c0a0       __query_new_mode           0040d0a0 f   libucrt:new_mode.obj
 0001:0000c0b0       __set_new_mode             0040d0b0 f   libucrt:new_mode.obj
 0001:0000c0df       ___p__commode              0040d0df f   libucrt:ncommode.obj
 0001:0000c388       __crt_atexit               0040d388 f   libucrt:onexit.obj
 0001:0000c39e       __execute_onexit_table     0040d39e f   libucrt:onexit.obj
 0001:0000c3dc       __initialize_onexit_table  0040d3dc f   libucrt:onexit.obj
 0001:0000c405       __register_onexit_function 0040d405 f   libucrt:onexit.obj
 0001:0000c533       ___acrt_initialize         0040d533 f   libucrt:initialization.obj
 0001:0000c545       ___acrt_uninitialize       0040d545 f   libucrt:initialization.obj
 0001:0000c580       __controlfp_s              0040d580 f   libucrt:contrlfp.obj
 0001:0000c5ec       _terminate                 0040d5ec f   libucrt:terminate.obj
 0001:0000c628       _abort                     0040d628 f   libucrt:abort.obj
 0001:0000c66c       @_guard_check_icall@4      0040d66c f i libucrt:checkcfg.obj
 0001:0000c680       _strcpy_s                  0040d680 f   libucrt:strcpy_s.obj
 0001:0000c710       _strncmp                   0040d710 f   libucrt:strncmp.obj
 0001:0000c788       ?check_synchronize_global_state_index@__crt_cached_ptd_host@@AAEIXZ 0040d788 f i libucrt:invalid_parameter.obj
 0001:0000c7b1       ___acrt_call_reportfault   0040d7b1 f   libucrt:invalid_parameter.obj
 0001:0000c8ea       ___acrt_initialize_invalid_parameter_handler 0040d8ea f   libucrt:invalid_parameter.obj
 0001:0000c8f9       __invalid_parameter        0040d8f9 f   libucrt:invalid_parameter.obj
 0001:0000c930       __invalid_parameter_internal 0040d930 f   libucrt:invalid_parameter.obj
 0001:0000c9ad       __invalid_parameter_noinfo 0040d9ad f   libucrt:invalid_parameter.obj
 0001:0000c9bd       __invoke_watson            0040d9bd f   libucrt:invalid_parameter.obj
 0001:0000ca70       ___acrt_errno_from_os_error 0040da70 f   libucrt:errno.obj
 0001:0000cacf       ___acrt_errno_map_os_error 0040dacf f   libucrt:errno.obj
 0001:0000caf2       ___acrt_errno_map_os_error_ptd 0040daf2 f   libucrt:errno.obj
 0001:0000cb16       ___doserrno                0040db16 f   libucrt:errno.obj
 0001:0000cb2b       __errno                    0040db2b f   libucrt:errno.obj
 0001:0000cb40       __calloc_base              0040db40 f   libucrt:calloc_base.obj
 0001:0000cba0       __free_base                0040dba0 f   libucrt:free_base.obj
 0001:0000cdc1       ___acrt_AppPolicyGetProcessTerminationMethodInternal@4 0040ddc1 f   libucrt:winapi_thunks.obj
 0001:0000ce10       ___acrt_AreFileApisANSI@0  0040de10 f   libucrt:winapi_thunks.obj
 0001:0000ce2f       ___acrt_CompareStringEx@36 0040de2f f   libucrt:winapi_thunks.obj
 0001:0000ce8c       ___acrt_FlsAlloc@4         0040de8c f   libucrt:winapi_thunks.obj
 0001:0000ce98       ___acrt_FlsFree@4          0040de98 f   libucrt:winapi_thunks.obj
 0001:0000cea4       ___acrt_FlsGetValue2@4     0040dea4 f   libucrt:winapi_thunks.obj
 0001:0000ceb1       ___acrt_FlsGetValue@4      0040deb1 f   libucrt:winapi_thunks.obj
 0001:0000cebd       ___acrt_FlsSetValue@8      0040debd f   libucrt:winapi_thunks.obj
 0001:0000cec9       ___acrt_InitializeCriticalSectionEx@12 0040dec9 f   libucrt:winapi_thunks.obj
 0001:0000ced5       ___acrt_LCMapStringEx@36   0040ded5 f   libucrt:winapi_thunks.obj
 0001:0000cf32       ___acrt_LocaleNameToLCID@8 0040df32 f   libucrt:winapi_thunks.obj
 0001:0000cf63       ___acrt_initialize_winapi_thunks 0040df63 f   libucrt:winapi_thunks.obj
 0001:0000cf86       ___acrt_tls2_supported     0040df86 f   libucrt:winapi_thunks.obj
 0001:0000cfb7       ___acrt_uninitialize_winapi_thunks 0040dfb7 f   libucrt:winapi_thunks.obj
 0001:0000cfed       __fcloseall                0040dfed f   libucrt:closeall.obj
 0001:0000d270       ___acrt_stdio_flush_nolock 0040e270 f   libucrt:fflush.obj
 0001:0000d2d9       __fflush_nolock            0040e2d9 f   libucrt:fflush.obj
 0001:0000d33e       __flushall                 0040e33e f   libucrt:fflush.obj
 0001:0000d347       ___acrt_stdio_free_buffer_nolock 0040e347 f   libucrt:_freebuf.obj
 0001:0000d4e7       ___acrt_initialize_lowio   0040e4e7 f   libucrt:ioinit.obj
 0001:0000d547       ___acrt_uninitialize_lowio 0040e547 f   libucrt:ioinit.obj
 0001:0000d866       ?internal_get_ptd_head_slow@@YAPAU__acrt_ptd@@XZ 0040e866 f   libucrt:per_thread_data.obj
 0001:0000d959       ___acrt_getptd             0040e959 f   libucrt:per_thread_data.obj
 0001:0000d967       ___acrt_getptd_head        0040e967 f   libucrt:per_thread_data.obj
 0001:0000d9aa       ___acrt_getptd_noexit      0040e9aa f   libucrt:per_thread_data.obj
 0001:0000da36       ___acrt_getptd_noexit_explicit 0040ea36 f   libucrt:per_thread_data.obj
 0001:0000da7f       ___acrt_initialize_ptd     0040ea7f f   libucrt:per_thread_data.obj
 0001:0000dab5       ___acrt_uninitialize_ptd   0040eab5 f   libucrt:per_thread_data.obj
 0001:0000dacf       ___acrt_update_locale_info 0040eacf f   libucrt:locale_update.obj
 0001:0000dafc       ___acrt_update_locale_info_explicit 0040eafc f   libucrt:locale_update.obj
 0001:0000db2d       ___acrt_update_multibyte_info 0040eb2d f   libucrt:locale_update.obj
 0001:0000db5a       ___acrt_update_multibyte_info_explicit 0040eb5a f   libucrt:locale_update.obj
 0001:0000db90       __malloc_base              0040eb90 f   libucrt:malloc_base.obj
 0001:0000dc79       ___acrt_MultiByteToWideChar 0040ec79 f   libucrt:multibytetowidechar.obj
 0001:0000dca3       __wremove                  0040eca3 f   libucrt:wunlink.obj
 0001:0000deb8       ___acrt_LCMapStringA       0040eeb8 f   libucrt:lcmapstringa.obj
 0001:0000df01       __freea_crt                0040ef01 f i libucrt:lcmapstringa.obj
 0001:0000df30       _strnlen                   0040ef30 f   libucrt:strnlen.obj
 0001:0000e090       _wcsnlen                   0040f090 f   libucrt:strnlen.obj
 0001:0000e265       ?__acrt_fp_classify@@YA?AW4__acrt_fp_class@@ABN@Z 0040f265 f i libucrt:cvt.obj
 0001:0000ec14       ___acrt_fp_format          0040fc14 f   libucrt:cvt.obj
 0001:0000ed94       __wctomb_internal          0040fd94 f   libucrt:wctomb.obj
 0001:0000eef8       __mbtowc_internal          0040fef8 f   libucrt:mbtowc.obj
 0001:0000f028       ?__mblen_utf8@__crt_mbstring@@YAHPBD@Z 00410028 f   libucrt:mbrtoc32.obj
 0001:0000f069       ?__mbrtoc32_utf8@__crt_mbstring@@YAIPA_UPBDIPAU_Mbstatet@@AAV__crt_cached_ptd_host@@@Z 00410069 f   libucrt:mbrtoc32.obj
 0001:0000f222       ?__c16rtomb_utf8@__crt_mbstring@@YAIPAD_SPAU_Mbstatet@@AAV__crt_cached_ptd_host@@@Z 00410222 f   libucrt:c16rtomb.obj
 0001:0000f2f9       ?__mbrtowc_utf8@__crt_mbstring@@YAIPA_WPBDIPAU_Mbstatet@@AAV__crt_cached_ptd_host@@@Z 004102f9 f   libucrt:mbrtowc.obj
 0001:0000f33c       ?__mbsrtowcs_utf8@__crt_mbstring@@YAIPA_WPAPBDIPAU_Mbstatet@@AAV__crt_cached_ptd_host@@@Z 0041033c f   libucrt:mbrtowc.obj
 0001:0000f44f       __get_printf_count_output  0041044f f   libucrt:printf_count_output.obj
 0001:0000f464       __fputc_nolock_internal    00410464 f   libucrt:fputc.obj
 0001:0000f491       ___acrt_should_use_temporary_buffer 00410491 f   libucrt:_sftbuf.obj
 0001:0000f4cf       ___acrt_stdio_begin_temporary_buffering_nolock 004104cf f   libucrt:_sftbuf.obj
 0001:0000f57a       ___acrt_stdio_end_temporary_buffering_nolock 0041057a f   libucrt:_sftbuf.obj
 0001:0000f5b8       ___acrt_initialize_locks   004105b8 f   libucrt:locks.obj
 0001:0000f5f9       ___acrt_lock               004105f9 f   libucrt:locks.obj
 0001:0000f610       ___acrt_uninitialize_locks 00410610 f   libucrt:locks.obj
 0001:0000f641       ___acrt_unlock             00410641 f   libucrt:locks.obj
 0001:0000f660       ___ascii_memicmp           00410660 f   libucrt:_memicmp.obj
 0001:0000f6b9       __isctype_l                004106b9 f   libucrt:isctype.obj
 0001:0000f784       ?__acrt_stdio_free_stream@@YAXV__crt_stdio_stream@@@Z 00410784 f   libucrt:stream.obj
 0001:0000f850       __close_internal           00410850 f   libucrt:close.obj
 0001:0000f8f3       __close_nolock_internal    004108f3 f   libucrt:close.obj
 0001:00010139       __write_internal           00411139 f   libucrt:write.obj
 0001:0001024a       __write_nolock             0041124a f   libucrt:write.obj
 0001:000106bd       ___acrt_stdio_flush_and_write_narrow_nolock 004116bd f   libucrt:_flsbuf.obj
 0001:00010870       __lseeki64                 00411870 f   libucrt:lseek.obj
 0001:000108b0       __lseeki64_nolock_internal 004118b0 f   libucrt:lseek.obj
 0001:000108d0       __msize_base               004118d0 f   libucrt:msize.obj
 0001:00010910       __msize                    00411910 f   libucrt:msize.obj
 0001:00010920       __realloc_base             00411920 f   libucrt:realloc_base.obj
 0001:00010990       __get_heap_handle          00411990 f   libucrt:heap_handle.obj
 0001:000109a0       ___acrt_initialize_heap    004119a0 f   libucrt:heap_handle.obj
 0001:000109c0       ___acrt_uninitialize_heap  004119c0 f   libucrt:heap_handle.obj
 0001:000109d0       ___acrt_getheap            004119d0 f   libucrt:heap_handle.obj
 0001:000109ee       ??$__acrt_convert_wcs_mbs_cp@_WDV<lambda_28bda7af82a03b66c1cb3803a755f95d>@@U__crt_win32_buffer_internal_dynamic_resizing@@@@YAHQB_WAAV?$__crt_win32_buffer@DU__crt_win32_buffer_internal_dynamic_resizing@@@@ABV<lambda_28bda7af82a03b66c1cb3803a755f95d>@@I@Z 004119ee f i libucrt:argv_wildcards.obj
 0001:00010f93       ??R<lambda_0fec1a7b3f42a53036604e18c2d5e07e>@@QBE@IQB_WQADI@Z 00411f93 f i libucrt:getmodulefilenamea.obj
 0001:00010f93       ??R<lambda_28bda7af82a03b66c1cb3803a755f95d>@@QBE@IQB_WQADI@Z 00411f93 f i libucrt:argv_wildcards.obj
 0001:00010fb7       ?allocate@?$__crt_win32_buffer@DU__crt_win32_buffer_internal_dynamic_resizing@@@@QAEHI@Z 00411fb7 f i libucrt:argv_wildcards.obj
 0001:0001107a       ___acrt_expand_narrow_argv_wildcards 0041207a f   libucrt:argv_wildcards.obj
 0001:00011085       ??$__acrt_convert_wcs_mbs_cp@_WDV<lambda_0fec1a7b3f42a53036604e18c2d5e07e>@@U__crt_win32_buffer_no_resizing@@@@YAHQB_WAAV?$__crt_win32_buffer@DU__crt_win32_buffer_no_resizing@@@@ABV<lambda_0fec1a7b3f42a53036604e18c2d5e07e>@@I@Z 00412085 f i libucrt:getmodulefilenamea.obj
 0001:00011147       ?allocate@?$__crt_win32_buffer@DU__crt_win32_buffer_no_resizing@@@@QAEHI@Z 00412147 f i libucrt:getmodulefilenamea.obj
 0001:0001116e       ?set_to_nullptr@?$__crt_win32_buffer@DU__crt_win32_buffer_no_resizing@@@@QAEXXZ 0041216e f i libucrt:getmodulefilenamea.obj
 0001:00011182       ___acrt_GetModuleFileNameA 00412182 f   libucrt:getmodulefilenamea.obj
 0001:0001179f       ___acrt_initialize_multibyte 0041279f f   libucrt:mbctype.obj
 0001:000117e7       ___acrt_update_thread_multibyte_data 004127e7 f   libucrt:mbctype.obj
 0001:000117fa       __setmbcp_nolock           004127fa f   libucrt:mbctype.obj
 0001:00011ad0       __ismbblead                00412ad0 f   libucrt:ismbbyte.obj
 0001:00011b78       ___acrt_WideCharToMultiByte 00412b78 f   libucrt:widechartomultibyte.obj
 0001:00011c19       ___dcrt_get_narrow_environment_from_os 00412c19 f   libucrt:get_environment_from_os.obj
 0001:00012036       ___dcrt_set_variable_in_narrow_environment_nolock 00413036 f   libucrt:setenv.obj
 0001:00012041       ___acrt_app_verifier_enabled 00413041 f   libucrt:peb_access.obj
 0001:00012053       ___acrt_is_secure_process  00413053 f   libucrt:peb_access.obj
 0001:00012066       ___acrt_get_process_end_policy 00413066 f   libucrt:win_policies.obj
 0001:0001208d       ___acrt_lowio_create_handle_array 0041308d f   libucrt:osfinfo.obj
 0001:00012108       ___acrt_lowio_destroy_handle_array 00413108 f   libucrt:osfinfo.obj
 0001:0001213d       ___acrt_lowio_ensure_fh_exists 0041313d f   libucrt:osfinfo.obj
 0001:000121db       ___acrt_lowio_lock_fh      004131db f   libucrt:osfinfo.obj
 0001:000121fe       ___acrt_lowio_unlock_fh    004131fe f   libucrt:osfinfo.obj
 0001:00012221       __free_osfhnd              00413221 f   libucrt:osfinfo.obj
 0001:000122b2       __get_osfhandle            004132b2 f   libucrt:osfinfo.obj
 0001:0001231c       ___acrt_initialize_fmode   0041331c f   libucrt:txtmode.obj
 0001:00012332       ___acrt_locale_free_monetary 00413332 f   libucrt:initmon.obj
 0001:00012430       ___acrt_locale_free_numeric 00413430 f   libucrt:initnum.obj
 0001:000124be       ___acrt_locale_free_time   004134be f   libucrt:inittime.obj
 0001:000125b0       _wcsncmp                   004135b0 f   libucrt:wcsncmp.obj
 0001:000125f3       ___acrt_GetStringTypeA     004135f3 f   libucrt:getstringtypea.obj
 0001:000126f1       ___acrt_add_locale_ref     004136f1 f   libucrt:locale_refcounting.obj
 0001:0001276e       ___acrt_free_locale        0041376e f   libucrt:locale_refcounting.obj
 0001:000128b6       ___acrt_locale_add_lc_time_reference 004138b6 f   libucrt:locale_refcounting.obj
 0001:000128df       ___acrt_locale_free_lc_time_if_unreferenced 004138df f   libucrt:locale_refcounting.obj
 0001:00012910       ___acrt_locale_release_lc_time_reference 00413910 f   libucrt:locale_refcounting.obj
 0001:00012939       ___acrt_release_locale_ref 00413939 f   libucrt:locale_refcounting.obj
 0001:000129ba       ___acrt_update_thread_locale_data 004139ba f   libucrt:locale_refcounting.obj
 0001:00012a3b       __updatetlocinfoEx_nolock  00413a3b f   libucrt:locale_refcounting.obj
 0001:00012a8b       ___acrt_execute_initializers 00413a8b f   libucrt:shared_initialization.obj
 0001:00012af3       ___acrt_execute_uninitializers 00413af3 f   libucrt:shared_initialization.obj
 0001:00012c00       __clearfp                  00413c00 f   libucrt:ieee87.obj
 0001:00012d20       __control87                00413d20 f   libucrt:ieee87.obj
 0001:000131f6       ___acrt_DownlevelLocaleNameToLCID 004141f6 f   libucrt:lcidtoname_downlevel.obj
 0001:000132c4       __commit                   004142c4 f   libucrt:commit.obj
 0001:00013350       ___strncnt                 00414350 f   libucrt:strncnt.obj
 0001:0001341f       ___acrt_fp_strflt_to_string 0041441f f   libucrt:_fptostr.obj
 0001:00013520       ?divide@__crt_strtox@@YA_KAAUbig_integer@1@ABU21@@Z 00414520 f i libucrt:cfout.obj
 0001:000139f7       ___acrt_fltout             004149f7 f   libucrt:cfout.obj
 0001:00014ed0       _fegetround                00415ed0 f   libucrt:fegetround.obj
 0001:00014edf       ?__c32rtomb_utf8@__crt_mbstring@@YAIPAD_UPAU_Mbstatet@@AAV__crt_cached_ptd_host@@@Z 00415edf f   libucrt:c32rtomb.obj
 0001:00014f8d       ?reset_and_return@__crt_mbstring@@YAIIPAU_Mbstatet@@@Z 00415f8d f   libucrt:common_utf8.obj
 0001:00014fa1       ?return_illegal_sequence@__crt_mbstring@@YAIPAU_Mbstatet@@AAV__crt_cached_ptd_host@@@Z 00415fa1 f   libucrt:common_utf8.obj
 0001:00014fd0       ___ascii_wcsnicmp          00415fd0 f   libucrt:wcsnicmp.obj
 0001:00015080       __strnicmp                 00416080 f   libucrt:strnicmp.obj
 0001:000150e0       __strnicmp_l               004160e0 f   libucrt:strnicmp.obj
 0001:00015237       ___acrt_stdio_allocate_buffer_nolock 00416237 f   libucrt:_getbuf.obj
 0001:00015293       __putwch_nolock            00416293 f   libucrt:putwch.obj
 0001:000152d0       _qsort                     004162d0 f   libucrt:qsort.obj
 0001:00015710       _strncpy_s                 00416710 f   libucrt:strncpy_s.obj
 0001:00015810       _strpbrk                   00416810 f   libucrt:strpbrk.obj
 0001:00015850       __mbsdec                   00416850 f   libucrt:mbsdec.obj
 0001:00015867       __mbsdec_l                 00416867 f   libucrt:mbsdec.obj
 0001:00015900       __strnicoll                00416900 f   libucrt:strnicol.obj
 0001:00015a6c       ___acrt_SetEnvironmentVariableA 00416a6c f   libucrt:setenvironmentvariablea.obj
 0001:00015b10       ___set_fpsr_sse2           00416b10 f   libucrt:fpctrl.obj
 0001:00015bf0       __clrfp                    00416bf0 f   libucrt:fpctrl.obj
 0001:00015c10       __ctrlfp                   00416c10 f   libucrt:fpctrl.obj
 0001:00015c40       __set_statfp               00416c40 f   libucrt:fpctrl.obj
 0001:00015ca0       __statfp                   00416ca0 f   libucrt:fpctrl.obj
 0001:00015cc0       _fegetenv                  00416cc0 f   libucrt:fegetenv.obj
 0001:00015ce0       _fesetenv                  00416ce0 f   libucrt:fesetenv.obj
 0001:00015d40       _feholdexcept              00416d40 f   libucrt:feholdexcept.obj
 0001:00015da0       __libm_sse2_log10_precise  00416da0 f   libucrt:log10_sse2_precise.obj
 0001:00016050       __ceil_no_sse41            00417050 f   libucrt:ceil_pentium4.obj
 0001:00016090       _ceil                      00417090 f   libucrt:ceil_pentium4.obj
 0001:000160b0       __ceil_pentium4            004170b0 f   libucrt:ceil_pentium4.obj
 0001:00016190       ___acrt_fenv_get_common_round_control 00417190 f   libucrt:_fenvutils.obj
 0001:000161c0       ___acrt_fenv_get_control   004171c0 f   libucrt:_fenvutils.obj
 0001:000163a0       ___acrt_fenv_get_status    004173a0 f   libucrt:_fenvutils.obj
 0001:00016450       ___acrt_fenv_set_control   00417450 f   libucrt:_fenvutils.obj
 0001:000166a0       ___acrt_fenv_set_status    004176a0 f   libucrt:_fenvutils.obj
 0001:000167b0       ___ascii_strnicmp          004177b0 f   libucrt:_strnicm.obj
 0001:00016830       ___dcrt_lowio_ensure_console_output_initialized 00417830 f   libucrt:initcon.obj
 0001:0001684f       ___dcrt_terminate_console_output 0041784f f   libucrt:initcon.obj
 0001:00016866       ___dcrt_write_console      00417866 f   libucrt:initcon.obj
 0001:00016b5a       ___acrt_CompareStringA     00417b5a f   libucrt:comparestringa.obj
 0001:00016ba0       ___libm_error_support      00417ba0 f   libucrt:libm_error.obj
 0001:00016e40       __CIlog10                  00417e40 f   libucrt:log10_impl.obj
 0001:00016e7b       __CIlog10_default          00417e7b f   libucrt:log10_impl.obj
 0001:00016e8f       __log10_default            00417e8f     libucrt:log10_impl.obj
 0001:00016f50       ___acrt_initialize_sse2    00417f50 f   libucrt:mathfcns.obj
 0001:00016f60       __ceil_default             00417f60 f   libucrt:ceil.obj
 0001:00017060       __CIlog10_pentium4         00418060 f   libucrt:log10_pentium4.obj
 0001:00017078       __log10_pentium4           00418078     libucrt:log10_pentium4.obj
 0001:00017310       __fFEXP                    00418310 f   libucrt:87tran.obj
 0001:00017367       __rtinfpopse               00418367     libucrt:87tran.obj
 0001:00017369       __rtinfnpopse              00418369     libucrt:87tran.obj
 0001:00017379       __fFLN                     00418379     libucrt:87tran.obj
 0001:0001742e       __rtinfpop                 0041842e     libucrt:87tran.obj
 0001:00017430       __rtinfnpop                00418430     libucrt:87tran.obj
 0001:00017440       __rtforexpinf              00418440 f   libucrt:87tran.obj
 0001:0001744d       __ffexpm1                  0041844d     libucrt:87tran.obj
 0001:00017500       __trandisp1                00418500 f   libucrt:87disp.obj
 0001:00017575       __trandisp2                00418575 f   libucrt:87disp.obj
 0001:0001760f       __rttospopde               0041860f     libucrt:87disp.obj
 0001:00017614       __rttospop                 00418614     libucrt:87disp.obj
 0001:00017620       __rtnospop                 00418620 f   libucrt:87disp.obj
 0001:00017630       __rttosnpop                00418630 f   libucrt:87disp.obj
 0001:00017631       __rtnospopde               00418631     libucrt:87disp.obj
 0001:00017638       __rtzeropop                00418638     libucrt:87disp.obj
 0001:0001763a       __rtzeronpop               0041863a     libucrt:87disp.obj
 0001:00017640       __rtzerospop               00418640 f   libucrt:87disp.obj
 0001:0001764d       __rtonepop                 0041864d     libucrt:87disp.obj
 0001:00017650       __rtonenpop                00418650 f   libucrt:87disp.obj
 0001:00017660       __tosnan1                  00418660 f   libucrt:87disp.obj
 0001:00017690       __nosnan2                  00418690 f   libucrt:87disp.obj
 0001:000176a0       __tosnan2                  004186a0 f   libucrt:87disp.obj
 0001:000176d0       __nan2                     004186d0 f   libucrt:87disp.obj
 0001:00017710       __rtindfpop                00418710 f   libucrt:87disp.obj
 0001:00017712       __rtindfnpop               00418712     libucrt:87disp.obj
 0001:00017723       __rttosnpopde              00418723     libucrt:87disp.obj
 0001:00017730       __rtatan2inf               00418730 f   libucrt:87disp.obj
 0001:0001774d       __rtchsifneg               0041874d     libucrt:87disp.obj
 0001:00017760       __twoToTOS                 00418760 f   libucrt:common.obj
 0001:00017775       __load_CW                  00418775 f   libucrt:common.obj
 0001:0001778c       __convertTOStoQNaN         0041878c f   libucrt:common.obj
 0001:000177a5       __fload_withFB             004187a5 f   libucrt:common.obj
 0001:000177e8       __checkTOS_withFB          004187e8 f   libucrt:common.obj
 0001:000177fe       __fast_exit                004187fe f   libucrt:common.obj
 0001:0001780b       __math_exit                0041880b f   libucrt:common.obj
 0001:00017835       __check_overflow_exit      00418835 f   libucrt:common.obj
 0001:00017849       __check_range_exit         00418849 f   libucrt:common.obj
 0001:000178f0       __startTwoArgErrorHandling 004188f0 f   libucrt:genexcep.obj
 0001:00017907       __startOneArgErrorHandling 00418907 f   libucrt:genexcep.obj
 0001:00017950       __frnd                     00418950 f   libucrt:frnd.obj
 0001:00017970       __except1                  00418970 f   libucrt:fpexcept.obj
 0001:00017ab0       __handle_exc               00418ab0 f   libucrt:fpexcept.obj
 0001:00017de0       __raise_exc                00418de0 f   libucrt:fpexcept.obj
 0001:00017e10       __raise_exc_ex             00418e10 f   libucrt:fpexcept.obj
 0001:00018140       __set_errno_from_matherr   00419140 f   libucrt:fpexcept.obj
 0001:00018180       __umatherr                 00419180 f   libucrt:fpexcept.obj
 0001:00018280       __decomp                   00419280 f i libucrt:frexp.obj
 0001:00018390       __sptype                   00419390 f i libucrt:frexp.obj
 0001:00018410       __powhlp                   00419410 f   libucrt:powhlp.obj
 0001:00018610       __87except                 00419610 f   libucrt:87except.obj
 0001:00018750       __fpclass                  00419750 f   libucrt:ieeemisc.obj
 0001:00018820       __FindPESection            00419820 f   LIBCMT:pesect.obj
 0001:00018870       __IsNonwritableInCurrentImage 00419870 f   LIBCMT:pesect.obj
 0001:00018930       __ValidateImageBase        00419930 f   LIBCMT:pesect.obj
 0001:00018961       __EH_epilog3               00419961 f   LIBCMT:ehprolg3.obj
 0001:00018975       __EH_prolog3               00419975 f   LIBCMT:ehprolg3.obj
 0001:000189a8       __EH_prolog3_catch         004199a8 f   LIBCMT:ehprolg3.obj
 0001:000189e0       __aulldvrm                 004199e0 f   LIBCMT:ulldvrm.obj
 0001:00018a80       __alldiv                   00419a80 f   LIBCMT:lldiv.obj
 0001:00018b30       __alldvrm                  00419b30 f   LIBCMT:lldvrm.obj
 0001:00018c10       __allmul                   00419c10 f   LIBCMT:llmul.obj
 0001:00018c50       __allrem                   00419c50 f   LIBCMT:llrem.obj
 0001:00018d10       __alloca_probe             00419d10 f   LIBCMT:chkstk.obj
 0001:00018d10       __chkstk                   00419d10 f   LIBCMT:chkstk.obj
 0001:00018d40       __aulldiv                  00419d40 f   LIBCMT:ulldiv.obj
 0001:00018db0       __alloca_probe_16          00419db0 f   LIBCMT:alloca16.obj
 0001:00018dc6       __alloca_probe_8           00419dc6     LIBCMT:alloca16.obj
 0001:00018de0       __aullshr                  00419de0 f   LIBCMT:ullshr.obj
 0001:00018e00       __allshl                   00419e00 f   LIBCMT:llshl.obj
 0001:00018e20       __aullrem                  00419e20 f   LIBCMT:ullrem.obj
 0001:00018ea0       _strrchr                   00419ea0 f   libvcruntime:strrchr.obj
 0001:00018fd7       __filter_x86_sse2_floating_point_exception 00419fd7 f   LIBCMT:x86_exception_filter.obj
 0001:00018fd7       __filter_x86_sse2_floating_point_exception_default 00419fd7 f   LIBCMT:x86_exception_filter.obj
 0001:00019050       _strncpy                   0041a050 f   libucrt:strncpy.obj
 0002:00000000       __imp__QueryPerformanceCounter@4 0041b000     kernel32:KERNEL32.dll
 0002:00000004       __imp__GetCurrentProcessId@0 0041b004     kernel32:KERNEL32.dll
 0002:00000008       __imp__GetCurrentThreadId@0 0041b008     kernel32:KERNEL32.dll
 0002:0000000c       __imp__GetSystemTimeAsFileTime@4 0041b00c     kernel32:KERNEL32.dll
 0002:00000010       __imp__InitializeSListHead@4 0041b010     kernel32:KERNEL32.dll
 0002:00000014       __imp__SetUnhandledExceptionFilter@4 0041b014     kernel32:KERNEL32.dll
 0002:00000018       __imp__GetStartupInfoW@4   0041b018     kernel32:KERNEL32.dll
 0002:0000001c       __imp__GetModuleHandleW@4  0041b01c     kernel32:KERNEL32.dll
 0002:00000020       __imp__IsProcessorFeaturePresent@4 0041b020     kernel32:KERNEL32.dll
 0002:00000024       __imp__RtlUnwind@16        0041b024     kernel32:KERNEL32.dll
 0002:00000028       __imp__RaiseException@16   0041b028     kernel32:KERNEL32.dll
 0002:0000002c       __imp__GetLastError@0      0041b02c     kernel32:KERNEL32.dll
 0002:00000030       __imp__SetLastError@4      0041b030     kernel32:KERNEL32.dll
 0002:00000034       __imp__FlsAlloc@4          0041b034     kernel32:KERNEL32.dll
 0002:00000038       __imp__FlsGetValue@4       0041b038     kernel32:KERNEL32.dll
 0002:0000003c       __imp__FlsSetValue@8       0041b03c     kernel32:KERNEL32.dll
 0002:00000040       __imp__FlsFree@4           0041b040     kernel32:KERNEL32.dll
 0002:00000044       __imp__EncodePointer@4     0041b044     kernel32:KERNEL32.dll
 0002:00000048       __imp__EnterCriticalSection@4 0041b048     kernel32:KERNEL32.dll
 0002:0000004c       __imp__LeaveCriticalSection@4 0041b04c     kernel32:KERNEL32.dll
 0002:00000050       __imp__InitializeCriticalSectionEx@12 0041b050     kernel32:KERNEL32.dll
 0002:00000054       __imp__DeleteCriticalSection@4 0041b054     kernel32:KERNEL32.dll
 0002:00000058       __imp__QueryPerformanceFrequency@4 0041b058     kernel32:KERNEL32.dll
 0002:0000005c       __imp__SetConsoleCtrlHandler@8 0041b05c     kernel32:KERNEL32.dll
 0002:00000060       __imp__HeapReAlloc@16      0041b060     kernel32:KERNEL32.dll
 0002:00000064       __imp__HeapSize@12         0041b064     kernel32:KERNEL32.dll
 0002:00000068       __imp__HeapQueryInformation@20 0041b068     kernel32:KERNEL32.dll
 0002:0000006c       __imp__GetStdHandle@4      0041b06c     kernel32:KERNEL32.dll
 0002:00000070       __imp__WriteFile@20        0041b070     kernel32:KERNEL32.dll
 0002:00000074       __imp__GetModuleFileNameW@12 0041b074     kernel32:KERNEL32.dll
 0002:00000078       __imp__GetCurrentProcess@0 0041b078     kernel32:KERNEL32.dll
 0002:0000007c       __imp__ExitProcess@4       0041b07c     kernel32:KERNEL32.dll
 0002:00000080       __imp__TerminateProcess@8  0041b080     kernel32:KERNEL32.dll
 0002:00000084       __imp__FreeLibrary@4       0041b084     kernel32:KERNEL32.dll
 0002:00000088       __imp__GetModuleHandleExW@12 0041b088     kernel32:KERNEL32.dll
 0002:0000008c       __imp__GetProcAddress@8    0041b08c     kernel32:KERNEL32.dll
 0002:00000090       __imp__GetCommandLineA@0   0041b090     kernel32:KERNEL32.dll
 0002:00000094       __imp__GetCommandLineW@0   0041b094     kernel32:KERNEL32.dll
 0002:00000098       __imp__IsDebuggerPresent@0 0041b098     kernel32:KERNEL32.dll
 0002:0000009c       __imp__UnhandledExceptionFilter@4 0041b09c     kernel32:KERNEL32.dll
 0002:000000a0       __imp__HeapAlloc@12        0041b0a0     kernel32:KERNEL32.dll
 0002:000000a4       __imp__HeapFree@12         0041b0a4     kernel32:KERNEL32.dll
 0002:000000a8       __imp__VirtualProtect@16   0041b0a8     kernel32:KERNEL32.dll
 0002:000000ac       __imp__LoadLibraryExW@12   0041b0ac     kernel32:KERNEL32.dll
 0002:000000b0       __imp__CompareStringW@24   0041b0b0     kernel32:KERNEL32.dll
 0002:000000b4       __imp__LCMapStringW@24     0041b0b4     kernel32:KERNEL32.dll
 0002:000000b8       __imp__GetFileType@4       0041b0b8     kernel32:KERNEL32.dll
 0002:000000bc       __imp__MultiByteToWideChar@24 0041b0bc     kernel32:KERNEL32.dll
 0002:000000c0       __imp__DeleteFileW@4       0041b0c0     kernel32:KERNEL32.dll
 0002:000000c4       __imp__CloseHandle@4       0041b0c4     kernel32:KERNEL32.dll
 0002:000000c8       __imp__GetConsoleMode@8    0041b0c8     kernel32:KERNEL32.dll
 0002:000000cc       __imp__GetConsoleOutputCP@0 0041b0cc     kernel32:KERNEL32.dll
 0002:000000d0       __imp__GetFileSizeEx@8     0041b0d0     kernel32:KERNEL32.dll
 0002:000000d4       __imp__SetFilePointerEx@20 0041b0d4     kernel32:KERNEL32.dll
 0002:000000d8       __imp__GetProcessHeap@0    0041b0d8     kernel32:KERNEL32.dll
 0002:000000dc       __imp__FindClose@4         0041b0dc     kernel32:KERNEL32.dll
 0002:000000e0       __imp__FindFirstFileExW@24 0041b0e0     kernel32:KERNEL32.dll
 0002:000000e4       __imp__FindNextFileW@8     0041b0e4     kernel32:KERNEL32.dll
 0002:000000e8       __imp__IsValidCodePage@4   0041b0e8     kernel32:KERNEL32.dll
 0002:000000ec       __imp__GetACP@0            0041b0ec     kernel32:KERNEL32.dll
 0002:000000f0       __imp__GetOEMCP@0          0041b0f0     kernel32:KERNEL32.dll
 0002:000000f4       __imp__GetCPInfo@8         0041b0f4     kernel32:KERNEL32.dll
 0002:000000f8       __imp__WideCharToMultiByte@32 0041b0f8     kernel32:KERNEL32.dll
 0002:000000fc       __imp__GetEnvironmentStringsW@0 0041b0fc     kernel32:KERNEL32.dll
 0002:00000100       __imp__FreeEnvironmentStringsW@4 0041b100     kernel32:KERNEL32.dll
 0002:00000104       __imp__SetEnvironmentVariableW@8 0041b104     kernel32:KERNEL32.dll
 0002:00000108       __imp__SetStdHandle@8      0041b108     kernel32:KERNEL32.dll
 0002:0000010c       __imp__GetStringTypeW@16   0041b10c     kernel32:KERNEL32.dll
 0002:00000110       __imp__FlushFileBuffers@4  0041b110     kernel32:KERNEL32.dll
 0002:00000114       __imp__CreateFileW@28      0041b114     kernel32:KERNEL32.dll
 0002:00000118       __imp__WriteConsoleW@20    0041b118     kernel32:KERNEL32.dll
 0002:0000011c       __imp__DecodePointer@4     0041b11c     kernel32:KERNEL32.dll
 0002:00000120       \177KERNEL32_NULL_THUNK_DATA 0041b120     kernel32:KERNEL32.dll
 0002:00000124       ___guard_check_icall_fptr  0041b124     LIBCMT:guard_support.obj
 0002:00000128       ___castguard_check_failure_os_handled_fptr 0041b128     LIBCMT:guard_support.obj
 0002:0000012c       ___xc_a                    0041b12c     LIBCMT:initializers.obj
 0002:00000134       ___xc_z                    0041b134     LIBCMT:initializers.obj
 0002:00000138       ___xi_a                    0041b138     LIBCMT:initializers.obj
 0002:00000144       ___acrt_stdio_initializer  0041b144     libucrt:stdio_initializer.obj
 0002:00000148       ___acrt_clock_initializer  0041b148     libucrt:clock_initializer.obj
 0002:0000014c       ___acrt_multibyte_initializer 0041b14c     libucrt:multibyte_initializer.obj
 0002:00000150       ___acrt_fmode_initializer  0041b150     libucrt:fmode_initializer.obj
 0002:00000154       ___acrt_tran_sse2_initializer 0041b154     libucrt:sse2_initializer.obj
 0002:00000158       ___xi_z                    0041b158     LIBCMT:initializers.obj
 0002:0000015c       ___xp_a                    0041b15c     LIBCMT:initializers.obj
 0002:00000160       ___acrt_locale_terminator  0041b160     libucrt:locale_initializer.obj
 0002:00000164       ___dcrt_console_output_terminator 0041b164     libucrt:console_output_initializer.obj
 0002:00000168       ___acrt_stdio_terminator   0041b168     libucrt:stdio_initializer.obj
 0002:0000016c       ___xp_z                    0041b16c     LIBCMT:initializers.obj
 0002:00000170       ___xt_a                    0041b170     LIBCMT:initializers.obj
 0002:00000174       ___xt_z                    0041b174     LIBCMT:initializers.obj
 0002:00000184       ??_7type_info@@6B@         0041b184     LIBCMT:std_type_info_static.obj
 0002:0000018c       ??_7exception@std@@6B@     0041b18c     LIBCMT:throw_bad_alloc.obj
 0002:00000194       ??_C@_0BC@EOODALEL@Unknown?5exception@ 0041b194     LIBCMT:throw_bad_alloc.obj
 0002:000001ac       ??_7bad_alloc@std@@6B@     0041b1ac     LIBCMT:throw_bad_alloc.obj
 0002:000001b4       ??_C@_0P@GHFPNOJB@bad?5allocation@ 0041b1b4     LIBCMT:throw_bad_alloc.obj
 0002:000001c8       ??_7bad_array_new_length@std@@6B@ 0041b1c8     LIBCMT:throw_bad_alloc.obj
 0002:000001d0       ??_C@_0BF@KINCDENJ@bad?5array?5new?5length@ 0041b1d0     LIBCMT:throw_bad_alloc.obj
 0002:000001e8       __pDestructExceptionObject 0041b1e8     libvcruntime:ehhelpers.obj
 0002:000001f0       ??_7bad_exception@std@@6B@ 0041b1f0     libvcruntime:frame.obj
 0002:000001f8       ??_C@_0O@DPKOEFFH@bad?5exception@ 0041b1f8     libvcruntime:frame.obj
 0002:00000590       ??_C@_08EHJDFFNH@__based?$CI@ 0041b590     libvcruntime:undname.obj
 0002:0000059c       ??_C@_07KOLFKCDI@__cdecl@  0041b59c     libvcruntime:undname.obj
 0002:000005a4       ??_C@_09IFJBGAPI@__stdcall@ 0041b5a4     libvcruntime:undname.obj
 0002:000005b0       ??_C@_0L@NPHFGOKO@__thiscall@ 0041b5b0     libvcruntime:undname.obj
 0002:000005bc       ??_C@_0L@JMKHOMEK@__fastcall@ 0041b5bc     libvcruntime:undname.obj
 0002:000005c8       ??_C@_0N@BCKKPABJ@__vectorcall@ 0041b5c8     libvcruntime:undname.obj
 0002:000005d8       ??_C@_0BA@NAGGFLJK@__preserve_none@ 0041b5d8     libvcruntime:undname.obj
 0002:000005e8       ??_C@_09HIJEGCPM@__clrcall@ 0041b5e8     libvcruntime:undname.obj
 0002:000005f4       ??_C@_06GHPCKEAG@__eabi@   0041b5f4     libvcruntime:undname.obj
 0002:000005fc       ??_C@_09IOPIDJLG@__swift_1@ 0041b5fc     libvcruntime:undname.obj
 0002:00000608       ??_C@_09KFNFGKHF@__swift_2@ 0041b608     libvcruntime:undname.obj
 0002:00000614       ??_C@_09LMMOFLDE@__swift_3@ 0041b614     libvcruntime:undname.obj
 0002:00000620       ??_C@_07JOMMBBKO@__ptr64@  0041b620     libvcruntime:undname.obj
 0002:00000628       ??_C@_0L@PILCLIHE@__restrict@ 0041b628     libvcruntime:undname.obj
 0002:00000634       ??_C@_0M@GFIIJFMG@__unaligned@ 0041b634     libvcruntime:undname.obj
 0002:00000640       ??_C@_09DHDLOLLB@restrict?$CI@ 0041b640     libvcruntime:undname.obj
 0002:0000064c       ??_C@_04NIHEBCM@?5new@     0041b64c     libvcruntime:undname.obj
 0002:00000654       ??_C@_07FPCDHGMM@?5delete@ 0041b654     libvcruntime:undname.obj
 0002:0000065c       ??_C@_01NEMOKFLO@?$DN@     0041b65c     libvcruntime:undname.obj
 0002:00000660       ??_C@_02GPIOPFAK@?$DO?$DO@ 0041b660     libvcruntime:undname.obj
 0002:00000664       ??_C@_02FODMEDOG@?$DM?$DM@ 0041b664     libvcruntime:undname.obj
 0002:00000668       ??_C@_01DCLJPIOD@?$CB@     0041b668     libvcruntime:undname.obj
 0002:0000066c       ??_C@_02EGOFBIJA@?$DN?$DN@ 0041b66c     libvcruntime:undname.obj
 0002:00000670       ??_C@_02FDNJECIE@?$CB?$DN@ 0041b670     libvcruntime:undname.obj
 0002:00000674       ??_C@_02GPECMEKF@?$FL?$FN@ 0041b674     libvcruntime:undname.obj
 0002:00000678       ??_C@_08LHJFAFGD@operator@ 0041b678     libvcruntime:undname.obj
 0002:00000684       ??_C@_02HBOOOICD@?9?$DO@   0041b684     libvcruntime:undname.obj
 0002:00000688       ??_C@_01NBENCBCI@?$CK@     0041b688     libvcruntime:undname.obj
 0002:0000068c       ??_C@_02ECNGHCIF@?$CL?$CL@ 0041b68c     libvcruntime:undname.obj
 0002:00000690       ??_C@_02BAABKJLB@?9?9@     0041b690     libvcruntime:undname.obj
 0002:00000694       ??_C@_01JOAMLHOP@?9@       0041b694     libvcruntime:undname.obj
 0002:00000698       ??_C@_01MIFGBAGJ@?$CL@     0041b698     libvcruntime:undname.obj
 0002:0000069c       ??_C@_01HNPIGOCE@?$CG@     0041b69c     libvcruntime:undname.obj
 0002:000006a0       ??_C@_03MNHNFDLC@?9?$DO?$CK@ 0041b6a0     libvcruntime:undname.obj
 0002:000006a4       ??_C@_01KMDKNFGN@?1@       0041b6a4     libvcruntime:undname.obj
 0002:000006a8       ??_C@_01FGNFDNOH@?$CF@     0041b6a8     libvcruntime:undname.obj
 0002:000006ac       ??_C@_01MNNFJEPP@?$DM@     0041b6ac     libvcruntime:undname.obj
 0002:000006b0       ??_C@_02EHCHHCKH@?$DM?$DN@ 0041b6b0     libvcruntime:undname.obj
 0002:000006b4       ??_C@_01PPODPGHN@?$DO@     0041b6b4     libvcruntime:undname.obj
 0002:000006b8       ??_C@_02EEKDKGMJ@?$DO?$DN@ 0041b6b8     libvcruntime:undname.obj
 0002:000006bc       ??_C@_01IHBHIGKO@?0@       0041b6bc     libvcruntime:undname.obj
 0002:000006c0       ??_C@_02HCKGKOFO@?$CI?$CJ@ 0041b6c0     libvcruntime:undname.obj
 0002:000006c4       ??_C@_01PJKLJHI@?$HO@      0041b6c4     libvcruntime:undname.obj
 0002:000006c8       ??_C@_01JKBOJNNK@?$FO@     0041b6c8     libvcruntime:undname.obj
 0002:000006cc       ??_C@_01DNKMNLPK@?$HM@     0041b6cc     libvcruntime:undname.obj
 0002:000006d0       ??_C@_02PPKAJPJL@?$CG?$CG@ 0041b6d0     libvcruntime:undname.obj
 0002:000006d4       ??_C@_02NONPIBCD@?$HM?$HM@ 0041b6d4     libvcruntime:undname.obj
 0002:000006d8       ??_C@_02FPIMKNGF@?$CK?$DN@ 0041b6d8     libvcruntime:undname.obj
 0002:000006dc       ??_C@_02FOEOMHFC@?$CL?$DN@ 0041b6dc     libvcruntime:undname.obj
 0002:000006e0       ??_C@_02FKMDLLOA@?9?$DN@   0041b6e0     libvcruntime:undname.obj
 0002:000006e4       ??_C@_02FJEHGPIO@?1?$DN@   0041b6e4     libvcruntime:undname.obj
 0002:000006e8       ??_C@_02FENAOKFI@?$CF?$DN@ 0041b6e8     libvcruntime:undname.obj
 0002:000006ec       ??_C@_03IKFCCPFF@?$DO?$DO?$DN@ 0041b6ec     libvcruntime:undname.obj
 0002:000006f0       ??_C@_03CDNPDDLA@?$DM?$DM?$DN@ 0041b6f0     libvcruntime:undname.obj
 0002:000006f4       ??_C@_02FGJGFEAB@?$CG?$DN@ 0041b6f4     libvcruntime:undname.obj
 0002:000006f8       ??_C@_02DHLNPPGH@?$HM?$DN@ 0041b6f8     libvcruntime:undname.obj
 0002:000006fc       ??_C@_02MHEGNOJ@?$FO?$DN@  0041b6fc     libvcruntime:undname.obj
 0002:00000700       ??_C@_09IFPLHPGF@?$GAvftable?8@ 0041b700     libvcruntime:undname.obj
 0002:0000070c       ??_C@_09BLBHBJP@?$GAvbtable?8@ 0041b70c     libvcruntime:undname.obj
 0002:00000718       ??_C@_07FEEIOKP@?$GAvcall?8@ 0041b718     libvcruntime:undname.obj
 0002:00000720       ??_C@_08LLFFHHDJ@?$GAtypeof?8@ 0041b720     libvcruntime:undname.obj
 0002:0000072c       ??_C@_0BF@KDPPACIK@?$GAlocal?5static?5guard?8@ 0041b72c     libvcruntime:undname.obj
 0002:00000744       ??_C@_08OBABFOLI@?$GAstring?8@ 0041b744     libvcruntime:undname.obj
 0002:00000750       ??_C@_0BD@JDLKDPAB@?$GAvbase?5destructor?8@ 0041b750     libvcruntime:undname.obj
 0002:00000764       ??_C@_0BN@DEGPLNFK@?$GAvector?5deleting?5destructor?8@ 0041b764     libvcruntime:undname.obj
 0002:00000784       ??_C@_0BO@OBMKPJIG@?$GAdefault?5constructor?5closure?8@ 0041b784     libvcruntime:undname.obj
 0002:000007a4       ??_C@_0BN@IMDCHIKM@?$GAscalar?5deleting?5destructor?8@ 0041b7a4     libvcruntime:undname.obj
 0002:000007c4       ??_C@_0BO@PFGOCPJJ@?$GAvector?5constructor?5iterator?8@ 0041b7c4     libvcruntime:undname.obj
 0002:000007e4       ??_C@_0BN@LFPFMEDL@?$GAvector?5destructor?5iterator?8@ 0041b7e4     libvcruntime:undname.obj
 0002:00000804       ??_C@_0CE@IKBNEHA@?$GAvector?5vbase?5constructor?5itera@ 0041b804     libvcruntime:undname.obj
 0002:00000828       ??_C@_0BL@NILFHHPC@?$GAvirtual?5displacement?5map?8@ 0041b828     libvcruntime:undname.obj
 0002:00000844       ??_C@_0CB@JONCMFFK@?$GAeh?5vector?5constructor?5iterator@ 0041b844     libvcruntime:undname.obj
 0002:00000868       ??_C@_0CA@GCEOPDGL@?$GAeh?5vector?5destructor?5iterator?8@ 0041b868     libvcruntime:undname.obj
 0002:00000888       ??_C@_0CH@OOJPLCPH@?$GAeh?5vector?5vbase?5constructor?5it@ 0041b888     libvcruntime:undname.obj
 0002:000008b0       ??_C@_0BL@LLKPOHJI@?$GAcopy?5constructor?5closure?8@ 0041b8b0     libvcruntime:undname.obj
 0002:000008cc       ??_C@_0BA@KBCDOMBN@?$GAudt?5returning?8@ 0041b8cc     libvcruntime:undname.obj
 0002:000008dc       ??_C@_03KLGMFNMG@?$GAEH@   0041b8dc     libvcruntime:undname.obj
 0002:000008e0       ??_C@_05KHLCHHI@?$GARTTI@  0041b8e0     libvcruntime:undname.obj
 0002:000008e8       ??_C@_0BA@KKLDJDLB@?$GAlocal?5vftable?8@ 0041b8e8     libvcruntime:undname.obj
 0002:000008f8       ??_C@_0CE@IIHCMGGL@?$GAlocal?5vftable?5constructor?5clos@ 0041b8f8     libvcruntime:undname.obj
 0002:0000091c       ??_C@_06FHBGPFGH@?5new?$FL?$FN@ 0041b91c     libvcruntime:undname.obj
 0002:00000924       ??_C@_09LBNFPBCA@?5delete?$FL?$FN@ 0041b924     libvcruntime:undname.obj
 0002:00000930       ??_C@_0P@HJKNJFNN@?$GAomni?5callsig?8@ 0041b930     libvcruntime:undname.obj
 0002:00000940       ??_C@_0BL@CNOONJFP@?$GAplacement?5delete?5closure?8@ 0041b940     libvcruntime:undname.obj
 0002:0000095c       ??_C@_0BN@CKNJLHMB@?$GAplacement?5delete?$FL?$FN?5closure?8@ 0041b95c     libvcruntime:undname.obj
 0002:0000097c       ??_C@_0CG@CFDHKGGD@?$GAmanaged?5vector?5constructor?5ite@ 0041b97c     libvcruntime:undname.obj
 0002:000009a4       ??_C@_0CF@IMGKMJNO@?$GAmanaged?5vector?5destructor?5iter@ 0041b9a4     libvcruntime:undname.obj
 0002:000009cc       ??_C@_0CG@HLDDJMAG@?$GAeh?5vector?5copy?5constructor?5ite@ 0041b9cc     libvcruntime:undname.obj
[...]
 0002:00004cb0       coeff                      0041fcb0     libucrt:log10_sse2_precise.obj
 0002:00004cf0       _One                       0041fcf0     libucrt:ceil_pentium4.obj
 0002:00004d00       _Bns                       0041fd00     libucrt:ceil_pentium4.obj
 0002:00004d10       _Zero                      0041fd10     libucrt:ceil_pentium4.obj
 0002:00004d20       _S                         0041fd20     libucrt:ceil_pentium4.obj
 0002:00004d30       _NegZero                   0041fd30     libucrt:ceil_pentium4.obj
 0002:00004d80       LOG_name                   0041fd80     libucrt:log10_impl.obj
 0002:000055b0       emask                      004205b0     libucrt:log10_pentium4.obj
 0002:000055c0       CC                         004205c0     libucrt:log10_pentium4.obj
 0002:000055d0       Magic                      004205d0     libucrt:log10_pentium4.obj
 0002:000055e0       hi_mask                    004205e0     libucrt:log10_pentium4.obj
 0002:000055f0       LOG10_2                    004205f0     libucrt:log10_pentium4.obj
 0002:00005600       place_L                    00420600     libucrt:log10_pentium4.obj
 0002:00005620       One                        00420620     libucrt:log10_pentium4.obj
 0002:00005630       Zero                       00420630     libucrt:log10_pentium4.obj
 0002:00005640       Two52                      00420640     libucrt:log10_pentium4.obj
 0002:00005650       Infs                       00420650     libucrt:log10_pentium4.obj
 0002:00005660       NaN                        00420660     libucrt:log10_pentium4.obj
 0002:00005670       coeff                      00420670     libucrt:log10_pentium4.obj
 0002:000056ce       _log2max                   004206ce     libucrt:87tran.obj
 0002:000056d8       _smallarg                  004206d8     libucrt:87tran.obj
 0002:000056e2       _half                      004206e2     libucrt:87tran.obj
 0002:0000572e       One                        0042072e     libucrt:87disp.obj
 0002:00005736       Three                      00420736     libucrt:87disp.obj
 0002:0000573e       XAMtoTagTab                0042073e     libucrt:87disp.obj
 0002:00005750       One                        00420750     libucrt:common.obj
 0002:00005764       DblMax                     00420764     libucrt:common.obj
 0002:0000576c       DblMin                     0042076c     libucrt:common.obj
 0002:00005774       IeeeAdjO                   00420774     libucrt:common.obj
 0002:0000577c       IeeeAdjU                   0042077c     libucrt:common.obj
 0002:00005784       _infinity                  00420784     libucrt:common.obj
 0002:0000578c       _zero                      0042078c     libucrt:common.obj
 0002:00005798       ?_names@?1??_get_fname@@9@4QBU<unnamed-type-_names>@?1??1@YAPADI@Z@B 00420798     libucrt:fpexcept.obj
 0002:00005ac0       ?DefExt@@3PAPADA           00420ac0     CmdUtils.obj
 0002:00005b20       ?msgtexts@@3QBQBDB         00420b20     MessagingSubsystem.obj
 0002:000061f0       ?MsgStrings@@3PAPADA       004211f0     MessagingSubsystem.obj
 0002:0000ac50       __ehfuncinfo$??0Linker@@QAE@XZ 00425c50     Linker.obj
 0002:0000ac74       __unwindtable$??0Linker@@QAE@XZ 00425c74     Linker.obj
 0002:0000ac9c       __ehfuncinfo$_main         00425c9c     Main.obj
 0002:0000acc0       __unwindtable$_main        00425cc0     Main.obj
 0002:0000acc8       __sehtable$?__scrt_common_main_seh@@YAHXZ 00425cc8     LIBCMT:exe_main.obj
 0002:0000ad78       __sehtable$___scrt_is_nonwritable_in_current_image 00425d78     LIBCMT:utility.obj
 0002:0000ad98       __sehtable$___DestructExceptionObject 00425d98     libvcruntime:ehhelpers.obj
 0002:0000adb8       __sehtable$?FrameUnwindToState@__FrameHandler3@@SAXPAUEHRegistrationNode@@PAXPBU_s_FuncInfo@@H@Z 00425db8     libvcruntime:frame.obj
 0002:0000ade0       __sehtable$?CallCatchBlock@@YAPAXPAUEHExceptionRecord@@PAUEHRegistrationNode@@PAU_CONTEXT@@PBU_s_FuncInfo@@PAXHK@Z 00425de0     libvcruntime:frame.obj
 0002:0000ae08       __catchsym$?CallUnexpected@@YAXPBU_s_ESTypeList@@@Z$2 00425e08     libvcruntime:frame.obj
 0002:0000ae18       __unwindtable$?CallUnexpected@@YAXPBU_s_ESTypeList@@@Z 00425e18     libvcruntime:frame.obj
 0002:0000ae28       __tryblocktable$?CallUnexpected@@YAXPBU_s_ESTypeList@@@Z 00425e28     libvcruntime:frame.obj
 0002:0000ae3c       __ehfuncinfo$?CallUnexpected@@YAXPBU_s_ESTypeList@@@Z 00425e3c     libvcruntime:frame.obj
 0002:0000ae60       __sehtable$??$BuildCatchObjectHelperInternal@V__FrameHandler3@@@@YAHPAUEHExceptionRecord@@PAXPBU_s_HandlerType@@PBU_s_CatchableType@@@Z 00425e60     libvcruntime:frame.obj
 0002:0000ae80       __sehtable$??$BuildCatchObjectInternal@V__FrameHandler3@@@@YAXPAUEHExceptionRecord@@PAXPBU_s_HandlerType@@PBU_s_CatchableType@@@Z 00425e80     libvcruntime:frame.obj
 0002:0000aed4       __unwindtable$?common_exit@@YAXHW4_crt_exit_cleanup_mode@@W4_crt_exit_return_mode@@@Z 00425ed4     libucrt:exit.obj
 0002:0000aed4       __unwindtable$?state_case_type@?$output_processor@DV?$stream_output_adapter@D@__crt_stdio_output@@V?$standard_base@DV?$stream_output_adapter@D@__crt_stdio_output@@@2@@__crt_stdio_output@@AAE_NXZ 00425ed4     libucrt:output.obj
 0002:0000aedc       __ehfuncinfo$?common_exit@@YAXHW4_crt_exit_cleanup_mode@@W4_crt_exit_return_mode@@@Z 00425edc     libucrt:exit.obj
 0002:0000aedc       __ehfuncinfo$?state_case_type@?$output_processor@DV?$stream_output_adapter@D@__crt_stdio_output@@V?$standard_base@DV?$stream_output_adapter@D@__crt_stdio_output@@@2@@__crt_stdio_output@@AAE_NXZ 00425edc     libucrt:output.obj
 0002:0000af00       __sehtable$??$?RV<lambda_62491a2101a2aba6cc4a769149c84f1f>@@AAV<lambda_826c27fce7726908515bbc79a5266961>@@V<lambda_4e64bbd54b50a7b070e3ea8d795375b6>@@@?$__crt_seh_guarded_call@H@@QAEH$$QAV<lambda_62491a2101a2aba6cc4a769149c84f1f>@@AAV<lambda_826c27fce7726908515bbc79a5266961>@@$$QAV<lambda_4e64bbd54b50a7b070e3ea8d795375b6>@@@Z 00425f00     libucrt:output.obj
 0002:0000af20       __sehtable$_signal         00425f20     libucrt:signal.obj
 0002:0000af40       __sehtable$_raise          00425f40     libucrt:signal.obj
 0002:0000af60       __sehtable$?ctrlevent_capture@@YGHK@Z 00425f60     libucrt:signal.obj
 0002:0000af80       __sehtable$??$?RV<lambda_cbab9ec6f41b0180b23cc171c22676b0>@@AAV<lambda_44731a7d0e6d81c3e6aa82d741081786>@@V<lambda_4b292cb8dd18144e164572427af410ab>@@@?$__crt_seh_guarded_call@P6AXH@Z@@QAEP6AXH@Z$$QAV<lambda_cbab9ec6f41b0180b23cc171c22676b0>@@AAV<lambda_44731a7d0e6d81c3e6aa82d741081786>@@$$QAV<lambda_4b292cb8dd18144e164572427af410ab>@@@Z 00425f80     libucrt:signal.obj
 0002:0000afa0       __sehtable$?_fclose_internal@@YAHQAU_iobuf@@AAV__crt_cached_ptd_host@@@Z 00425fa0     libucrt:fclose.obj
 0002:0000afc0       __sehtable$??$?RV<lambda_76055cf4b68c1f980da8b7496a3ae623>@@AAV<lambda_26974eb511f701c600fccfa2a97a8e1b>@@V<lambda_0062726809bb3c529c0733aa37379daf>@@@?$__crt_seh_guarded_call@I@@QAEI$$QAV<lambda_76055cf4b68c1f980da8b7496a3ae623>@@AAV<lambda_26974eb511f701c600fccfa2a97a8e1b>@@$$QAV<lambda_0062726809bb3c529c0733aa37379daf>@@@Z 00425fc0     libucrt:fwrite.obj
 0002:0000afe0       __sehtable$__set_new_handler 00425fe0     libucrt:new_handler.obj
 0002:0000b000       __sehtable$__query_new_handler 00426000     libucrt:new_handler.obj
 0002:0000b01c       __unwindtable$___dcrt_uninitialize_environments_nolock 0042601c     libucrt:environment_initialization.obj
 0002:0000b01c       __unwindtable$___acrt_getptd_noexit 0042601c     libucrt:per_thread_data.obj
 0002:0000b02c       __ehfuncinfo$___dcrt_uninitialize_environments_nolock 0042602c     libucrt:environment_initialization.obj
 0002:0000b02c       __ehfuncinfo$___acrt_getptd_noexit 0042602c     libucrt:per_thread_data.obj
 0002:0000b050       __ehfuncinfo$?write_double_translated_ansi_nolock@@YA?AUwrite_result@?A0x17268360@@HQBDIAAV__crt_cached_ptd_host@@@Z 00426050     libucrt:write.obj
 0002:0000b050       __ehfuncinfo$?try_cor_exit_process@@YAXI@Z 00426050     libucrt:exit.obj
 0002:0000b078       __sehtable$??R<lambda_6e4b09c48022b2350581041d5f6b0c4c>@@QBE@XZ 00426078     libucrt:exit.obj
 0002:0000b098       __sehtable$??$?RV<lambda_03b1d95aef87969028cfba75ccab2455>@@AAV<lambda_6e4b09c48022b2350581041d5f6b0c4c>@@V<lambda_22bdf7517842c4b3e53723af5aa32b9e>@@@?$__crt_seh_guarded_call@X@@QAEX$$QAV<lambda_03b1d95aef87969028cfba75ccab2455>@@AAV<lambda_6e4b09c48022b2350581041d5f6b0c4c>@@$$QAV<lambda_22bdf7517842c4b3e53723af5aa32b9e>@@@Z 00426098     libucrt:exit.obj
 0002:0000b0b8       __sehtable$??$?RV<lambda_e5124f882df8998aaf41531e079ba474>@@AAV<lambda_3e16ef9562a7dcce91392c22ab16ea36>@@V<lambda_e25ca0880e6ef98be67edffd8c599615>@@@?$__crt_seh_guarded_call@X@@QAEX$$QAV<lambda_e5124f882df8998aaf41531e079ba474>@@AAV<lambda_3e16ef9562a7dcce91392c22ab16ea36>@@$$QAV<lambda_e25ca0880e6ef98be67edffd8c599615>@@@Z 004260b8     libucrt:wsetlocale.obj
 0002:0000b0d4       __unwindtable$___acrt_getptd_head 004260d4     libucrt:per_thread_data.obj
 0002:0000b0d4       __unwindtable$___acrt_getptd_noexit_explicit 004260d4     libucrt:per_thread_data.obj
 0002:0000b0d4       __unwindtable$__execute_onexit_table 004260d4     libucrt:onexit.obj
 0002:0000b0dc       __ehfuncinfo$___acrt_getptd_head 004260dc     libucrt:per_thread_data.obj
 0002:0000b0dc       __ehfuncinfo$___acrt_getptd_noexit_explicit 004260dc     libucrt:per_thread_data.obj
 0002:0000b0dc       __ehfuncinfo$__execute_onexit_table 004260dc     libucrt:onexit.obj
 0002:0000b100       __sehtable$??$?RV<lambda_8e746cf0007f6ed984d6f78af1fec997>@@AAV<lambda_22ebabd17bc4fa466a2aca6d8deb888d>@@V<lambda_18ed0c0b38a6dc0daf1e7ac6d6adf05e>@@@?$__crt_seh_guarded_call@H@@QAEH$$QAV<lambda_8e746cf0007f6ed984d6f78af1fec997>@@AAV<lambda_22ebabd17bc4fa466a2aca6d8deb888d>@@$$QAV<lambda_18ed0c0b38a6dc0daf1e7ac6d6adf05e>@@@Z 00426100     libucrt:onexit.obj
 0002:0000b120       __sehtable$??$?RV<lambda_69a2805e680e0e292e8ba93315fe43a8>@@AAV<lambda_f03950bc5685219e0bcd2087efbe011e>@@V<lambda_03fcd07e894ec930e3f35da366ca99d6>@@@?$__crt_seh_guarded_call@H@@QAEH$$QAV<lambda_69a2805e680e0e292e8ba93315fe43a8>@@AAV<lambda_f03950bc5685219e0bcd2087efbe011e>@@$$QAV<lambda_03fcd07e894ec930e3f35da366ca99d6>@@@Z 00426120     libucrt:onexit.obj
 0002:0000b140       __sehtable$_terminate      00426140     libucrt:terminate.obj
 0002:0000b160       __sehtable$__fcloseall     00426160     libucrt:closeall.obj
 0002:0000b180       __sehtable$??$?RV<lambda_2866be3712abc81a800a822484c830d8>@@AAV<lambda_39ca0ed439415581b5b15c265174cece>@@V<lambda_2b24c74d71094a6cd0cb82e44167d71b>@@@?$__crt_seh_guarded_call@X@@QAEX$$QAV<lambda_2866be3712abc81a800a822484c830d8>@@AAV<lambda_39ca0ed439415581b5b15c265174cece>@@$$QAV<lambda_2b24c74d71094a6cd0cb82e44167d71b>@@@Z 00426180     libucrt:fflush.obj
 0002:0000b1a0       __sehtable$??$?RV<lambda_2cc53f568c5a2bb6f192f930a45d44ea>@@AAV<lambda_ab61a845afdef5b7c387490eaf3616ee>@@V<lambda_c2ffc0b7726aa6be21d5f0026187e748>@@@?$__crt_seh_guarded_call@X@@QAEX$$QAV<lambda_2cc53f568c5a2bb6f192f930a45d44ea>@@AAV<lambda_ab61a845afdef5b7c387490eaf3616ee>@@$$QAV<lambda_c2ffc0b7726aa6be21d5f0026187e748>@@@Z 004261a0     libucrt:fflush.obj
 0002:0000b1c0       __sehtable$___acrt_initialize_lowio 004261c0     libucrt:ioinit.obj
 0002:0000b1e0       __sehtable$??$?RV<lambda_15ade71b0218206bbe3333a0c9b79046>@@AAV<lambda_da44e0f8b0f19ba52fefafb335991732>@@V<lambda_207f2d024fc103971653565357d6cd41>@@@?$__crt_seh_guarded_call@X@@QAEX$$QAV<lambda_15ade71b0218206bbe3333a0c9b79046>@@AAV<lambda_da44e0f8b0f19ba52fefafb335991732>@@$$QAV<lambda_207f2d024fc103971653565357d6cd41>@@@Z 004261e0     libucrt:per_thread_data.obj
 0002:0000b200       __sehtable$??$?RV<lambda_a7e850c220f1c8d1e6efeecdedd162c6>@@AAV<lambda_46720907175c18b6c9d2717bc0d2d362>@@V<lambda_9048902d66e8d99359bc9897bbb930a8>@@@?$__crt_seh_guarded_call@X@@QAEX$$QAV<lambda_a7e850c220f1c8d1e6efeecdedd162c6>@@AAV<lambda_46720907175c18b6c9d2717bc0d2d362>@@$$QAV<lambda_9048902d66e8d99359bc9897bbb930a8>@@@Z 00426200     libucrt:per_thread_data.obj
 0002:0000b220       __sehtable$??$?RV<lambda_38edbb1296d33220d7e4dd0ed76b244a>@@AAV<lambda_5ce1d447e08cb34b2473517608e21441>@@V<lambda_fb385d3da700c9147fc39e65dd577a8c>@@@?$__crt_seh_guarded_call@X@@QAEX$$QAV<lambda_38edbb1296d33220d7e4dd0ed76b244a>@@AAV<lambda_5ce1d447e08cb34b2473517608e21441>@@$$QAV<lambda_fb385d3da700c9147fc39e65dd577a8c>@@@Z 00426220     libucrt:per_thread_data.obj
 0002:0000b240       __sehtable$??$?RV<lambda_6affb1475c98b40b75cdec977db92e3c>@@AAV<lambda_b8d4b9c228a6ecc3f80208dbb4b4a104>@@V<lambda_608742c3c92a14382c1684fc64f96c88>@@@?$__crt_seh_guarded_call@X@@QAEX$$QAV<lambda_6affb1475c98b40b75cdec977db92e3c>@@AAV<lambda_b8d4b9c228a6ecc3f80208dbb4b4a104>@@$$QAV<lambda_608742c3c92a14382c1684fc64f96c88>@@@Z 00426240     libucrt:per_thread_data.obj
 0002:0000b260       __sehtable$??$?RV<lambda_d422a76eb4c3bf3ad751449ab71a6ea4>@@AAV<lambda_c9ba49e555ba839a7b07aa3fbecb7617>@@V<lambda_9476263c8ee91a25d21c55370bdb50de>@@@?$__crt_seh_guarded_call@H@@QAEH$$QAV<lambda_d422a76eb4c3bf3ad751449ab71a6ea4>@@AAV<lambda_c9ba49e555ba839a7b07aa3fbecb7617>@@$$QAV<lambda_9476263c8ee91a25d21c55370bdb50de>@@@Z 00426260     libucrt:close.obj
 0002:0000b280       __sehtable$__write_internal 00426280     libucrt:write.obj
 0002:0000b2a0       __sehtable$??$common_lseek@_J@@YA_JH_JHAAV__crt_cached_ptd_host@@@Z 004262a0     libucrt:lseek.obj
 0002:0000b2c0       __sehtable$?update_thread_multibyte_data_internal@@YAPAU__crt_multibyte_data@@QAU__acrt_ptd@@QAPAU1@@Z 004262c0     libucrt:mbctype.obj
 0002:0000b2e0       __sehtable$??$?RV<lambda_ceb1ee4838e85a9d631eb091e2fbe199>@@AAV<lambda_ae742caa10f662c28703da3d2ea5e57e>@@V<lambda_cd08b5d6af4937fe54fc07d0c9bf6b37>@@@?$__crt_seh_guarded_call@X@@QAEX$$QAV<lambda_ceb1ee4838e85a9d631eb091e2fbe199>@@AAV<lambda_ae742caa10f662c28703da3d2ea5e57e>@@$$QAV<lambda_cd08b5d6af4937fe54fc07d0c9bf6b37>@@@Z 004262e0     libucrt:mbctype.obj
 0002:0000b300       __sehtable$___acrt_lowio_ensure_fh_exists 00426300     libucrt:osfinfo.obj
 0002:0000b320       __sehtable$___acrt_update_thread_locale_data 00426320     libucrt:locale_refcounting.obj
 0002:0000b340       __sehtable$??$?RV<lambda_9e9de3de5fa147e2223d7db92bc10aa6>@@AAV<lambda_38ce7e780aa69e748d6df282ebc68efe>@@V<lambda_8ca6da459f0f6780f1cff60fdc3d00e5>@@@?$__crt_seh_guarded_call@H@@QAEH$$QAV<lambda_9e9de3de5fa147e2223d7db92bc10aa6>@@AAV<lambda_38ce7e780aa69e748d6df282ebc68efe>@@$$QAV<lambda_8ca6da459f0f6780f1cff60fdc3d00e5>@@@Z 00426340     libucrt:commit.obj
 0002:0000b360       __sehtable$___set_fpsr_sse2 00426360     libucrt:fpctrl.obj
 0002:0000b380       __sehtable$__IsNonwritableInCurrentImage 00426380     LIBCMT:pesect.obj
 0002:0000ba24       .idata$6                   00426a24     kernel32:KERNEL32.dll
 0003:00000060       ?__vcrt_flsindex@@3KA      00427060     libvcruntime:per_thread_data.obj
 0003:00000130       ?errno_no_memory@@3HA      00427130     libucrt:errno.obj
 0003:00000134       ?doserrno_no_memory@@3KA   00427134     libucrt:errno.obj
 0003:00000170       ?__acrt_flsindex@@3KA      00427170     libucrt:per_thread_data.obj
 0003:00000560       __mbctypes                 00427560     libucrt:mbctype.obj
 0003:00000668       __mbcasemaps               00427668     libucrt:mbctype.obj
 0003:00000768       ?__rgctypeflag@@3PADA      00427768     libucrt:mbctype.obj
 0003:00000770       ?__rgcode_page_info@@3PAUcode_page_info@@A 00427770     libucrt:mbctype.obj
 0003:000008c0       ?__DAZ_ENABLED@?1??__set_fpsr_sse2@@9@9 004278c0     libucrt:fpctrl.obj
 0003:000008d0       ?__dcrt_lowio_console_output_handle@@3PAXA 004278d0     libucrt:initcon.obj
 0003:00000a38       ?is_initialized_as_dll@@3_NA 00427a38     LIBCMT:utility.obj
 0003:00000a39       ?module_local_atexit_table_initialized@@3_NA 00427a39     LIBCMT:utility.obj
 0003:00000a3c       ?module_local_atexit_table@@3U_onexit_table_t@@A 00427a3c     LIBCMT:utility.obj
 0003:00000a48       ?module_local_at_quick_exit_table@@3U_onexit_table_t@@A 00427a48     LIBCMT:utility.obj
 0003:00000a7c       ?__vcrt_startup_thread_ptd@@3U__vcrt_ptd@@A 00427a7c     libvcruntime:per_thread_data.obj
 0003:00000aa8       ___vcrt_lock_table         00427aa8     libvcruntime:locks.obj
 0003:00000ac0       ___vcrt_locks_initialized  00427ac0     libvcruntime:locks.obj
 0003:00000ad0       ?source_frequency@@3_JA    00427ad0     libucrt:clock.obj
 0003:00000ad8       ?start_count@@3_JA         00427ad8     libucrt:clock.obj
 0003:00000ae0       ?console_ctrl_handler_installed@@3_NA 00427ae0     libucrt:signal.obj
 0003:00000ae4       ?ctrlc_action@@3V?$dual_state_global@P6AXH@Z@__crt_state_management@@A 00427ae4     libucrt:signal.obj
 0003:00000ae8       ?ctrlbreak_action@@3V?$dual_state_global@P6AXH@Z@__crt_state_management@@A 00427ae8     libucrt:signal.obj
 0003:00000aec       ?abort_action@@3V?$dual_state_global@P6AXH@Z@__crt_state_management@@A 00427aec     libucrt:signal.obj
 0003:00000af0       ?term_action@@3V?$dual_state_global@P6AXH@Z@__crt_state_management@@A 00427af0     libucrt:signal.obj
 0003:00000af4       ?__acrt_new_handler@@3V?$dual_state_global@P6AHI@Z@__crt_state_management@@A 00427af4     libucrt:new_handler.obj
 0003:00000af8       ?__acrt_app_type@@3W4_crt_app_type@@A 00427af8     libucrt:report_runtime_error.obj
 0003:00000afc       ?user_matherr@@3V?$dual_state_global@P6AHPAU_exception@@@Z@__crt_state_management@@A 00427afc     libucrt:matherr.obj
 0003:00000b00       ?program_name@?1???$common_configure_argv@D@@YAHW4_crt_argv_mode@@@Z@4PADA 00427b00     libucrt:argv_parsing.obj
 0003:00000c18       ?c_termination_complete@@3JA 00427c18     libucrt:exit.obj
 0003:00000c1c       ?thread_local_exit_callback_func@@3P6GXPAXK0@ZA 00427c1c     libucrt:exit.obj
 0003:00000c20       ?c_exit_complete@?1???R<lambda_6e4b09c48022b2350581041d5f6b0c4c>@@QBE@XZ@4_NA 00427c20     libucrt:exit.obj
 0003:00000c40       ?__acrt_global_new_mode@@3V?$dual_state_global@J@__crt_state_management@@A 00427c40     libucrt:new_mode.obj
 0003:00000c60       ?__acrt_invalid_parameter_handler@@3V?$dual_state_global@P6AXPB_W00II@Z@__crt_state_management@@A 00427c60     libucrt:invalid_parameter.obj
 0003:00000c68       ?module_handles@@3PAPAUHINSTANCE__@@A 00427c68     libucrt:winapi_thunks.obj
 0003:00000ed4       ?internal_state@?1??_mbtowc_internal@@9@4U_Mbstatet@@A 00427ed4     libucrt:mbtowc.obj
 0003:00000edc       ?internal_pst@?1??__mbrtoc32_utf8@__crt_mbstring@@YAIPA_UPBDIPAU_Mbstatet@@AAV__crt_cached_ptd_host@@@Z@4U3@A 00427edc     libucrt:mbrtoc32.obj
 0003:00000ee4       ?internal_pst@?1??__c16rtomb_utf8@__crt_mbstring@@YAIPAD_SPAU_Mbstatet@@AAV__crt_cached_ptd_host@@@Z@4U3@A 00427ee4     libucrt:c16rtomb.obj
 0003:00000eec       ?enable_percent_n@@3IA     00427eec     libucrt:printf_count_output.obj
 0003:00000ef8       ?__acrt_lock_table@@3PAU_RTL_CRITICAL_SECTION@@A 00427ef8     libucrt:locks.obj
 0003:00001060       ?__acrt_locks_initialized@@3IA 00428060     libucrt:locks.obj
 0003:00001074       ?fSystemSet@@3HA           00428074     libucrt:mbctype.obj
 0003:00001078       ?initialized@?1??__acrt_initialize_multibyte@@9@4_NA 00428078     libucrt:mbctype.obj
 0003:00001088       __pmatherr_set             00428088     libucrt:libm_error.obj
 0003:000011c0       ?ArcBuffer@@3PAUarcdata@@A 004281c0     distrib.obj
 0003:000011c4       ?ModTable@@3PAPAUmod_entry@@A 004281c4     distrib.obj
 0003:000011c8       ?CurrModHandle@@3GA        004281c8     distrib.obj
 0003:000011cc       ?ClockTicks@@3JA           004281cc     Linker.obj
 0003:000011d0       ?IData@@3U<unnamed-type-IData>@@A 004281d0     loadpe.obj
 0003:000011ec       ?EData@@3U<unnamed-type-EData>@@A 004281ec     loadpe.obj
 0003:000011f0       ?permDataLocal@@3PAVPermData@@A 004281f0     PermData.obj
 0004:00000000       ?function_pointers@@3PAPAXA 00429000     libucrt:winapi_thunks.obj
 0005:00000060       $R000000                   0042a060     * linker generated manifest res *
