c:\projects\osdev\projectjarvis\research\jwasm\bin\tools\intermediate\linker\release\win32\linker.pch
c:\projects\osdev\projectjarvis\research\jwasm\bin\tools\intermediate\linker\release\win32\pch.obj
c:\projects\osdev\projectjarvis\research\jwasm\bin\tools\intermediate\linker\release\win32\loadfile.obj
c:\projects\osdev\projectjarvis\research\jwasm\bin\tools\intermediate\linker\release\win32\libr.obj
c:\projects\osdev\projectjarvis\research\jwasm\bin\tools\intermediate\linker\release\win32\linkerutils.obj
c:\projects\osdev\projectjarvis\research\jwasm\bin\tools\intermediate\linker\release\win32\linker.obj
c:\projects\osdev\projectjarvis\research\jwasm\bin\tools\intermediate\linker\release\win32\hashtable.obj
c:\projects\osdev\projectjarvis\research\jwasm\bin\tools\intermediate\linker\release\win32\globals.obj
c:\projects\osdev\projectjarvis\research\jwasm\bin\tools\intermediate\linker\release\win32\filesubsystem.obj
c:\projects\osdev\projectjarvis\research\jwasm\bin\tools\intermediate\linker\release\win32\distrib.obj
c:\projects\osdev\projectjarvis\research\jwasm\bin\tools\intermediate\linker\release\win32\dbgall.obj
c:\projects\osdev\projectjarvis\research\jwasm\bin\tools\intermediate\linker\release\win32\comdef.obj
c:\projects\osdev\projectjarvis\research\jwasm\bin\tools\intermediate\linker\release\win32\cmdwinos2.obj
c:\projects\osdev\projectjarvis\research\jwasm\bin\tools\intermediate\linker\release\win32\cmdutils.obj
c:\projects\osdev\projectjarvis\research\jwasm\bin\tools\intermediate\linker\release\win32\cmdqnx.obj
c:\projects\osdev\projectjarvis\research\jwasm\bin\tools\intermediate\linker\release\win32\cmdplatform.obj
c:\projects\osdev\projectjarvis\research\jwasm\bin\tools\intermediate\linker\release\win32\cmdpharlap.obj
c:\projects\osdev\projectjarvis\research\jwasm\bin\tools\intermediate\linker\release\win32\cmdnovell.obj
c:\projects\osdev\projectjarvis\research\jwasm\bin\tools\intermediate\linker\release\win32\cmdline.obj
c:\projects\osdev\projectjarvis\research\jwasm\bin\tools\intermediate\linker\release\win32\cmdelf.obj
c:\projects\osdev\projectjarvis\research\jwasm\bin\tools\intermediate\linker\release\win32\cmdall.obj
c:\projects\osdev\projectjarvis\research\jwasm\bin\tools\intermediate\linker\release\win32\carve.obj
c:\projects\osdev\projectjarvis\research\jwasm\bin\tools\intermediate\linker\release\win32\ring.obj
c:\projects\osdev\projectjarvis\research\jwasm\bin\tools\intermediate\linker\release\win32\reloc.obj
c:\projects\osdev\projectjarvis\research\jwasm\bin\tools\intermediate\linker\release\win32\permdata.obj
c:\projects\osdev\projectjarvis\research\jwasm\bin\tools\intermediate\linker\release\win32\ovlsupp.obj
c:\projects\osdev\projectjarvis\research\jwasm\bin\tools\intermediate\linker\release\win32\omfreloc.obj
c:\projects\osdev\projectjarvis\research\jwasm\bin\tools\intermediate\linker\release\win32\objstrip.obj
c:\projects\osdev\projectjarvis\research\jwasm\bin\tools\intermediate\linker\release\win32\objpass1.obj
c:\projects\osdev\projectjarvis\research\jwasm\bin\tools\intermediate\linker\release\win32\objorl.obj
c:\projects\osdev\projectjarvis\research\jwasm\bin\tools\intermediate\linker\release\win32\objomf.obj
c:\projects\osdev\projectjarvis\research\jwasm\bin\tools\intermediate\linker\release\win32\objio.obj
c:\projects\osdev\projectjarvis\research\jwasm\bin\tools\intermediate\linker\release\win32\objfree.obj
c:\projects\osdev\projectjarvis\research\jwasm\bin\tools\intermediate\linker\release\win32\obj2supp.obj
c:\projects\osdev\projectjarvis\research\jwasm\bin\tools\intermediate\linker\release\win32\node.obj
c:\projects\osdev\projectjarvis\research\jwasm\bin\tools\intermediate\linker\release\win32\mixcache.obj
c:\projects\osdev\projectjarvis\research\jwasm\bin\tools\intermediate\linker\release\win32\messagingsubsystem.obj
c:\projects\osdev\projectjarvis\research\jwasm\bin\tools\intermediate\linker\release\win32\memorysubsystem.obj
c:\projects\osdev\projectjarvis\research\jwasm\bin\tools\intermediate\linker\release\win32\mapio.obj
c:\projects\osdev\projectjarvis\research\jwasm\bin\tools\intermediate\linker\release\win32\main.obj
c:\projects\osdev\projectjarvis\research\jwasm\bin\tools\intermediate\linker\release\win32\loadpe.obj
c:\projects\osdev\projectjarvis\research\jwasm\bin\tools\intermediate\linker\release\win32\loadnov.obj
c:\projects\osdev\projectjarvis\research\jwasm\bin\tools\intermediate\linker\release\win32\virtualmemory.obj
c:\projects\osdev\projectjarvis\research\jwasm\bin\tools\intermediate\linker\release\win32\tokenbuffer.obj
c:\projects\osdev\projectjarvis\research\jwasm\bin\tools\intermediate\linker\release\win32\toc.obj
c:\projects\osdev\projectjarvis\research\jwasm\bin\tools\intermediate\linker\release\win32\symtrace.obj
c:\projects\osdev\projectjarvis\research\jwasm\bin\tools\intermediate\linker\release\win32\symboltablememory.obj
c:\projects\osdev\projectjarvis\research\jwasm\bin\tools\intermediate\linker\release\win32\symboltable.obj
c:\projects\osdev\projectjarvis\research\jwasm\bin\tools\intermediate\linker\release\win32\stringtable.obj
c:\projects\osdev\projectjarvis\research\jwasm\bin\tools\intermediate\linker\release\win32\spillfile.obj
c:\projects\osdev\projectjarvis\research\jwasm\bin\tools\intermediate\linker\release\win32\salloc.obj
c:\projects\osdev\projectjarvis\research\jwasm\bin\tools\release\win32\linker.exe
c:\projects\osdev\projectjarvis\research\jwasm\bin\tools\release\win32\linker.map
c:\projects\osdev\projectjarvis\research\jwasm\bin\tools\intermediate\linker\release\win32\linker.ipdb
c:\projects\osdev\projectjarvis\research\jwasm\bin\tools\intermediate\linker\release\win32\linker.iobj
c:\projects\osdev\projectjarvis\research\jwasm\bin\tools\intermediate\linker\release\win32\linker.tlog\cl.command.1.tlog
c:\projects\osdev\projectjarvis\research\jwasm\bin\tools\intermediate\linker\release\win32\linker.tlog\cl.items.tlog
c:\projects\osdev\projectjarvis\research\jwasm\bin\tools\intermediate\linker\release\win32\linker.tlog\cl.read.1.tlog
c:\projects\osdev\projectjarvis\research\jwasm\bin\tools\intermediate\linker\release\win32\linker.tlog\cl.write.1.tlog
c:\projects\osdev\projectjarvis\research\jwasm\bin\tools\intermediate\linker\release\win32\linker.tlog\link.command.1.tlog
c:\projects\osdev\projectjarvis\research\jwasm\bin\tools\intermediate\linker\release\win32\linker.tlog\link.read.1.tlog
c:\projects\osdev\projectjarvis\research\jwasm\bin\tools\intermediate\linker\release\win32\linker.tlog\link.secondary.1.tlog
c:\projects\osdev\projectjarvis\research\jwasm\bin\tools\intermediate\linker\release\win32\linker.tlog\link.write.1.tlog
