c:\projects\osdev\projectjarvis\research\jwasm\bin\tools\intermediate\linker\release\x64\linker.pch
c:\projects\osdev\projectjarvis\research\jwasm\bin\tools\intermediate\linker\release\x64\pch.obj
c:\projects\osdev\projectjarvis\research\jwasm\bin\tools\intermediate\linker\release\x64\loadfile.obj
c:\projects\osdev\projectjarvis\research\jwasm\bin\tools\intermediate\linker\release\x64\libr.obj
c:\projects\osdev\projectjarvis\research\jwasm\bin\tools\intermediate\linker\release\x64\linkerutils.obj
c:\projects\osdev\projectjarvis\research\jwasm\bin\tools\intermediate\linker\release\x64\linker.obj
c:\projects\osdev\projectjarvis\research\jwasm\bin\tools\intermediate\linker\release\x64\hashtable.obj
c:\projects\osdev\projectjarvis\research\jwasm\bin\tools\intermediate\linker\release\x64\globals.obj
c:\projects\osdev\projectjarvis\research\jwasm\bin\tools\intermediate\linker\release\x64\filesubsystem.obj
c:\projects\osdev\projectjarvis\research\jwasm\bin\tools\intermediate\linker\release\x64\distrib.obj
c:\projects\osdev\projectjarvis\research\jwasm\bin\tools\intermediate\linker\release\x64\dbgall.obj
c:\projects\osdev\projectjarvis\research\jwasm\bin\tools\intermediate\linker\release\x64\comdef.obj
c:\projects\osdev\projectjarvis\research\jwasm\bin\tools\intermediate\linker\release\x64\cmdwinos2.obj
c:\projects\osdev\projectjarvis\research\jwasm\bin\tools\intermediate\linker\release\x64\cmdutils.obj
c:\projects\osdev\projectjarvis\research\jwasm\bin\tools\intermediate\linker\release\x64\cmdqnx.obj
c:\projects\osdev\projectjarvis\research\jwasm\bin\tools\intermediate\linker\release\x64\cmdplatform.obj
c:\projects\osdev\projectjarvis\research\jwasm\bin\tools\intermediate\linker\release\x64\cmdpharlap.obj
c:\projects\osdev\projectjarvis\research\jwasm\bin\tools\intermediate\linker\release\x64\cmdnovell.obj
c:\projects\osdev\projectjarvis\research\jwasm\bin\tools\intermediate\linker\release\x64\cmdline.obj
c:\projects\osdev\projectjarvis\research\jwasm\bin\tools\intermediate\linker\release\x64\cmdelf.obj
c:\projects\osdev\projectjarvis\research\jwasm\bin\tools\intermediate\linker\release\x64\cmdall.obj
c:\projects\osdev\projectjarvis\research\jwasm\bin\tools\intermediate\linker\release\x64\carve.obj
c:\projects\osdev\projectjarvis\research\jwasm\bin\tools\intermediate\linker\release\x64\ring.obj
c:\projects\osdev\projectjarvis\research\jwasm\bin\tools\intermediate\linker\release\x64\reloc.obj
c:\projects\osdev\projectjarvis\research\jwasm\bin\tools\intermediate\linker\release\x64\permdata.obj
c:\projects\osdev\projectjarvis\research\jwasm\bin\tools\intermediate\linker\release\x64\ovlsupp.obj
c:\projects\osdev\projectjarvis\research\jwasm\bin\tools\intermediate\linker\release\x64\omfreloc.obj
c:\projects\osdev\projectjarvis\research\jwasm\bin\tools\intermediate\linker\release\x64\objstrip.obj
c:\projects\osdev\projectjarvis\research\jwasm\bin\tools\intermediate\linker\release\x64\objpass1.obj
c:\projects\osdev\projectjarvis\research\jwasm\bin\tools\intermediate\linker\release\x64\objorl.obj
c:\projects\osdev\projectjarvis\research\jwasm\bin\tools\intermediate\linker\release\x64\objomf.obj
c:\projects\osdev\projectjarvis\research\jwasm\bin\tools\intermediate\linker\release\x64\objio.obj
c:\projects\osdev\projectjarvis\research\jwasm\bin\tools\intermediate\linker\release\x64\objfree.obj
c:\projects\osdev\projectjarvis\research\jwasm\bin\tools\intermediate\linker\release\x64\obj2supp.obj
c:\projects\osdev\projectjarvis\research\jwasm\bin\tools\intermediate\linker\release\x64\node.obj
c:\projects\osdev\projectjarvis\research\jwasm\bin\tools\intermediate\linker\release\x64\mixcache.obj
c:\projects\osdev\projectjarvis\research\jwasm\bin\tools\intermediate\linker\release\x64\messagingsubsystem.obj
c:\projects\osdev\projectjarvis\research\jwasm\bin\tools\intermediate\linker\release\x64\memorysubsystem.obj
c:\projects\osdev\projectjarvis\research\jwasm\bin\tools\intermediate\linker\release\x64\mapio.obj
c:\projects\osdev\projectjarvis\research\jwasm\bin\tools\intermediate\linker\release\x64\main.obj
c:\projects\osdev\projectjarvis\research\jwasm\bin\tools\intermediate\linker\release\x64\loadpe.obj
c:\projects\osdev\projectjarvis\research\jwasm\bin\tools\intermediate\linker\release\x64\loadnov.obj
c:\projects\osdev\projectjarvis\research\jwasm\bin\tools\intermediate\linker\release\x64\virtualmemory.obj
c:\projects\osdev\projectjarvis\research\jwasm\bin\tools\intermediate\linker\release\x64\tokenbuffer.obj
c:\projects\osdev\projectjarvis\research\jwasm\bin\tools\intermediate\linker\release\x64\toc.obj
c:\projects\osdev\projectjarvis\research\jwasm\bin\tools\intermediate\linker\release\x64\symtrace.obj
c:\projects\osdev\projectjarvis\research\jwasm\bin\tools\intermediate\linker\release\x64\symboltablememory.obj
c:\projects\osdev\projectjarvis\research\jwasm\bin\tools\intermediate\linker\release\x64\symboltable.obj
c:\projects\osdev\projectjarvis\research\jwasm\bin\tools\intermediate\linker\release\x64\stringtable.obj
c:\projects\osdev\projectjarvis\research\jwasm\bin\tools\intermediate\linker\release\x64\spillfile.obj
c:\projects\osdev\projectjarvis\research\jwasm\bin\tools\intermediate\linker\release\x64\salloc.obj
c:\projects\osdev\projectjarvis\research\jwasm\bin\tools\release\x64\linker.exe
c:\projects\osdev\projectjarvis\research\jwasm\bin\tools\release\x64\linker.map
c:\projects\osdev\projectjarvis\research\jwasm\bin\tools\intermediate\linker\release\x64\linker.ipdb
c:\projects\osdev\projectjarvis\research\jwasm\bin\tools\intermediate\linker\release\x64\linker.iobj
c:\projects\osdev\projectjarvis\research\jwasm\bin\tools\intermediate\linker\release\x64\linker.tlog\cl.command.1.tlog
c:\projects\osdev\projectjarvis\research\jwasm\bin\tools\intermediate\linker\release\x64\linker.tlog\cl.items.tlog
c:\projects\osdev\projectjarvis\research\jwasm\bin\tools\intermediate\linker\release\x64\linker.tlog\cl.read.1.tlog
c:\projects\osdev\projectjarvis\research\jwasm\bin\tools\intermediate\linker\release\x64\linker.tlog\cl.write.1.tlog
c:\projects\osdev\projectjarvis\research\jwasm\bin\tools\intermediate\linker\release\x64\linker.tlog\link.command.1.tlog
c:\projects\osdev\projectjarvis\research\jwasm\bin\tools\intermediate\linker\release\x64\linker.tlog\link.read.1.tlog
c:\projects\osdev\projectjarvis\research\jwasm\bin\tools\intermediate\linker\release\x64\linker.tlog\link.secondary.1.tlog
c:\projects\osdev\projectjarvis\research\jwasm\bin\tools\intermediate\linker\release\x64\linker.tlog\link.write.1.tlog
