 Linker

 Timestamp is 694f0118 (Fri Dec 26 15:41:44 2025)

 Preferred load address is 0000000140000000

 Start         Length     Name                   Class
 0001:00000000 0001b280H .text$mn                CODE
 0001:0001b280 00000060H .text$mn$00             CODE
 0001:0001b2e0 00001010H .text$mn$21             CODE
 0001:0001c2f0 00000710H .text$x                 CODE
 0002:00000000 00000260H .idata$5                DATA
 0002:00000260 00000038H .00cfg                  DATA
 0002:00000298 00000008H .CRT$XCA                DATA
 0002:000002a0 00000008H .CRT$XCAA               DATA
 0002:000002a8 00000008H .CRT$XCZ                DATA
 0002:000002b0 00000008H .CRT$XIA                DATA
 0002:000002b8 00000008H .CRT$XIAA               DATA
 0002:000002c0 00000008H .CRT$XIAC               DATA
 0002:000002c8 00000028H .CRT$XIC                DATA
 0002:000002f0 00000008H .CRT$XIZ                DATA
 0002:000002f8 00000008H .CRT$XPA                DATA
 0002:00000300 00000010H .CRT$XPX                DATA
 0002:00000310 00000008H .CRT$XPXA               DATA
 0002:00000318 00000008H .CRT$XPZ                DATA
 0002:00000320 00000008H .CRT$XTA                DATA
 0002:00000328 00000008H .CRT$XTZ                DATA
 0002:00000330 00000000H .gehcont$y              DATA
 0002:00000330 00000000H .gfids$y                DATA
 0002:00000330 0000d9a0H .rdata                  DATA
 0002:0000dcd0 000001b0H .rdata$00               DATA
 0002:0000de80 00000000H .rdata$CastGuardVftablesA DATA
 0002:0000de80 00000000H .rdata$CastGuardVftablesC DATA
 0002:0000de80 00000544H .rdata$r                DATA
 0002:0000e3c4 000000e0H .rdata$voltmd           DATA
 0002:0000e4a4 00000374H .rdata$zzzdbg           DATA
 0002:0000e818 00000008H .rtc$IAA                DATA
 0002:0000e820 00000008H .rtc$IZZ                DATA
 0002:0000e828 00000008H .rtc$TAA                DATA
 0002:0000e830 00000008H .rtc$TZZ                DATA
 0002:0000e838 00001c38H .xdata                  DATA
 0002:00010470 0000014cH .xdata$x                DATA
 0002:000105bc 00000000H .edata                  DATA
 0002:000105bc 00000014H .idata$2                DATA
 0002:000105d0 00000018H .idata$3                DATA
 0002:000105e8 00000260H .idata$4                DATA
 0002:00010848 00000592H .idata$6                DATA
 0003:00000000 00000a80H .data                   DATA
 0003:00000a80 000000a8H .data$r                 DATA
 0003:00000b28 000000f8H .data$rs                DATA
 0003:00000c20 00000d58H .bss                    DATA
 0004:00000000 00001b6cH .pdata                  DATA
 0005:00000000 00000100H .fptable                DATA
 0006:00000000 00000060H .rsrc$01                DATA
 0006:00000060 00000180H .rsrc$02                DATA

  Address         Publics by Value              Rva+Base               Lib:Object

 0000:00000000       __AbsoluteZero             0000000000000000     <absolute>
 0000:00000000       ___safe_se_handler_count   0000000000000000     <absolute>
 0000:00000000       ___safe_se_handler_table   0000000000000000     <absolute>
 0000:00000000       __arm64x_extra_rfe_table   0000000000000000     <absolute>
 0000:00000000       __arm64x_extra_rfe_table_size 0000000000000000     <absolute>
 0000:00000000       __arm64x_native_entrypoint 0000000000000000     <absolute>
 0000:00000000       __arm64x_redirection_metadata 0000000000000000     <absolute>
 0000:00000000       __arm64x_redirection_metadata_count 0000000000000000     <absolute>
 0000:00000000       __dynamic_value_reloc_table 0000000000000000     <absolute>
 0000:00000000       __enclave_config           0000000000000000     <absolute>
 0000:00000000       __guard_check_icall_a64n_fptr 0000000000000000     <absolute>
 0000:00000000       __guard_eh_cont_count      0000000000000000     <absolute>
 0000:00000000       __guard_eh_cont_table      0000000000000000     <absolute>
 0000:00000000       __guard_fids_count         0000000000000000     <absolute>
 0000:00000000       __guard_fids_table         0000000000000000     <absolute>
 0000:00000000       __guard_iat_count          0000000000000000     <absolute>
 0000:00000000       __guard_iat_table          0000000000000000     <absolute>
 0000:00000000       __guard_longjmp_count      0000000000000000     <absolute>
 0000:00000000       __guard_longjmp_table      0000000000000000     <absolute>
 0000:00000000       __hybrid_auxiliary_delayload_iat 0000000000000000     <absolute>
 0000:00000000       __hybrid_auxiliary_delayload_iat_copy 0000000000000000     <absolute>
 0000:00000000       __hybrid_auxiliary_iat     0000000000000000     <absolute>
 0000:00000000       __hybrid_auxiliary_iat_copy 0000000000000000     <absolute>
 0000:00000000       __hybrid_code_map          0000000000000000     <absolute>
 0000:00000000       __hybrid_code_map_count    0000000000000000     <absolute>
 0000:00000000       __hybrid_image_info_bitfield 0000000000000000     <absolute>
 0000:00000000       __x64_code_ranges_to_entry_points 0000000000000000     <absolute>
 0000:00000000       __x64_code_ranges_to_entry_points_count 0000000000000000     <absolute>
 0000:00000100       __guard_flags              0000000000000100     <absolute>
 0000:00000000       __ImageBase                0000000140000000     <linker-defined>
 0001:00000000       ?CarveCreate@Carve@@QEAAPEAUcv_t@@_K0@Z 0000000140001000 f   Carve.obj
 0001:000000a0       ?setFormat@CmdElf@@UEAAXXZ 00000001400010a0 f   CmdElf.obj
 0001:000000d0       ?TrapBreak@@YAXH@Z         00000001400010d0 f   Linker.obj
 0001:000000d0       ?freeFormat@CmdElf@@UEAAXXZ 00000001400010d0 f   CmdElf.obj
 0001:000000d0       _guard_check_icall_nop     00000001400010d0 f   LIBCMT:guard_support.obj
 0001:000000d0       _initialize_denormal_control 00000001400010d0 f   LIBCMT:denormal_control.obj
 0001:000000d0       _initialize_invalid_parameter_handler 00000001400010d0 f   LIBCMT:invalid_parameter_handler.obj
 0001:000000e0       ??0CmdLine@@QEAA@PEAVMemorySubsystem@@PEAVMessagingSubsystem@@PEAVPermData@@@Z 00000001400010e0 f   CmdLine.obj
 0001:000004d0       ?NewCommandSource@CmdLine@@AEAAXPEAD0W4method@@@Z 00000001400014d0 f   CmdLine.obj
 0001:000005e0       ?DoCmdFile@CmdLine@@QEAAXPEAD@Z 00000001400015e0 f   CmdLine.obj
 0001:00000810       ?setFormat@CmdNovell@@UEAAXXZ 0000000140001810 f   CmdNovell.obj
 0001:00000870       ?freeFormat@CmdNovell@@UEAAXXZ 0000000140001870 f   CmdNovell.obj
 0001:00000900       ?setFormat@CmdPharlap@@UEAAXXZ 0000000140001900 f   CmdPharlap.obj
 0001:00000a50       ?freeFormat@CmdPharlap@@UEAAXXZ 0000000140001a50 f   CmdPharlap.obj
 0001:00000a80       ?setFormat@CmdQnx@@UEAAXXZ 0000000140001a80 f   CmdQnx.obj
 0001:00000b20       ?freeFormat@CmdQnx@@UEAAXXZ 0000000140001b20 f   CmdQnx.obj
 0001:00000b80       ?FileName@@YAPEADPEAVMemorySubsystem@@PEAVMessagingSubsystem@@PEADIW4file_defext@@_N@Z 0000000140001b80 f   CmdUtils.obj
 0001:00000d80       ?setFormat@CmdWinOS2@@UEAAXXZ 0000000140001d80 f   CmdWinOS2.obj
 0001:00000e60       ?freeFormat@CmdWinOS2@@UEAAXXZ 0000000140001e60 f   CmdWinOS2.obj
 0001:00000f40       ?CreateHTable@HashTable@@QEAAPEAU_HTable@@HP6AIPEAXI@ZP6AHPEBX2@Z@Z 0000000140001f40 f   HashTable.obj
 0001:00001000       ?StringiHashFunc@@YAIPEAXI@Z 0000000140002000 f   HashTable.obj
 0001:00001050       ??0Linker@@QEAA@XZ         0000000140002050 f   Linker.obj
 0001:000014d0       ??1Linker@@QEAA@XZ         00000001400024d0 f   Linker.obj
 0001:00001770       ?ResetSubSystems@Linker@@AEAAXXZ 0000000140002770 f   Linker.obj
 0001:00001960       ?CleanSubSystems@Linker@@AEAAXXZ 0000000140002960 f   Linker.obj
 0001:00001d70       ?EndTime@@YAXXZ            0000000140002d70 f   Linker.obj
 0001:00001f60       __local_stdio_printf_options 0000000140002f60 f i Linker.obj
 0001:00001f70       printf                     0000000140002f70 f i Linker.obj
 0001:00001fc0       ?WalkAreas@@YAXPEAVMemorySubsystem@@PEAUovl_area@@P6AX0PEAUsection@@@Z@Z 0000000140002fc0 f   LinkerUtils.obj
 0001:00002030       main                       0000000140003030 f   Main.obj
 0001:00002120       ?FmtStr@MessagingSubsystem@@QEAAIPEADI0ZZ 0000000140003120 f   MessagingSubsystem.obj
 0001:00002170       ?DoFmtStr@MessagingSubsystem@@QEAAIPEADI0PEAPEAD@Z 0000000140003170 f   MessagingSubsystem.obj
 0001:000022e0       ?LnkMsg@MessagingSubsystem@@QEAAXIPEADZZ 00000001400032e0 f   MessagingSubsystem.obj
 0001:00002820       ?Msg_Do_Put_Args@MessagingSubsystem@@QEAAXQEADPEAUmsg_arg_list@@PEADZZ 0000000140003820 f   MessagingSubsystem.obj
 0001:00002870       ?Msg_Put_Args@MessagingSubsystem@@QEAAXQEADPEAUmsg_arg_list@@PEADPEAPEAD@Z 0000000140003870 f   MessagingSubsystem.obj
 0001:00002a30       ?MakeArray@Node@@AEAAPEAU_NodeArray@@I@Z 0000000140003a30 f   Node.obj
 0001:00002ae0       ?BurnLibs@@YAXPEAVMemorySubsystem@@PEAVMixCache@@@Z 0000000140003ae0 f   objfree.obj
 0001:00002c50       ?FreeSections@@YAXPEAVMemorySubsystem@@PEAVPermData@@PEAVHashTable@@PEAVMixCache@@PEAUsection@@@Z 0000000140003c50 f   objfree.obj
 0001:00002eb0       ?FreeAMod@@YAXPEAVPermData@@PEAVMixCache@@PEAUmod_entry@@@Z 0000000140003eb0 f   objfree.obj
 0001:00002f80       ?FreeFiles@@YAXPEAVMemorySubsystem@@PEAVMixCache@@PEAUfile_list@@@Z 0000000140003f80 f   objfree.obj
 0001:00003090       ?CleanLinkStruct@@YAXPEAVMemorySubsystem@@PEAVPermData@@PEAVHashTable@@PEAVMixCache@@PEAVSymbolTableMemory@@@Z 0000000140004090 f   objfree.obj
 0001:00003470       ??0ObjOrl@@QEAA@PEAVMemorySubsystem@@PEAVFileSubsystem@@PEAVTokenBuffer@@@Z 0000000140004470 f   ObjOrl.obj
 0001:00003600       ?ORLFini@ObjOrl@@AEAA?AW4orl_return@@PEAUorl_handle_struct@@@Z 0000000140004600 f   ObjOrl.obj
 0001:000037b0       ?free_coff_file_hnd@ObjOrl@@AEAAXPEAUcoff_file_handle_struct@@@Z 00000001400047b0 f   ObjOrl.obj
 0001:000038c0       ?ORLHashTableFree@ObjOrl@@AEAAXPEAUorl_hash_table_struct@@@Z 00000001400048c0 f   ObjOrl.obj
 0001:00003970       ?freeFileHandle@ObjOrl@@AEAA?AW4orl_return@@PEAUomf_file_handle_struct@@@Z 0000000140004970 f   ObjOrl.obj
 0001:00003c50       ?ElfRemoveFileLinks@ObjOrl@@AEAA?AW4orl_return@@PEAUelf_file_handle_struct@@@Z 0000000140004c50 f   ObjOrl.obj
 0001:00003db0       ?Reset@PermData@@QEAAXXZ   0000000140004db0 f   PermData.obj
 0001:00003fe0       ?CleanPermData@PermData@@QEAAXXZ 0000000140004fe0 f   PermData.obj
 0001:000045c0       ?FreeRelocSect@@YAXPEAVMemorySubsystem@@PEAUsection@@@Z 00000001400055c0 f   reloc.obj
 0001:000045f0       ?RingWalk@Ring@@QEAAXPEAXP6AX0@Z@Z 00000001400055f0 f   Ring.obj
 0001:00004650       __security_check_cookie    0000000140005650 f   LIBCMT:amdsecgs.obj
 0001:00004670       ??_Etype_info@@UEAAPEAXI@Z 0000000140005670 f i LIBCMT:std_type_info_static.obj
 0001:00004670       ??_Gtype_info@@UEAAPEAXI@Z 0000000140005670 f i LIBCMT:std_type_info_static.obj
 0001:0000469c       ??2@YAPEAX_K@Z             000000014000569c f   LIBCMT:new_scalar.obj
 0001:000046d8       ??3@YAXPEAX_K@Z            00000001400056d8 f   LIBCMT:delete_scalar_size.obj
 0001:000046d8       ??_V@YAXPEAX@Z             00000001400056d8 f   LIBCMT:delete_array.obj
 0001:000046e0       ??_U@YAPEAX_K@Z            00000001400056e0 f   LIBCMT:new_array.obj
 0001:00004948       mainCRTStartup             0000000140005948 f   LIBCMT:exe_main.obj
 0001:0000495c       __report_gsfailure         000000014000595c f   LIBCMT:gs_report.obj
 0001:00004964       ??0bad_alloc@std@@QEAA@AEBV01@@Z 0000000140005964 f i LIBCMT:throw_bad_alloc.obj
 0001:000049a0       ??0bad_alloc@std@@QEAA@XZ  00000001400059a0 f i LIBCMT:throw_bad_alloc.obj
 0001:000049c4       ??0bad_array_new_length@std@@QEAA@AEBV01@@Z 00000001400059c4 f i LIBCMT:throw_bad_alloc.obj
 0001:00004a00       ??0bad_array_new_length@std@@QEAA@XZ 0000000140005a00 f i LIBCMT:throw_bad_alloc.obj
 0001:00004a24       ??0exception@std@@QEAA@AEBV01@@Z 0000000140005a24 f i LIBCMT:throw_bad_alloc.obj
 0001:00004a58       ??1bad_alloc@std@@UEAA@XZ  0000000140005a58 f i LIBCMT:throw_bad_alloc.obj
 0001:00004a58       ??1bad_array_new_length@std@@UEAA@XZ 0000000140005a58 f i LIBCMT:throw_bad_alloc.obj
 0001:00004a58       ??1bad_exception@std@@UEAA@XZ 0000000140005a58 f i libvcruntime:frame.obj
 0001:00004a6c       ??_Ebad_alloc@std@@UEAAPEAXI@Z 0000000140005a6c f i LIBCMT:throw_bad_alloc.obj
 0001:00004a6c       ??_Ebad_array_new_length@std@@UEAAPEAXI@Z 0000000140005a6c f i LIBCMT:throw_bad_alloc.obj
 0001:00004a6c       ??_Ebad_exception@std@@UEAAPEAXI@Z 0000000140005a6c f i libvcruntime:frame.obj
 0001:00004a6c       ??_Eexception@std@@UEAAPEAXI@Z 0000000140005a6c f i LIBCMT:throw_bad_alloc.obj
 0001:00004a6c       ??_Gbad_alloc@std@@UEAAPEAXI@Z 0000000140005a6c f i LIBCMT:throw_bad_alloc.obj
 0001:00004a6c       ??_Gbad_array_new_length@std@@UEAAPEAXI@Z 0000000140005a6c f i LIBCMT:throw_bad_alloc.obj
 0001:00004a6c       ??_Gbad_exception@std@@UEAAPEAXI@Z 0000000140005a6c f i libvcruntime:frame.obj
 0001:00004a6c       ??_Gexception@std@@UEAAPEAXI@Z 0000000140005a6c f i LIBCMT:throw_bad_alloc.obj
 0001:00004ab0       ?__scrt_throw_std_bad_alloc@@YAXXZ 0000000140005ab0 f   LIBCMT:throw_bad_alloc.obj
 0001:00004ad0       ?__scrt_throw_std_bad_array_new_length@@YAXXZ 0000000140005ad0 f   LIBCMT:throw_bad_alloc.obj
 0001:00004af0       ?what@exception@std@@UEBAPEBDXZ 0000000140005af0 f i LIBCMT:throw_bad_alloc.obj
 0001:00004b04       ??3@YAXPEAX@Z              0000000140005b04 f   LIBCMT:delete_scalar.obj
 0001:00004b0c       __scrt_acquire_startup_lock 0000000140005b0c f   LIBCMT:utility.obj
 0001:00004b48       __scrt_initialize_crt      0000000140005b48 f   LIBCMT:utility.obj
 0001:00004b84       __scrt_initialize_onexit_tables 0000000140005b84 f   LIBCMT:utility.obj
 0001:00004c10       __scrt_is_nonwritable_in_current_image 0000000140005c10 f   LIBCMT:utility.obj
 0001:00004ca8       __scrt_release_startup_lock 0000000140005ca8 f   LIBCMT:utility.obj
 0001:00004ccc       __scrt_uninitialize_crt    0000000140005ccc f   LIBCMT:utility.obj
 0001:00004cf8       _onexit                    0000000140005cf8 f   LIBCMT:utility.obj
 0001:00004d34       atexit                     0000000140005d34 f   LIBCMT:utility.obj
 0001:00004d4c       __security_init_cookie     0000000140005d4c f   LIBCMT:gs_support.obj
 0001:00004dfc       __scrt_exe_initialize_mta  0000000140005dfc f   LIBCMT:utility_desktop.obj
 0001:00004dfc       __scrt_initialize_winrt    0000000140005dfc f   LIBCMT:utility_desktop.obj
 0001:00004dfc       __scrt_stub_for_initialize_mta 0000000140005dfc f   LIBCMT:utility_desktop.obj
 0001:00004dfc       _get_startup_commit_mode   0000000140005dfc f   LIBCMT:commit_mode.obj
 0001:00004dfc       _get_startup_new_mode      0000000140005dfc f   LIBCMT:new_mode.obj
 0001:00004dfc       _get_startup_thread_locale_mode 0000000140005dfc f   LIBCMT:thread_locale.obj
 0001:00004dfc       _matherr                   0000000140005dfc f   LIBCMT:matherr.obj
 0001:00004e00       _get_startup_argv_mode     0000000140005e00 f   LIBCMT:argv_mode.obj
 0001:00004e08       _get_startup_file_mode     0000000140005e08 f   LIBCMT:file_mode.obj
 0001:00004e10       ?__scrt_initialize_type_info@@YAXXZ 0000000140005e10 f   LIBCMT:tncleanup.obj
 0001:00004e20       __acrt_uninitialize_command_line 0000000140005e20 f   libucrt:argv_data.obj
 0001:00004e20       _should_initialize_environment 0000000140005e20 f   LIBCMT:env_mode.obj
 0001:00004e24       __local_stdio_scanf_options 0000000140005e24 f i LIBCMT:default_local_stdio_options.obj
 0001:00004e2c       __scrt_initialize_default_local_stdio_options 0000000140005e2c f   LIBCMT:default_local_stdio_options.obj
 0001:00004e48       __scrt_is_user_matherr_present 0000000140005e48 f   LIBCMT:matherr_detection.obj
 0001:00004e54       __scrt_get_dyn_tls_init_callback 0000000140005e54 f   LIBCMT:dyn_tls_init.obj
 0001:00004e5c       __scrt_get_dyn_tls_dtor_callback 0000000140005e5c f   LIBCMT:dyn_tls_dtor.obj
 0001:00004e64       __crt_debugger_hook        0000000140005e64 f   LIBCMT:utility_desktop.obj
 0001:00004e70       __scrt_fastfail            0000000140005e70 f   LIBCMT:utility_desktop.obj
 0001:00004e78       __scrt_initialize_mta      0000000140005e78 f   LIBCMT:utility_desktop.obj
 0001:00004e80       __scrt_is_managed_app      0000000140005e80 f   LIBCMT:utility_desktop.obj
 0001:00004ed4       __scrt_set_unhandled_exception_filter 0000000140005ed4 f   LIBCMT:utility_desktop.obj
 0001:00004ee4       __scrt_unhandled_exception_filter 0000000140005ee4 f   LIBCMT:utility_desktop.obj
 0001:00004f40       _RTC_Initialize            0000000140005f40 f   LIBCMT:initsect.obj
 0001:00004f7c       _RTC_Terminate             0000000140005f7c f   LIBCMT:initsect.obj
 0001:00004fb8       __isa_available_init       0000000140005fb8 f   LIBCMT:cpu_disp.obj
 0001:00005254       __scrt_is_ucrt_dll_in_use  0000000140006254 f   LIBCMT:ucrt_detection.obj
 0001:00005260       ??$_CallSETranslator@V__FrameHandler3@@@@YAHPEAUEHExceptionRecord@@PEA_KPEAU_CONTEXT@@PEAU_xDISPATCHER_CONTEXT@@PEBU_s_FuncInfo@@K1H@Z 0000000140006260 f i libvcruntime:risctrnsctrl.obj
 0001:000052b4       ??$_CallSETranslator@V__FrameHandler4@@@@YAHPEAUEHExceptionRecord@@PEA_KPEAU_CONTEXT@@PEAU_xDISPATCHER_CONTEXT@@PEAUFuncInfo4@FH4@@K1H@Z 00000001400062b4 f i libvcruntime:risctrnsctrl.obj
 0001:00005308       ?CatchTryBlock@__FrameHandler3@@SAPEBU_s_TryBlockMapEntry@@PEBU_s_FuncInfo@@H@Z 0000000140006308 f   libvcruntime:risctrnsctrl.obj
 0001:0000535c       ?DecompFuncInfo@FH4@@YA_JPEAEAEAUFuncInfo4@1@_KH_N@Z 000000014000635c f i libvcruntime:risctrnsctrl.obj
 0001:00005488       ?ExecutionInCatch@__FrameHandler3@@SA_NPEAU_xDISPATCHER_CONTEXT@@PEBU_s_FuncInfo@@@Z 0000000140006488 f   libvcruntime:risctrnsctrl.obj
 0001:000054b4       ?ExecutionInCatch@__FrameHandler4@@SA_NPEAU_xDISPATCHER_CONTEXT@@PEAUFuncInfo4@FH4@@@Z 00000001400064b4 f   libvcruntime:risctrnsctrl.obj
 0001:000054bc       ?FrameUnwindToEmptyState@__FrameHandler3@@SAXPEA_KPEAU_xDISPATCHER_CONTEXT@@PEBU_s_FuncInfo@@@Z 00000001400064bc f   libvcruntime:risctrnsctrl.obj
 0001:00005520       ?FrameUnwindToEmptyState@__FrameHandler4@@SAXPEA_KPEAU_xDISPATCHER_CONTEXT@@PEAUFuncInfo4@FH4@@@Z 0000000140006520 f   libvcruntime:risctrnsctrl.obj
 0001:00005554       ?GetEstablisherFrame@__FrameHandler3@@SAPEA_KPEA_KPEAU_xDISPATCHER_CONTEXT@@PEBU_s_FuncInfo@@0@Z 0000000140006554 f   libvcruntime:risctrnsctrl.obj
 0001:00005634       ?GetEstablisherFrame@__FrameHandler4@@SAPEA_KPEA_KPEAU_xDISPATCHER_CONTEXT@@PEAUFuncInfo4@FH4@@0@Z 0000000140006634 f   libvcruntime:risctrnsctrl.obj
 0001:00005658       ?GetRangeOfTrysToCheck@__FrameHandler3@@SA?AU?$pair@Viterator@TryBlockMap@__FrameHandler3@@V123@@std@@AEAVTryBlockMap@1@HPEAU_xDISPATCHER_CONTEXT@@PEBU_s_FuncInfo@@H@Z 0000000140006658 f   libvcruntime:risctrnsctrl.obj
 0001:00005794       ?GetRangeOfTrysToCheck@__FrameHandler4@@SA?AU?$pair@Viterator@TryBlockMap4@FH4@@V123@@std@@AEAVTryBlockMap4@FH4@@HPEAU_xDISPATCHER_CONTEXT@@PEAUFuncInfo4@5@H@Z 0000000140006794 f   libvcruntime:risctrnsctrl.obj
 0001:00005920       ?UnwindNestedFrames@__FrameHandler3@@SAXPEA_KPEAUEHExceptionRecord@@PEAU_CONTEXT@@0PEAXPEBU_s_FuncInfo@@HHPEBU_s_HandlerType@@PEAU_xDISPATCHER_CONTEXT@@E@Z 0000000140006920 f   libvcruntime:risctrnsctrl.obj
 0001:00005a24       ?UnwindNestedFrames@__FrameHandler4@@SAXPEA_KPEAUEHExceptionRecord@@PEAU_CONTEXT@@0PEAXPEAUFuncInfo4@FH4@@HHPEAUHandlerType4@5@PEAU_xDISPATCHER_CONTEXT@@E@Z 0000000140006a24 f   libvcruntime:risctrnsctrl.obj
 0001:00005b44       ?setBuffer@TryBlockMap4@FH4@@QEAAXViterator@12@@Z 0000000140006b44 f i libvcruntime:risctrnsctrl.obj
 0001:00005d30       _CreateFrameInfo           0000000140006d30 f   libvcruntime:risctrnsctrl.obj
 0001:00005d6c       _FindAndUnlinkFrame        0000000140006d6c f   libvcruntime:risctrnsctrl.obj
 0001:00005dc0       _GetImageBase              0000000140006dc0 f   libvcruntime:risctrnsctrl.obj
 0001:00005dd4       _GetThrowImageBase         0000000140006dd4 f   libvcruntime:risctrnsctrl.obj
 0001:00005de8       _SetImageBase              0000000140006de8 f   libvcruntime:risctrnsctrl.obj
 0001:00005e00       _SetThrowImageBase         0000000140006e00 f   libvcruntime:risctrnsctrl.obj
 0001:00005e18       __CxxFrameHandler3         0000000140006e18 f   libvcruntime:risctrnsctrl.obj
 0001:00005ea0       __CxxFrameHandler4         0000000140006ea0 f   libvcruntime:risctrnsctrl.obj
 0001:00005f68       __DestructExceptionObject  0000000140006f68 f   libvcruntime:ehhelpers.obj
 0001:00005fd8       ?_CallMemberFunction0@@YAXQEAX0@Z 0000000140006fd8 f i libvcruntime:ehhelpers.obj
 0001:00005fdc       _IsExceptionObjectToBeDestroyed 0000000140006fdc f   libvcruntime:ehhelpers.obj
 0001:0000600c       __AdjustPointer            000000014000700c f   libvcruntime:ehhelpers.obj
 0001:00006034       __FrameUnwindFilter        0000000140007034 f   libvcruntime:ehhelpers.obj
 0001:0000609c       __current_exception        000000014000709c f   libvcruntime:ehhelpers.obj
 0001:000060b0       __current_exception_context 00000001400070b0 f   libvcruntime:ehhelpers.obj
 0001:000060c4       __std_terminate            00000001400070c4 f   libvcruntime:ehhelpers.obj
 0001:000060d0       strchr                     00000001400070d0 f   libvcruntime:strchr.obj
 0001:00006150       __C_specific_handler       0000000140007150 f   libvcruntime:riscchandler.obj
 0001:00006358       __std_exception_copy       0000000140007358 f   libvcruntime:std_exception.obj
 0001:000063e0       __std_exception_destroy    00000001400073e0 f   libvcruntime:std_exception.obj
 0001:00006408       _CxxThrowException         0000000140007408 f   libvcruntime:throw.obj
 0001:000064b0       __vcrt_initialize          00000001400074b0 f   libvcruntime:initialization.obj
 0001:000064d8       __vcrt_uninitialize        00000001400074d8 f   libvcruntime:initialization.obj
 0001:000064f4       __std_type_info_compare    00000001400074f4 f   libvcruntime:std_type_info.obj
 0001:00006520       __vcrt_freefls             0000000140007520 f   libvcruntime:per_thread_data.obj
 0001:00006540       __vcrt_getptd              0000000140007540 f   libvcruntime:per_thread_data.obj
 0001:0000655c       __vcrt_getptd_noexit       000000014000755c f   libvcruntime:per_thread_data.obj
 0001:0000661c       __vcrt_initialize_ptd      000000014000761c f   libvcruntime:per_thread_data.obj
 0001:00006668       __vcrt_uninitialize_ptd    0000000140007668 f   libvcruntime:per_thread_data.obj
 0001:00006690       ?GetCurrentState@__FrameHandler3@@SAHPEA_KPEAU_xDISPATCHER_CONTEXT@@PEBU_s_FuncInfo@@@Z 0000000140007690 f   libvcruntime:ehstate.obj
 0001:000066b8       ?GetUnwindTryBlock@__FrameHandler3@@SAHPEA_KPEAU_xDISPATCHER_CONTEXT@@PEBU_s_FuncInfo@@@Z 00000001400076b8 f   libvcruntime:ehstate.obj
 0001:000066e4       ?SetState@__FrameHandler3@@SAXPEA_KPEAU_xDISPATCHER_CONTEXT@@PEBU_s_FuncInfo@@H@Z 00000001400076e4 f   libvcruntime:ehstate.obj
 0001:000066f0       ?SetUnwindTryBlock@__FrameHandler3@@SAXPEA_KPEAU_xDISPATCHER_CONTEXT@@PEBU_s_FuncInfo@@H@Z 00000001400076f0 f   libvcruntime:ehstate.obj
 0001:0000672c       ?StateFromControlPc@__FrameHandler3@@SAHPEBU_s_FuncInfo@@PEAU_xDISPATCHER_CONTEXT@@@Z 000000014000772c f   libvcruntime:ehstate.obj
 0001:00006734       ?StateFromControlPc@__FrameHandler4@@SAHPEAUFuncInfo4@FH4@@PEAU_xDISPATCHER_CONTEXT@@@Z 0000000140007734 f   libvcruntime:ehstate.obj
 0001:0000673c       ?StateFromIp@__FrameHandler3@@SAHPEBU_s_FuncInfo@@PEAU_xDISPATCHER_CONTEXT@@_K@Z 000000014000773c f   libvcruntime:ehstate.obj
 0001:00006798       ?StateFromIp@__FrameHandler4@@SAHPEAUFuncInfo4@FH4@@PEAU_xDISPATCHER_CONTEXT@@_K@Z 0000000140007798 f   libvcruntime:ehstate.obj
 0001:00007ed8       ??$TypeMatchHelper@V__FrameHandler3@@@@YAHPEBU_s_HandlerType@@PEBU_s_CatchableType@@PEBU_s_ThrowInfo@@@Z 0000000140008ed8 f i libvcruntime:frame.obj
 0001:00008008       ??$TypeMatchHelper@V__FrameHandler4@@@@YAHPEAUHandlerType4@FH4@@PEBU_s_CatchableType@@PEBU_s_ThrowInfo@@@Z 0000000140009008 f i libvcruntime:frame.obj
 0001:00008140       ??$__InternalCxxFrameHandler@V__FrameHandler3@@@@YA?AW4_EXCEPTION_DISPOSITION@@PEAUEHExceptionRecord@@PEA_KPEAU_CONTEXT@@PEAU_xDISPATCHER_CONTEXT@@PEBU_s_FuncInfo@@H1E@Z 0000000140009140 f i libvcruntime:frame.obj
 0001:00008368       ??$__InternalCxxFrameHandler@V__FrameHandler4@@@@YA?AW4_EXCEPTION_DISPOSITION@@PEAUEHExceptionRecord@@PEA_KPEAU_CONTEXT@@PEAU_xDISPATCHER_CONTEXT@@PEAUFuncInfo4@FH4@@H1E@Z 0000000140009368 f i libvcruntime:frame.obj
 0001:00008608       ??$__InternalCxxFrameHandlerWrapper@V__FrameHandler3@@@@YA?AW4_EXCEPTION_DISPOSITION@@PEAUEHExceptionRecord@@PEA_KPEAU_CONTEXT@@PEAU_xDISPATCHER_CONTEXT@@PEBU_s_FuncInfo@@H1E@Z 0000000140009608 f i libvcruntime:frame.obj
 0001:00008610       ??$__InternalCxxFrameHandlerWrapper@V__FrameHandler4@@@@YA?AW4_EXCEPTION_DISPOSITION@@PEAUEHExceptionRecord@@PEA_KPEAU_CONTEXT@@PEAU_xDISPATCHER_CONTEXT@@PEAUFuncInfo4@FH4@@H1E@Z 0000000140009610 f i libvcruntime:frame.obj
 0001:0000865c       ??0HandlerMap4@FH4@@QEAA@PEBUTryBlockMapEntry4@1@_KH@Z 000000014000965c f i libvcruntime:frame.obj
 0001:000086e0       ??0TryBlockMap4@FH4@@QEAA@PEBUFuncInfo4@1@_K@Z 00000001400096e0 f i libvcruntime:frame.obj
 0001:000087c4       ??0bad_exception@std@@QEAA@AEBV01@@Z 00000001400097c4 f i libvcruntime:frame.obj
 0001:00008800       ??0bad_exception@std@@QEAA@XZ 0000000140009800 f i libvcruntime:frame.obj
 0001:00008824       ?CxxCallCatchBlock@__FrameHandler3@@SAPEAXPEAU_EXCEPTION_RECORD@@@Z 0000000140009824 f   libvcruntime:frame.obj
 0001:00008a30       ?CxxCallCatchBlock@__FrameHandler4@@SAPEAXPEAU_EXCEPTION_RECORD@@@Z 0000000140009a30 f   libvcruntime:frame.obj
 0001:00008c8c       ?DecompHandler@HandlerMap4@FH4@@AEAAXXZ 0000000140009c8c f i libvcruntime:frame.obj
 0001:00008ecc       ?FrameUnwindToState@__FrameHandler3@@SAXPEA_KPEAU_xDISPATCHER_CONTEXT@@PEBU_s_FuncInfo@@H@Z 0000000140009ecc f   libvcruntime:frame.obj
 0001:00009068       ?FrameUnwindToState@__FrameHandler4@@SAXPEA_KPEAU_xDISPATCHER_CONTEXT@@PEAUFuncInfo4@FH4@@H@Z 000000014000a068 f   libvcruntime:frame.obj
 0001:00009384       ?GetHandlerSearchState@__FrameHandler3@@SAHPEA_KPEAU_xDISPATCHER_CONTEXT@@PEBU_s_FuncInfo@@@Z 000000014000a384 f i libvcruntime:frame.obj
 0001:0000958c       ?ReadEntry@UWMap4@FH4@@AEAAXPEAPEAE@Z 000000014000a58c f i libvcruntime:frame.obj
 0001:00009628       ?_CallMemberFunction1@@YAXQEAX00@Z 000000014000a628 f i libvcruntime:frame.obj
 0001:00009634       ?_CallMemberFunction2@@YAXQEAX00H@Z 000000014000a634 f i libvcruntime:frame.obj
 0001:00009644       ?getStartStop@UWMap4@FH4@@QEAAXHHAEAViterator@12@0@Z 000000014000a644 f i libvcruntime:frame.obj
 0001:00009714       ?getStateFromIterators@UWMap4@FH4@@SAHAEBViterator@12@H0H0@Z 000000014000a714 f i libvcruntime:frame.obj
 0001:00009810       _NLG_Notify                000000014000a810 f   libvcruntime:notify.obj
 0001:00009830       __NLG_Dispatch2            000000014000a830 f   libvcruntime:notify.obj
 0001:00009840       __NLG_Return2              000000014000a840 f   libvcruntime:notify.obj
 0001:00009844       __except_validate_context_record 000000014000a844 f   libvcruntime:jbcxrval.obj
 0001:0000987c       __vcrt_initialize_locks    000000014000a87c f   libvcruntime:locks.obj
 0001:000098c4       __vcrt_uninitialize_locks  000000014000a8c4 f   libvcruntime:locks.obj
 0001:00009940       _CallSettingFrame          000000014000a940 f   libvcruntime:handlers.obj
 0001:00009980       _CallSettingFrame_LookupContinuationIndex 000000014000a980 f   libvcruntime:handlers.obj
 0001:000099b0       _CallSettingFrame_NotifyContinuationAddr 000000014000a9b0 f   libvcruntime:handlers.obj
 0001:000099e0       _CallSettingFrameEncoded   000000014000a9e0 f   libvcruntime:handlers.obj
 0001:00009a30       __acrt_initialize_stdio    000000014000aa30 f   libucrt:_file.obj
 0001:00009b50       __acrt_iob_func            000000014000ab50 f   libucrt:_file.obj
 0001:00009b64       __acrt_uninitialize_stdio  000000014000ab64 f   libucrt:_file.obj
 0001:00009bc0       _lock_file                 000000014000abc0 f   libucrt:_file.obj
 0001:00009bcc       _unlock_file               000000014000abcc f   libucrt:_file.obj
 0001:00009bd8       _isatty                    000000014000abd8 f   libucrt:isatty.obj
 0001:00009c38       _fileno                    000000014000ac38 f   libucrt:fileno.obj
 0001:00009c60       ??0_LocaleUpdate@@QEAA@QEAU__crt_locale_pointers@@@Z 000000014000ac60 f i libucrt:stricmp.obj
 0001:00009d50       _stricmp                   000000014000ad50 f   libucrt:stricmp.obj
 0001:00009dc0       _stricmp_l                 000000014000adc0 f   libucrt:stricmp.obj
 0001:00009ee0       ??$__acrt_convert_wcs_mbs_cp@D_WV<lambda_7c9dea7b4ca7285d2cdb541a38da6275>@@U__crt_win32_buffer_internal_dynamic_resizing@@@@YAHQEBDAEAV?$__crt_win32_buffer@_WU__crt_win32_buffer_internal_dynamic_resizing@@@@AEBV<lambda_7c9dea7b4ca7285d2cdb541a38da6275>@@I@Z 000000014000aee0 f i libucrt:unlink.obj
 0001:0000a080       remove                     000000014000b080 f   libucrt:unlink.obj
 0001:0000a164       _toupper_l                 000000014000b164 f   libucrt:tolower_toupper.obj
 0001:0000a298       toupper                    000000014000b298 f   libucrt:tolower_toupper.obj
 0001:0000a2c4       _time64                    000000014000b2c4 f   libucrt:time.obj
 0001:0000a338       __acrt_initialize_clock    000000014000b338 f   libucrt:clock.obj
 0001:0000a398       clock                      000000014000b398 f   libucrt:clock.obj
 0001:0000a458       ??$ensure_buffer_is_big_enough@D@formatting_buffer@__crt_stdio_output@@QEAA_N_KAEAV__crt_cached_ptd_host@@@Z 000000014000b458 f i libucrt:output.obj
 0001:0000a500       ??$parse_integer@KV?$c_string_character_source@D@__crt_strtox@@$0A@@__crt_strtox@@YAKAEAV__crt_cached_ptd_host@@V?$c_string_character_source@D@0@H_N@Z 000000014000b500 f i libucrt:output.obj
 0001:0000a7b4       ??$type_case_integer@$07@?$output_processor@DV?$stream_output_adapter@D@__crt_stdio_output@@V?$standard_base@DV?$stream_output_adapter@D@__crt_stdio_output@@@2@@__crt_stdio_output@@AEAA_N_N@Z 000000014000b7b4 f i libucrt:output.obj
 0001:0000a9b8       ??$type_case_integer@$09@?$output_processor@DV?$stream_output_adapter@D@__crt_stdio_output@@V?$standard_base@DV?$stream_output_adapter@D@__crt_stdio_output@@@2@@__crt_stdio_output@@AEAA_N_N@Z 000000014000b9b8 f i libucrt:output.obj
 0001:0000abbc       ??$type_case_integer@$0BA@@?$output_processor@DV?$stream_output_adapter@D@__crt_stdio_output@@V?$standard_base@DV?$stream_output_adapter@D@__crt_stdio_output@@@2@@__crt_stdio_output@@AEAA_N_N@Z 000000014000bbbc f i libucrt:output.obj
 0001:0000adc0       ??$type_case_integer_parse_into_buffer@I$07@?$output_processor@DV?$stream_output_adapter@D@__crt_stdio_output@@V?$standard_base@DV?$stream_output_adapter@D@__crt_stdio_output@@@2@@__crt_stdio_output@@AEAAXI_N@Z 000000014000bdc0 f i libucrt:output.obj
 0001:0000ae30       ??$type_case_integer_parse_into_buffer@I$09@?$output_processor@DV?$stream_output_adapter@D@__crt_stdio_output@@V?$standard_base@DV?$stream_output_adapter@D@__crt_stdio_output@@@2@@__crt_stdio_output@@AEAAXI_N@Z 000000014000be30 f i libucrt:output.obj
 0001:0000aedc       ??$type_case_integer_parse_into_buffer@I$0BA@@?$output_processor@DV?$stream_output_adapter@D@__crt_stdio_output@@V?$standard_base@DV?$stream_output_adapter@D@__crt_stdio_output@@@2@@__crt_stdio_output@@AEAAXI_N@Z 000000014000bedc f i libucrt:output.obj
 0001:0000af60       ??$type_case_integer_parse_into_buffer@_K$07@?$output_processor@DV?$stream_output_adapter@D@__crt_stdio_output@@V?$standard_base@DV?$stream_output_adapter@D@__crt_stdio_output@@@2@@__crt_stdio_output@@AEAAX_K_N@Z 000000014000bf60 f i libucrt:output.obj
 0001:0000afd0       ??$type_case_integer_parse_into_buffer@_K$09@?$output_processor@DV?$stream_output_adapter@D@__crt_stdio_output@@V?$standard_base@DV?$stream_output_adapter@D@__crt_stdio_output@@@2@@__crt_stdio_output@@AEAAX_K_N@Z 000000014000bfd0 f i libucrt:output.obj
 0001:0000b080       ??$type_case_integer_parse_into_buffer@_K$0BA@@?$output_processor@DV?$stream_output_adapter@D@__crt_stdio_output@@V?$standard_base@DV?$stream_output_adapter@D@__crt_stdio_output@@@2@@__crt_stdio_output@@AEAAX_K_N@Z 000000014000c080 f i libucrt:output.obj
 0001:0000b220       ?crop_zeroes@__crt_stdio_output@@YAXPEADQEAU__crt_locale_pointers@@@Z 000000014000c220 f i libucrt:output.obj
 0001:0000b290       ?get_raw_ptd@__crt_cached_ptd_host@@QEAAPEAU__acrt_ptd@@XZ 000000014000c290 f i libucrt:output.obj
 0001:0000b2f8       ?parse_int_from_format_string@?$output_processor@DV?$stream_output_adapter@D@__crt_stdio_output@@V?$standard_base@DV?$stream_output_adapter@D@__crt_stdio_output@@@2@@__crt_stdio_output@@AEAA_NQEAH@Z 000000014000c2f8 f i libucrt:output.obj
 0001:0000b388       ?process@?$output_processor@DV?$stream_output_adapter@D@__crt_stdio_output@@V?$standard_base@DV?$stream_output_adapter@D@__crt_stdio_output@@@2@@__crt_stdio_output@@QEAAHXZ 000000014000c388 f i libucrt:output.obj
 0001:0000b70c       ?state_case_size@?$output_processor@DV?$stream_output_adapter@D@__crt_stdio_output@@V?$standard_base@DV?$stream_output_adapter@D@__crt_stdio_output@@@2@@__crt_stdio_output@@AEAA_NXZ 000000014000c70c f i libucrt:output.obj
 0001:0000b894       ?state_case_type@?$output_processor@DV?$stream_output_adapter@D@__crt_stdio_output@@V?$standard_base@DV?$stream_output_adapter@D@__crt_stdio_output@@@2@@__crt_stdio_output@@AEAA_NXZ 000000014000c894 f i libucrt:output.obj
 0001:0000bdcc       ?type_case_Z@?$output_processor@DV?$stream_output_adapter@D@__crt_stdio_output@@V?$standard_base@DV?$stream_output_adapter@D@__crt_stdio_output@@@2@@__crt_stdio_output@@AEAA_NXZ 000000014000cdcc f i libucrt:output.obj
 0001:0000be48       ?type_case_a@?$output_processor@DV?$stream_output_adapter@D@__crt_stdio_output@@V?$standard_base@DV?$stream_output_adapter@D@__crt_stdio_output@@@2@@__crt_stdio_output@@AEAA_NXZ 000000014000ce48 f i libucrt:output.obj
 0001:0000c0a4       ?type_case_c_tchar@?$output_processor@DV?$stream_output_adapter@D@__crt_stdio_output@@V?$standard_base@DV?$stream_output_adapter@D@__crt_stdio_output@@@2@@__crt_stdio_output@@AEAA_ND@Z 000000014000d0a4 f i libucrt:output.obj
 0001:0000c178       ?type_case_n@?$output_processor@DV?$stream_output_adapter@D@__crt_stdio_output@@V?$standard_base@DV?$stream_output_adapter@D@__crt_stdio_output@@@2@@__crt_stdio_output@@AEAA_NXZ 000000014000d178 f i libucrt:output.obj
 0001:0000c230       ?type_case_s@?$output_processor@DV?$stream_output_adapter@D@__crt_stdio_output@@V?$standard_base@DV?$stream_output_adapter@D@__crt_stdio_output@@@2@@__crt_stdio_output@@AEAA_NXZ 000000014000d230 f i libucrt:output.obj
 0001:0000c2d0       ?update_locale_slow@__crt_cached_ptd_host@@AEAAXXZ 000000014000d2d0 f i libucrt:output.obj
 0001:0000c348       ?validate_stream_is_ansi_if_required@?$__acrt_stdio_char_traits@D@@SA_NQEAU_iobuf@@@Z 000000014000d348 f i libucrt:output.obj
 0001:0000c3e4       ?write_string_impl@?$output_adapter_common@DV?$stream_output_adapter@D@__crt_stdio_output@@@__crt_stdio_output@@IEBAXQEBDHQEAHAEAV__crt_cached_ptd_host@@@Z 000000014000d3e4 f i libucrt:output.obj
 0001:0000c4b4       __stdio_common_vfprintf    000000014000d4b4 f   libucrt:output.obj
 0001:0000c724       __acrt_get_sigabrt_handler 000000014000d724 f   libucrt:signal.obj
 0001:0000c754       __acrt_initialize_signal_handlers 000000014000d754 f   libucrt:signal.obj
 0001:0000c774       raise                      000000014000d774 f   libucrt:signal.obj
 0001:0000c9d0       signal                     000000014000d9d0 f   libucrt:signal.obj
 0001:0000cba0       _memicmp                   000000014000dba0 f   libucrt:memicmp.obj
 0001:0000cd40       isdigit                    000000014000dd40 f   libucrt:_ctype.obj
 0001:0000cf0c       fclose                     000000014000df0c f   libucrt:fclose.obj
 0001:0000d064       _fwrite_internal           000000014000e064 f   libucrt:fwrite.obj
 0001:0000d100       _fwrite_nolock_internal    000000014000e100 f   libucrt:fwrite.obj
 0001:0000d314       fwrite                     000000014000e314 f   libucrt:fwrite.obj
 0001:0000d3c0       calloc                     000000014000e3c0 f   libucrt:calloc.obj
 0001:0000d3d0       free                       000000014000e3d0 f   libucrt:free.obj
 0001:0000d3e0       _recalloc_base             000000014000e3e0 f   libucrt:recalloc.obj
 0001:0000d480       _recalloc                  000000014000e480 f   libucrt:recalloc.obj
 0001:0000d490       _expand                    000000014000e490 f   libucrt:expand.obj
 0001:0000d4a0       _expand_base               000000014000e4a0 f   libucrt:expand.obj
 0001:0000d5f0       _callnewh                  000000014000e5f0 f   libucrt:new_handler.obj
 0001:0000d630       __acrt_initialize_new_handler 000000014000e630 f   libucrt:new_handler.obj
 0001:0000d640       _query_new_handler         000000014000e640 f   libucrt:new_handler.obj
 0001:0000d680       _set_new_handler           000000014000e680 f   libucrt:new_handler.obj
 0001:0000d6e0       ?_set_new_handler@@YAP6AH_K@ZH@Z 000000014000e6e0 f   libucrt:new_handler.obj
 0001:0000d6f0       malloc                     000000014000e6f0 f   libucrt:malloc.obj
 0001:0000d6f8       _seh_filter_exe            000000014000e6f8 f   libucrt:exception_filter.obj
 0001:0000d864       _query_app_type            000000014000e864 f   libucrt:report_runtime_error.obj
 0001:0000d86c       _set_app_type              000000014000e86c f   libucrt:report_runtime_error.obj
 0001:0000d880       __acrt_has_user_matherr    000000014000e880 f   libucrt:matherr.obj
 0001:0000d8a0       __acrt_initialize_user_matherr 000000014000e8a0 f   libucrt:matherr.obj
 0001:0000d8b0       __acrt_invoke_user_matherr 000000014000e8b0 f   libucrt:matherr.obj
 0001:0000d8e0       __setusermatherr           000000014000e8e0 f   libucrt:matherr.obj
 0001:0000dac4       __acrt_allocate_buffer_for_argv 000000014000eac4 f   libucrt:argv_parsing.obj
 0001:0000db24       _configure_narrow_argv     000000014000eb24 f   libucrt:argv_parsing.obj
 0001:0000df88       __dcrt_get_or_create_narrow_environment_nolock 000000014000ef88 f   libucrt:environment_initialization.obj
 0001:0000dfc4       __dcrt_uninitialize_environments_nolock 000000014000efc4 f   libucrt:environment_initialization.obj
 0001:0000e008       _get_initial_narrow_environment 000000014000f008 f   libucrt:environment_initialization.obj
 0001:0000e058       _initialize_narrow_environment 000000014000f058 f   libucrt:environment_initialization.obj
 0001:0000e060       _initterm                  000000014000f060 f   libucrt:initterm.obj
 0001:0000e098       _initterm_e                000000014000f098 f   libucrt:initterm.obj
 0001:0000e344       __acrt_initialize_thread_local_exit_callback 000000014000f344 f   libucrt:exit.obj
 0001:0000e34c       _c_exit                    000000014000f34c f   libucrt:exit.obj
 0001:0000e35c       _cexit                     000000014000f35c f   libucrt:exit.obj
 0001:0000e36c       _exit                      000000014000f36c f   libucrt:exit.obj
 0001:0000e378       _register_thread_local_exe_atexit_callback 000000014000f378 f   libucrt:exit.obj
 0001:0000e3b4       exit                       000000014000f3b4 f   libucrt:exit.obj
 0001:0000e3c0       _set_fmode                 000000014000f3c0 f   libucrt:setmode.obj
 0001:0000e400       __acrt_initialize_command_line 000000014000f400 f   libucrt:argv_data.obj
 0001:0000e428       __p___argc                 000000014000f428 f   libucrt:argv_data.obj
 0001:0000e430       __p___argv                 000000014000f430 f   libucrt:argv_data.obj
 0001:0000e4a8       __acrt_set_locale_changed  000000014000f4a8 f   libucrt:wsetlocale.obj
 0001:0000e4b4       __acrt_uninitialize_locale 000000014000f4b4 f   libucrt:wsetlocale.obj
 0001:0000e4e4       _configthreadlocale        000000014000f4e4 f   libucrt:wsetlocale.obj
 0001:0000e550       _query_new_mode            000000014000f550 f   libucrt:new_mode.obj
 0001:0000e560       _set_new_mode              000000014000f560 f   libucrt:new_mode.obj
 0001:0000e58c       __p__commode               000000014000f58c f   libucrt:ncommode.obj
 0001:0000e8d4       _crt_atexit                000000014000f8d4 f   libucrt:onexit.obj
 0001:0000e8e4       _execute_onexit_table      000000014000f8e4 f   libucrt:onexit.obj
 0001:0000e928       _initialize_onexit_table   000000014000f928 f   libucrt:onexit.obj
 0001:0000e950       _register_onexit_function  000000014000f950 f   libucrt:onexit.obj
 0001:0000eac4       __acrt_initialize          000000014000fac4 f   libucrt:initialization.obj
 0001:0000ead8       __acrt_uninitialize        000000014000fad8 f   libucrt:initialization.obj
 0001:0000eb10       terminate                  000000014000fb10 f   libucrt:terminate.obj
 0001:0000eb30       abort                      000000014000fb30 f   libucrt:abort.obj
 0001:0000eb90       strcpy_s                   000000014000fb90 f   libucrt:strcpy_s.obj
 0001:0000ec10       ?get_raw_ptd_noexit@__crt_cached_ptd_host@@QEAAPEAU__acrt_ptd@@XZ 000000014000fc10 f i libucrt:invalid_parameter.obj
 0001:0000ec7c       ?value@?$dual_state_global@P6AXPEB_W00I_K@Z@__crt_state_management@@QEAAAEAP6AXPEB_W00I_K@ZAEAV__crt_cached_ptd_host@@@Z 000000014000fc7c f i libucrt:invalid_parameter.obj
 0001:0000ecc8       __acrt_call_reportfault    000000014000fcc8 f   libucrt:invalid_parameter.obj
 0001:0000ee38       __acrt_initialize_invalid_parameter_handler 000000014000fe38 f   libucrt:invalid_parameter.obj
 0001:0000ee40       _invalid_parameter         000000014000fe40 f   libucrt:invalid_parameter.obj
 0001:0000eedc       _invalid_parameter_internal 000000014000fedc f   libucrt:invalid_parameter.obj
 0001:0000ef94       _invalid_parameter_noinfo  000000014000ff94 f   libucrt:invalid_parameter.obj
 0001:0000efb4       _invoke_watson             000000014000ffb4 f   libucrt:invalid_parameter.obj
 0001:0000effc       __acrt_errno_from_os_error 000000014000fffc f   libucrt:errno.obj
 0001:0000f0cc       __acrt_errno_map_os_error  00000001400100cc f   libucrt:errno.obj
 0001:0000f0f4       __acrt_errno_map_os_error_ptd 00000001400100f4 f   libucrt:errno.obj
 0001:0000f118       __doserrno                 0000000140010118 f   libucrt:errno.obj
 0001:0000f13c       _errno                     000000014001013c f   libucrt:errno.obj
 0001:0000f160       _calloc_base               0000000140010160 f   libucrt:calloc_base.obj
 0001:0000f1e0       _free_base                 00000001400101e0 f   libucrt:free_base.obj
 0001:0000f424       __acrt_AppPolicyGetProcessTerminationMethodInternal 0000000140010424 f   libucrt:winapi_thunks.obj
 0001:0000f480       __acrt_AreFileApisANSI     0000000140010480 f   libucrt:winapi_thunks.obj
 0001:0000f4cc       __acrt_CompareStringEx     00000001400104cc f   libucrt:winapi_thunks.obj
 0001:0000f590       __acrt_FlsAlloc            0000000140010590 f   libucrt:winapi_thunks.obj
 0001:0000f598       __acrt_FlsFree             0000000140010598 f   libucrt:winapi_thunks.obj
 0001:0000f5a0       __acrt_FlsGetValue         00000001400105a0 f   libucrt:winapi_thunks.obj
 0001:0000f5a8       __acrt_FlsGetValue2        00000001400105a8 f   libucrt:winapi_thunks.obj
 0001:0000f5b4       __acrt_FlsSetValue         00000001400105b4 f   libucrt:winapi_thunks.obj
 0001:0000f5bc       __acrt_InitializeCriticalSectionEx 00000001400105bc f   libucrt:winapi_thunks.obj
 0001:0000f5c4       __acrt_LCMapStringEx       00000001400105c4 f   libucrt:winapi_thunks.obj
 0001:0000f6b8       __acrt_LocaleNameToLCID    00000001400106b8 f   libucrt:winapi_thunks.obj
 0001:0000f71c       __acrt_initialize_winapi_thunks 000000014001071c f   libucrt:winapi_thunks.obj
 0001:0000f74c       __acrt_tls2_supported      000000014001074c f   libucrt:winapi_thunks.obj
 0001:0000f790       __acrt_uninitialize_winapi_thunks 0000000140010790 f   libucrt:winapi_thunks.obj
 0001:0000f7d4       _fcloseall                 00000001400107d4 f   libucrt:closeall.obj
 0001:0000fa68       __acrt_stdio_flush_nolock  0000000140010a68 f   libucrt:fflush.obj
 0001:0000faf4       _fflush_nolock             0000000140010af4 f   libucrt:fflush.obj
 0001:0000fbc8       _flushall                  0000000140010bc8 f   libucrt:fflush.obj
 0001:0000fbd0       __acrt_stdio_free_buffer_nolock 0000000140010bd0 f   libucrt:_freebuf.obj
 0001:0000fe1c       __acrt_initialize_lowio    0000000140010e1c f   libucrt:ioinit.obj
 0001:0000fe58       __acrt_uninitialize_lowio  0000000140010e58 f   libucrt:ioinit.obj
 0001:000101a8       ?internal_get_ptd_head_slow@@YAPEAU__acrt_ptd@@XZ 00000001400111a8 f   libucrt:per_thread_data.obj
 0001:000102c8       __acrt_getptd              00000001400112c8 f   libucrt:per_thread_data.obj
 0001:000102e4       __acrt_getptd_head         00000001400112e4 f   libucrt:per_thread_data.obj
 0001:00010328       __acrt_getptd_noexit       0000000140011328 f   libucrt:per_thread_data.obj
 0001:000103b8       __acrt_getptd_noexit_explicit 00000001400113b8 f   libucrt:per_thread_data.obj
 0001:00010414       __acrt_initialize_ptd      0000000140011414 f   libucrt:per_thread_data.obj
 0001:00010458       __acrt_uninitialize_ptd    0000000140011458 f   libucrt:per_thread_data.obj
 0001:0001047c       __acrt_update_locale_info  000000014001147c f   libucrt:locale_update.obj
 0001:000104b0       __acrt_update_locale_info_explicit 00000001400114b0 f   libucrt:locale_update.obj
 0001:000104e8       __acrt_update_multibyte_info 00000001400114e8 f   libucrt:locale_update.obj
 0001:0001051c       __acrt_update_multibyte_info_explicit 000000014001151c f   libucrt:locale_update.obj
 0001:00010560       _malloc_base               0000000140011560 f   libucrt:malloc_base.obj
 0001:000105c0       __acrt_MultiByteToWideChar 00000001400115c0 f   libucrt:multibytetowidechar.obj
 0001:00010650       _wremove                   0000000140011650 f   libucrt:wunlink.obj
 0001:000109ac       __acrt_LCMapStringA        00000001400119ac f   libucrt:lcmapstringa.obj
 0001:00010a50       strnlen                    0000000140011a50 f   libucrt:strnlen.obj
 0001:00010be0       wcsnlen                    0000000140011be0 f   libucrt:strnlen.obj
 0001:000118f8       __acrt_fp_format           00000001400128f8 f   libucrt:cvt.obj
 0001:00011be0       _wctomb_internal           0000000140012be0 f   libucrt:wctomb.obj
 0001:00011d90       _mbtowc_internal           0000000140012d90 f   libucrt:mbtowc.obj
 0001:00011f08       ?__mblen_utf8@__crt_mbstring@@YAHPEBD@Z 0000000140012f08 f   libucrt:mbrtoc32.obj
 0001:00011f40       ?__mbrtoc32_utf8@__crt_mbstring@@YA_KPEA_UPEBD_KPEAU_Mbstatet@@AEAV__crt_cached_ptd_host@@@Z 0000000140012f40 f   libucrt:mbrtoc32.obj
 0001:00012100       ?__c16rtomb_utf8@__crt_mbstring@@YA_KPEAD_SPEAU_Mbstatet@@AEAV__crt_cached_ptd_host@@@Z 0000000140013100 f   libucrt:c16rtomb.obj
 0001:000121a4       ?__mbrtowc_utf8@__crt_mbstring@@YA_KPEA_WPEBD_KPEAU_Mbstatet@@AEAV__crt_cached_ptd_host@@@Z 00000001400131a4 f   libucrt:mbrtowc.obj
 0001:000121ec       ?__mbsrtowcs_utf8@__crt_mbstring@@YA_KPEA_WPEAPEBD_KPEAU_Mbstatet@@AEAV__crt_cached_ptd_host@@@Z 00000001400131ec f   libucrt:mbrtowc.obj
 0001:000123a4       _get_printf_count_output   00000001400133a4 f   libucrt:printf_count_output.obj
 0001:000123bc       _fputc_nolock_internal     00000001400133bc f   libucrt:fputc.obj
 0001:000123d4       __acrt_should_use_temporary_buffer 00000001400133d4 f   libucrt:_sftbuf.obj
 0001:00012420       __acrt_stdio_begin_temporary_buffering_nolock 0000000140013420 f   libucrt:_sftbuf.obj
 0001:000124e8       __acrt_stdio_end_temporary_buffering_nolock 00000001400134e8 f   libucrt:_sftbuf.obj
 0001:00012528       __acrt_initialize_locks    0000000140013528 f   libucrt:locks.obj
 0001:00012570       __acrt_lock                0000000140013570 f   libucrt:locks.obj
 0001:0001258c       __acrt_uninitialize_locks  000000014001358c f   libucrt:locks.obj
 0001:000125c4       __acrt_unlock              00000001400135c4 f   libucrt:locks.obj
 0001:000125e0       _isctype_l                 00000001400135e0 f   libucrt:isctype.obj
 0001:000126e8       ?__acrt_stdio_free_stream@@YAXV__crt_stdio_stream@@@Z 00000001400136e8 f   libucrt:stream.obj
 0001:0001277c       _close_internal            000000014001377c f   libucrt:close.obj
 0001:00012840       _close_nolock_internal     0000000140013840 f   libucrt:close.obj
 0001:0001313c       _write_internal            000000014001413c f   libucrt:write.obj
 0001:0001325c       _write_nolock              000000014001425c f   libucrt:write.obj
 0001:0001370c       __acrt_stdio_flush_and_write_narrow_nolock 000000014001470c f   libucrt:_flsbuf.obj
 0001:000139a8       _lseeki64                  00000001400149a8 f   libucrt:lseek.obj
 0001:00013a44       _lseeki64_nolock_internal  0000000140014a44 f   libucrt:lseek.obj
 0001:00013a50       _msize_base                0000000140014a50 f   libucrt:msize.obj
 0001:00013a90       _msize                     0000000140014a90 f   libucrt:msize.obj
 0001:00013aa0       _realloc_base              0000000140014aa0 f   libucrt:realloc_base.obj
 0001:00013b20       _get_heap_handle           0000000140014b20 f   libucrt:heap_handle.obj
 0001:00013b30       __acrt_initialize_heap     0000000140014b30 f   libucrt:heap_handle.obj
 0001:00013b60       __acrt_uninitialize_heap   0000000140014b60 f   libucrt:heap_handle.obj
 0001:00013b80       __acrt_getheap             0000000140014b80 f   libucrt:heap_handle.obj
 0001:00013b9c       ??$__acrt_convert_wcs_mbs_cp@_WDV<lambda_d8593a27d1aa8c02be35c86a17d324c4>@@U__crt_win32_buffer_internal_dynamic_resizing@@@@YAHQEB_WAEAV?$__crt_win32_buffer@DU__crt_win32_buffer_internal_dynamic_resizing@@@@AEBV<lambda_d8593a27d1aa8c02be35c86a17d324c4>@@I@Z 0000000140014b9c f i libucrt:argv_wildcards.obj
 0001:00014468       __acrt_expand_narrow_argv_wildcards 0000000140015468 f   libucrt:argv_wildcards.obj
 0001:00014470       ??$__acrt_convert_wcs_mbs_cp@_WDV<lambda_f788ae46380686e8b737efdd8c720d07>@@U__crt_win32_buffer_no_resizing@@@@YAHQEB_WAEAV?$__crt_win32_buffer@DU__crt_win32_buffer_no_resizing@@@@AEBV<lambda_f788ae46380686e8b737efdd8c720d07>@@I@Z 0000000140015470 f i libucrt:getmodulefilenamea.obj
 0001:0001458c       __acrt_GetModuleFileNameA  000000014001558c f   libucrt:getmodulefilenamea.obj
 0001:00014eb8       __acrt_initialize_multibyte 0000000140015eb8 f   libucrt:mbctype.obj
 0001:00014f18       __acrt_update_thread_multibyte_data 0000000140015f18 f   libucrt:mbctype.obj
 0001:00014f34       _setmbcp_nolock            0000000140015f34 f   libucrt:mbctype.obj
 0001:00015270       _ismbblead                 0000000140016270 f   libucrt:ismbbyte.obj
 0001:00015284       __acrt_WideCharToMultiByte 0000000140016284 f   libucrt:widechartomultibyte.obj
 0001:00015364       __dcrt_get_narrow_environment_from_os 0000000140016364 f   libucrt:get_environment_from_os.obj
 0001:000158b4       __dcrt_set_variable_in_narrow_environment_nolock 00000001400168b4 f   libucrt:setenv.obj
 0001:000158bc       __acrt_app_verifier_enabled 00000001400168bc f   libucrt:peb_access.obj
 0001:000158d8       __acrt_is_secure_process   00000001400168d8 f   libucrt:peb_access.obj
 0001:000158f0       __acrt_get_process_end_policy 00000001400168f0 f   libucrt:win_policies.obj
 0001:00015920       __acrt_lowio_create_handle_array 0000000140016920 f   libucrt:osfinfo.obj
 0001:000159c8       __acrt_lowio_destroy_handle_array 00000001400169c8 f   libucrt:osfinfo.obj
 0001:00015a18       __acrt_lowio_ensure_fh_exists 0000000140016a18 f   libucrt:osfinfo.obj
 0001:00015ac0       __acrt_lowio_lock_fh       0000000140016ac0 f   libucrt:osfinfo.obj
 0001:00015ae8       __acrt_lowio_unlock_fh     0000000140016ae8 f   libucrt:osfinfo.obj
 0001:00015b10       _free_osfhnd               0000000140016b10 f   libucrt:osfinfo.obj
 0001:00015bcc       _get_osfhandle             0000000140016bcc f   libucrt:osfinfo.obj
 0001:00015c44       __acrt_initialize_fmode    0000000140016c44 f   libucrt:txtmode.obj
 0001:00015c5c       __acrt_locale_free_monetary 0000000140016c5c f   libucrt:initmon.obj
 0001:00015d68       __acrt_locale_free_numeric 0000000140016d68 f   libucrt:initnum.obj
 0001:00015e08       __acrt_locale_free_time    0000000140016e08 f   libucrt:inittime.obj
 0001:00015f10       wcsncmp                    0000000140016f10 f   libucrt:wcsncmp.obj
 0001:00015f44       __acrt_GetStringTypeA      0000000140016f44 f   libucrt:getstringtypea.obj
 0001:000160d4       __acrt_add_locale_ref      00000001400170d4 f   libucrt:locale_refcounting.obj
 0001:00016160       __acrt_free_locale         0000000140017160 f   libucrt:locale_refcounting.obj
 0001:000162d8       __acrt_locale_add_lc_time_reference 00000001400172d8 f   libucrt:locale_refcounting.obj
 0001:00016300       __acrt_locale_free_lc_time_if_unreferenced 0000000140017300 f   libucrt:locale_refcounting.obj
 0001:00016338       __acrt_locale_release_lc_time_reference 0000000140017338 f   libucrt:locale_refcounting.obj
 0001:00016360       __acrt_release_locale_ref  0000000140017360 f   libucrt:locale_refcounting.obj
 0001:00016408       __acrt_update_thread_locale_data 0000000140017408 f   libucrt:locale_refcounting.obj
 0001:00016478       _updatetlocinfoEx_nolock   0000000140017478 f   libucrt:locale_refcounting.obj
 0001:000164e0       __acrt_execute_initializers 00000001400174e0 f   libucrt:shared_initialization.obj
 0001:00016560       __acrt_execute_uninitializers 0000000140017560 f   libucrt:shared_initialization.obj
 0001:0001659c       __acrt_DownlevelLocaleNameToLCID 000000014001759c f   libucrt:lcidtoname_downlevel.obj
 0001:000166d0       _commit                    00000001400176d0 f   libucrt:commit.obj
 0001:00016770       __strncnt                  0000000140017770 f   libucrt:strncnt.obj
 0001:00016858       __acrt_fp_strflt_to_string 0000000140017858 f   libucrt:_fptostr.obj
 0001:00016970       ?divide@__crt_strtox@@YA_KAEAUbig_integer@1@AEBU21@@Z 0000000140017970 f i libucrt:cfout.obj
 0001:00016dfc       __acrt_fltout              0000000140017dfc f   libucrt:cfout.obj
 0001:00018110       fegetround                 0000000140019110 f   libucrt:fegetround.obj
 0001:00018124       ?__c32rtomb_utf8@__crt_mbstring@@YA_KPEAD_UPEAU_Mbstatet@@AEAV__crt_cached_ptd_host@@@Z 0000000140019124 f   libucrt:c32rtomb.obj
 0001:000181c8       ?reset_and_return@__crt_mbstring@@YA_K_KPEAU_Mbstatet@@@Z 00000001400191c8 f   libucrt:common_utf8.obj
 0001:000181d0       ?return_illegal_sequence@__crt_mbstring@@YA_KPEAU_Mbstatet@@AEAV__crt_cached_ptd_host@@@Z 00000001400191d0 f   libucrt:common_utf8.obj
 0001:000181f0       __ascii_wcsnicmp           00000001400191f0 f   libucrt:wcsnicmp.obj
 0001:000182a0       _strnicmp                  00000001400192a0 f   libucrt:strnicmp.obj
 0001:00018330       _strnicmp_l                0000000140019330 f   libucrt:strnicmp.obj
 0001:0001848c       __acrt_stdio_allocate_buffer_nolock 000000014001948c f   libucrt:_getbuf.obj
 0001:000184f8       _putwch_nolock             00000001400194f8 f   libucrt:putwch.obj
 0001:00018540       qsort                      0000000140019540 f   libucrt:qsort.obj
 0001:000188e0       strncpy_s                  00000001400198e0 f   libucrt:strncpy_s.obj
 0001:00018ab0       strpbrk                    0000000140019ab0 f   libucrt:strpbrk.obj
 0001:00018e68       _mbsdec                    0000000140019e68 f   libucrt:mbsdec.obj
 0001:00018e70       _mbsdec_l                  0000000140019e70 f   libucrt:mbsdec.obj
 0001:00018f20       _strnicoll                 0000000140019f20 f   libucrt:strnicol.obj
 0001:000190c4       __acrt_SetEnvironmentVariableA 000000014001a0c4 f   libucrt:setenvironmentvariablea.obj
 0001:00019270       _controlfp_s               000000014001a270 f   libucrt:contrlfp.obj
 0001:000192e0       fegetenv                   000000014001a2e0 f   libucrt:fegetenv.obj
 0001:00019300       fesetenv                   000000014001a300 f   libucrt:fesetenv.obj
 0001:00019370       feholdexcept               000000014001a370 f   libucrt:feholdexcept.obj
 0001:000193d0       ceil                       000000014001a3d0 f   libucrt:ceil.obj
 0001:000194a0       log10                      000000014001a4a0 f   libucrt:log10.obj
 0001:00019a50       __acrt_fenv_get_common_round_control 000000014001aa50 f   libucrt:_fenvutils.obj
 0001:00019a60       __acrt_fenv_get_control    000000014001aa60 f   libucrt:_fenvutils.obj
 0001:00019b40       __acrt_fenv_get_status     000000014001ab40 f   libucrt:_fenvutils.obj
 0001:00019ba0       __acrt_fenv_set_control    000000014001aba0 f   libucrt:_fenvutils.obj
 0001:00019cd0       __acrt_fenv_set_status     000000014001acd0 f   libucrt:_fenvutils.obj
 0001:00019d44       __dcrt_lowio_ensure_console_output_initialized 000000014001ad44 f   libucrt:initcon.obj
 0001:00019d98       __dcrt_terminate_console_output 000000014001ad98 f   libucrt:initcon.obj
 0001:00019db4       __dcrt_write_console       000000014001adb4 f   libucrt:initcon.obj
 0001:00019e74       _guard_check_icall         000000014001ae74 f i libucrt:checkcfg.obj
 0001:0001a21c       __acrt_CompareStringA      000000014001b21c f   libucrt:comparestringa.obj
 0001:0001a2b0       _clearfp                   000000014001b2b0 f   libucrt:ieee.obj
 0001:0001a320       _control87                 000000014001b320 f   libucrt:ieee.obj
 0001:0001a6e0       _handle_error              000000014001b6e0 f   libucrt:libm_error.obj
 0001:0001a820       _handle_nan                000000014001b820 f   libucrt:libm_error.obj
 0001:0001a840       ceil_sse41                 000000014001b840 f   libucrt:floorceil_sse41.obj
 0001:0001a850       __acrt_initialize_fma3     000000014001b850 f   libucrt:fma3_available.obj
 0001:0001a910       _log10_special             000000014001b910 f   libucrt:log_special.obj
 0001:0001a9d0       _clrfp                     000000014001b9d0 f   libucrt:fpctrl.obj
 0001:0001a9f0       _ctrlfp                    000000014001b9f0 f   libucrt:fpctrl.obj
 0001:0001aa70       _get_fpcsr                 000000014001ba70 f   libucrt:fpctrl.obj
 0001:0001aa70       _get_fpsr                  000000014001ba70 f   libucrt:fpctrl.obj
 0001:0001aa80       _set_fpcsr                 000000014001ba80 f   libucrt:fpctrl.obj
 0001:0001aa80       _set_fpsr                  000000014001ba80 f   libucrt:fpctrl.obj
 0001:0001aa90       _set_statfp                000000014001ba90 f   libucrt:fpctrl.obj
 0001:0001aab0       _statfp                    000000014001bab0 f   libucrt:fpctrl.obj
 0001:0001aac0       _raise_exc                 000000014001bac0 f   libucrt:fpexcept.obj
 0001:0001aaf0       _raise_exc_ex              000000014001baf0 f   libucrt:fpexcept.obj
 0001:0001ae00       _set_errno_from_matherr    000000014001be00 f   libucrt:fpexcept.obj
 0001:0001ae34       __GSHandlerCheck           000000014001be34 f   LIBCMT:gshandler.obj
 0001:0001ae54       __GSHandlerCheckCommon     000000014001be54 f   LIBCMT:gshandler.obj
 0001:0001aec0       _FindPESection             000000014001bec0 f   LIBCMT:pesect.obj
 0001:0001af10       _IsNonwritableInCurrentImage 000000014001bf10 f   LIBCMT:pesect.obj
 0001:0001af60       _ValidateImageBase         000000014001bf60 f   LIBCMT:pesect.obj
 0001:0001af8c       __GSHandlerCheck_SEH       000000014001bf8c f   LIBCMT:gshandlerseh.obj
 0001:0001b014       __GSHandlerCheck_EH        000000014001c014 f   LIBCMT:gshandlereh.obj
 0001:0001b0b0       __chkstk                   000000014001c0b0 f   LIBCMT:chkstk.obj
 0001:0001b0b0       _alloca_probe              000000014001c0b0 f   LIBCMT:chkstk.obj
 0001:0001b100       __C_specific_handler_noexcept 000000014001c100 f   libvcruntime:chandler_noexcept.obj
 0001:0001b14c       strrchr                    000000014001c14c f   libvcruntime:strrchr.obj
 0001:0001b290       _guard_dispatch_icall_nop  000000014001c290 f   LIBCMT:guard_dispatch.obj
 0001:0001b2b0       _guard_xfg_dispatch_icall_nop 000000014001c2b0 f   LIBCMT:guard_xfg_dispatch.obj
 0001:0001b2d0       _guard_dispatch_icall      000000014001c2d0 f   libucrt:dispatchcfg.obj
 0001:0001b2d0       _guard_dispatch_icall_$fo_default$ 000000014001c2d0     libucrt:dispatchcfg.obj
 0001:0001b2f0       memcmp                     000000014001c2f0 f   libvcruntime:memcmp.obj
 0001:0001b3e0       memset_repstos             000000014001c3e0 f   libvcruntime:memset.obj
 0001:0001b3f0       memset                     000000014001c3f0 f   libvcruntime:memset.obj
 0001:0001b7a0       memcpy_repmovs             000000014001c7a0 f   libvcruntime:memcpy.obj
 0001:0001b7b0       memcpy                     000000014001c7b0 f   libvcruntime:memcpy.obj
 0001:0001b7b0       memcpy_$fo_default$        000000014001c7b0     libvcruntime:memcpy.obj
 0001:0001b7b0       memmove                    000000014001c7b0 f   libvcruntime:memcpy.obj
 0001:0001be40       strncmp                    000000014001ce40 f   libucrt:strncmp.obj
 0001:0001bed0       strcmp                     000000014001ced0 f   libucrt:strcmp.obj
 0001:0001bf50       strcat                     000000014001cf50 f   libucrt:strcat.obj
 0001:0001bff0       strcpy                     000000014001cff0 f   libucrt:strcat.obj
 0001:0001bff3       ___entry_from_strcat_in_strcpy 000000014001cff3     libucrt:strcat.obj
 0001:0001c0c0       strlen                     000000014001d0c0 f   libucrt:strlen.obj
 0001:0001c180       strncpy                    000000014001d180 f   libucrt:strncpy.obj
 0002:00000000       __imp_QueryPerformanceCounter 000000014001e000     kernel32:KERNEL32.dll
 0002:00000008       __imp_GetCurrentProcessId  000000014001e008     kernel32:KERNEL32.dll
 0002:00000010       __imp_GetCurrentThreadId   000000014001e010     kernel32:KERNEL32.dll
 0002:00000018       __imp_GetSystemTimeAsFileTime 000000014001e018     kernel32:KERNEL32.dll
 0002:00000020       __imp_InitializeSListHead  000000014001e020     kernel32:KERNEL32.dll
 0002:00000028       __imp_SetUnhandledExceptionFilter 000000014001e028     kernel32:KERNEL32.dll
 0002:00000030       __imp_GetStartupInfoW      000000014001e030     kernel32:KERNEL32.dll
 0002:00000038       __imp_GetModuleHandleW     000000014001e038     kernel32:KERNEL32.dll
 0002:00000040       __imp_RtlLookupFunctionEntry 000000014001e040     kernel32:KERNEL32.dll
 0002:00000048       __imp_RtlUnwindEx          000000014001e048     kernel32:KERNEL32.dll
 0002:00000050       __imp_RtlPcToFileHeader    000000014001e050     kernel32:KERNEL32.dll
 0002:00000058       __imp_RaiseException       000000014001e058     kernel32:KERNEL32.dll
 0002:00000060       __imp_GetLastError         000000014001e060     kernel32:KERNEL32.dll
 0002:00000068       __imp_SetLastError         000000014001e068     kernel32:KERNEL32.dll
 0002:00000070       __imp_FlsAlloc             000000014001e070     kernel32:KERNEL32.dll
 0002:00000078       __imp_FlsGetValue          000000014001e078     kernel32:KERNEL32.dll
 0002:00000080       __imp_FlsSetValue          000000014001e080     kernel32:KERNEL32.dll
 0002:00000088       __imp_FlsFree              000000014001e088     kernel32:KERNEL32.dll
 0002:00000090       __imp_EncodePointer        000000014001e090     kernel32:KERNEL32.dll
 0002:00000098       __imp_EnterCriticalSection 000000014001e098     kernel32:KERNEL32.dll
 0002:000000a0       __imp_LeaveCriticalSection 000000014001e0a0     kernel32:KERNEL32.dll
 0002:000000a8       __imp_InitializeCriticalSectionEx 000000014001e0a8     kernel32:KERNEL32.dll
 0002:000000b0       __imp_DeleteCriticalSection 000000014001e0b0     kernel32:KERNEL32.dll
 0002:000000b8       __imp_QueryPerformanceFrequency 000000014001e0b8     kernel32:KERNEL32.dll
 0002:000000c0       __imp_SetConsoleCtrlHandler 000000014001e0c0     kernel32:KERNEL32.dll
 0002:000000c8       __imp_HeapReAlloc          000000014001e0c8     kernel32:KERNEL32.dll
 0002:000000d0       __imp_HeapSize             000000014001e0d0     kernel32:KERNEL32.dll
 0002:000000d8       __imp_HeapQueryInformation 000000014001e0d8     kernel32:KERNEL32.dll
 0002:000000e0       __imp_GetStdHandle         000000014001e0e0     kernel32:KERNEL32.dll
 0002:000000e8       __imp_WriteFile            000000014001e0e8     kernel32:KERNEL32.dll
 0002:000000f0       __imp_GetModuleFileNameW   000000014001e0f0     kernel32:KERNEL32.dll
 0002:000000f8       __imp_GetCurrentProcess    000000014001e0f8     kernel32:KERNEL32.dll
 0002:00000100       __imp_ExitProcess          000000014001e100     kernel32:KERNEL32.dll
 0002:00000108       __imp_TerminateProcess     000000014001e108     kernel32:KERNEL32.dll
 0002:00000110       __imp_FreeLibrary          000000014001e110     kernel32:KERNEL32.dll
 0002:00000118       __imp_GetModuleHandleExW   000000014001e118     kernel32:KERNEL32.dll
 0002:00000120       __imp_GetProcAddress       000000014001e120     kernel32:KERNEL32.dll
 0002:00000128       __imp_GetCommandLineA      000000014001e128     kernel32:KERNEL32.dll
 0002:00000130       __imp_GetCommandLineW      000000014001e130     kernel32:KERNEL32.dll
 0002:00000138       __imp_IsProcessorFeaturePresent 000000014001e138     kernel32:KERNEL32.dll
 0002:00000140       __imp_RtlCaptureContext    000000014001e140     kernel32:KERNEL32.dll
 0002:00000148       __imp_RtlVirtualUnwind     000000014001e148     kernel32:KERNEL32.dll
 0002:00000150       __imp_IsDebuggerPresent    000000014001e150     kernel32:KERNEL32.dll
 0002:00000158       __imp_UnhandledExceptionFilter 000000014001e158     kernel32:KERNEL32.dll
 0002:00000160       __imp_HeapAlloc            000000014001e160     kernel32:KERNEL32.dll
 0002:00000168       __imp_HeapFree             000000014001e168     kernel32:KERNEL32.dll
 0002:00000170       __imp_VirtualProtect       000000014001e170     kernel32:KERNEL32.dll
 0002:00000178       __imp_LoadLibraryExW       000000014001e178     kernel32:KERNEL32.dll
 0002:00000180       __imp_CompareStringW       000000014001e180     kernel32:KERNEL32.dll
 0002:00000188       __imp_LCMapStringW         000000014001e188     kernel32:KERNEL32.dll
 0002:00000190       __imp_GetFileType          000000014001e190     kernel32:KERNEL32.dll
 0002:00000198       __imp_MultiByteToWideChar  000000014001e198     kernel32:KERNEL32.dll
 0002:000001a0       __imp_DeleteFileW          000000014001e1a0     kernel32:KERNEL32.dll
 0002:000001a8       __imp_CloseHandle          000000014001e1a8     kernel32:KERNEL32.dll
 0002:000001b0       __imp_GetConsoleMode       000000014001e1b0     kernel32:KERNEL32.dll
 0002:000001b8       __imp_GetConsoleOutputCP   000000014001e1b8     kernel32:KERNEL32.dll
 0002:000001c0       __imp_GetFileSizeEx        000000014001e1c0     kernel32:KERNEL32.dll
 0002:000001c8       __imp_SetFilePointerEx     000000014001e1c8     kernel32:KERNEL32.dll
 0002:000001d0       __imp_GetProcessHeap       000000014001e1d0     kernel32:KERNEL32.dll
 0002:000001d8       __imp_FindClose            000000014001e1d8     kernel32:KERNEL32.dll
 0002:000001e0       __imp_FindFirstFileExW     000000014001e1e0     kernel32:KERNEL32.dll
 0002:000001e8       __imp_FindNextFileW        000000014001e1e8     kernel32:KERNEL32.dll
 0002:000001f0       __imp_IsValidCodePage      000000014001e1f0     kernel32:KERNEL32.dll
 0002:000001f8       __imp_GetACP               000000014001e1f8     kernel32:KERNEL32.dll
 0002:00000200       __imp_GetOEMCP             000000014001e200     kernel32:KERNEL32.dll
 0002:00000208       __imp_GetCPInfo            000000014001e208     kernel32:KERNEL32.dll
 0002:00000210       __imp_WideCharToMultiByte  000000014001e210     kernel32:KERNEL32.dll
 0002:00000218       __imp_GetEnvironmentStringsW 000000014001e218     kernel32:KERNEL32.dll
 0002:00000220       __imp_FreeEnvironmentStringsW 000000014001e220     kernel32:KERNEL32.dll
 0002:00000228       __imp_SetEnvironmentVariableW 000000014001e228     kernel32:KERNEL32.dll
 0002:00000230       __imp_SetStdHandle         000000014001e230     kernel32:KERNEL32.dll
 0002:00000238       __imp_GetStringTypeW       000000014001e238     kernel32:KERNEL32.dll
 0002:00000240       __imp_FlushFileBuffers     000000014001e240     kernel32:KERNEL32.dll
 0002:00000248       __imp_CreateFileW          000000014001e248     kernel32:KERNEL32.dll
 0002:00000250       __imp_WriteConsoleW        000000014001e250     kernel32:KERNEL32.dll
 0002:00000258       \177KERNEL32_NULL_THUNK_DATA 000000014001e258     kernel32:KERNEL32.dll
 0002:00000260       __guard_check_icall_fptr   000000014001e260     LIBCMT:guard_support.obj
 0002:00000268       __guard_xfg_check_icall_fptr 000000014001e268     LIBCMT:guard_support.obj
 0002:00000270       __guard_dispatch_icall_fptr 000000014001e270     LIBCMT:guard_support.obj
 0002:00000278       __guard_xfg_dispatch_icall_fptr 000000014001e278     LIBCMT:guard_support.obj
 0002:00000280       __guard_xfg_table_dispatch_icall_fptr 000000014001e280     LIBCMT:guard_support.obj
 0002:00000288       __castguard_check_failure_os_handled_fptr 000000014001e288     LIBCMT:guard_support.obj
 0002:00000290       __guard_memcpy_fptr        000000014001e290     libvcruntime:softmemtag.obj
 0002:00000298       __xc_a                     000000014001e298     LIBCMT:initializers.obj
 0002:000002a8       __xc_z                     000000014001e2a8     LIBCMT:initializers.obj
 0002:000002b0       __xi_a                     000000014001e2b0     LIBCMT:initializers.obj
 0002:000002c8       __acrt_stdio_initializer   000000014001e2c8     libucrt:stdio_initializer.obj
 0002:000002d0       __acrt_clock_initializer   000000014001e2d0     libucrt:clock_initializer.obj
 0002:000002d8       __acrt_multibyte_initializer 000000014001e2d8     libucrt:multibyte_initializer.obj
 0002:000002e0       __acrt_fmode_initializer   000000014001e2e0     libucrt:fmode_initializer.obj
 0002:000002e8       __acrt_tran_fma3_initializer 000000014001e2e8     libucrt:fma3_initializer.obj
 0002:000002f0       __xi_z                     000000014001e2f0     LIBCMT:initializers.obj
 0002:000002f8       __xp_a                     000000014001e2f8     LIBCMT:initializers.obj
 0002:00000300       __acrt_locale_terminator   000000014001e300     libucrt:locale_initializer.obj
 0002:00000308       __dcrt_console_output_terminator 000000014001e308     libucrt:console_output_initializer.obj
 0002:00000310       __acrt_stdio_terminator    000000014001e310     libucrt:stdio_initializer.obj
 0002:00000318       __xp_z                     000000014001e318     LIBCMT:initializers.obj
 0002:00000320       __xt_a                     000000014001e320     LIBCMT:initializers.obj
 0002:00000328       __xt_z                     000000014001e328     LIBCMT:initializers.obj
 0002:00000338       ??_7type_info@@6B@         000000014001e338     LIBCMT:std_type_info_static.obj
 0002:00000348       ??_7exception@std@@6B@     000000014001e348     LIBCMT:throw_bad_alloc.obj
 0002:00000358       ??_C@_0BC@EOODALEL@Unknown?5exception@ 000000014001e358     LIBCMT:throw_bad_alloc.obj
 0002:00000378       ??_7bad_alloc@std@@6B@     000000014001e378     LIBCMT:throw_bad_alloc.obj
 0002:00000388       ??_C@_0P@GHFPNOJB@bad?5allocation@ 000000014001e388     LIBCMT:throw_bad_alloc.obj
 0002:000003a0       ??_7bad_array_new_length@std@@6B@ 000000014001e3a0     LIBCMT:throw_bad_alloc.obj
 0002:000003b0       ??_C@_0BF@KINCDENJ@bad?5array?5new?5length@ 000000014001e3b0     LIBCMT:throw_bad_alloc.obj
 0002:000003c8       ?s_negLengthTab@FH4@@3QBCB 000000014001e3c8     libvcruntime:risctrnsctrl.obj
 0002:000003d8       ?s_shiftTab@FH4@@3QBEB     000000014001e3d8     libvcruntime:risctrnsctrl.obj
 0002:00000528       _pDestructExceptionObject  000000014001e528     libvcruntime:ehhelpers.obj
 0002:00000538       ??_7bad_exception@std@@6B@ 000000014001e538     libvcruntime:frame.obj
 0002:00000548       ??_C@_0O@DPKOEFFH@bad?5exception@ 000000014001e548     libvcruntime:frame.obj
 0002:00000c70       ??_C@_08EHJDFFNH@__based?$CI@ 000000014001ec70     libvcruntime:undname.obj
 0002:00000c80       ??_C@_07KOLFKCDI@__cdecl@  000000014001ec80     libvcruntime:undname.obj
 0002:00000c88       ??_C@_09IFJBGAPI@__stdcall@ 000000014001ec88     libvcruntime:undname.obj
 0002:00000c98       ??_C@_0L@NPHFGOKO@__thiscall@ 000000014001ec98     libvcruntime:undname.obj
 0002:00000ca8       ??_C@_0L@JMKHOMEK@__fastcall@ 000000014001eca8     libvcruntime:undname.obj
 0002:00000cb8       ??_C@_0N@BCKKPABJ@__vectorcall@ 000000014001ecb8     libvcruntime:undname.obj
 0002:00000cc8       ??_C@_0BA@NAGGFLJK@__preserve_none@ 000000014001ecc8     libvcruntime:undname.obj
 0002:00000cd8       ??_C@_09HIJEGCPM@__clrcall@ 000000014001ecd8     libvcruntime:undname.obj
 0002:00000ce4       ??_C@_06GHPCKEAG@__eabi@   000000014001ece4     libvcruntime:undname.obj
 0002:00000cf0       ??_C@_09IOPIDJLG@__swift_1@ 000000014001ecf0     libvcruntime:undname.obj
 0002:00000d00       ??_C@_09KFNFGKHF@__swift_2@ 000000014001ed00     libvcruntime:undname.obj
 0002:00000d10       ??_C@_09LMMOFLDE@__swift_3@ 000000014001ed10     libvcruntime:undname.obj
 0002:00000d20       ??_C@_07JOMMBBKO@__ptr64@  000000014001ed20     libvcruntime:undname.obj
 0002:00000d28       ??_C@_0L@PILCLIHE@__restrict@ 000000014001ed28     libvcruntime:undname.obj
 0002:00000d38       ??_C@_0M@GFIIJFMG@__unaligned@ 000000014001ed38     libvcruntime:undname.obj
 0002:00000d48       ??_C@_09DHDLOLLB@restrict?$CI@ 000000014001ed48     libvcruntime:undname.obj
 0002:00000d54       ??_C@_04NIHEBCM@?5new@     000000014001ed54     libvcruntime:undname.obj
 0002:00000d60       ??_C@_07FPCDHGMM@?5delete@ 000000014001ed60     libvcruntime:undname.obj
 0002:00000d68       ??_C@_01NEMOKFLO@?$DN@     000000014001ed68     libvcruntime:undname.obj
 0002:00000d6c       ??_C@_02GPIOPFAK@?$DO?$DO@ 000000014001ed6c     libvcruntime:undname.obj
 0002:00000d70       ??_C@_02FODMEDOG@?$DM?$DM@ 000000014001ed70     libvcruntime:undname.obj
 0002:00000d74       ??_C@_01DCLJPIOD@?$CB@     000000014001ed74     libvcruntime:undname.obj
 0002:00000d78       ??_C@_02EGOFBIJA@?$DN?$DN@ 000000014001ed78     libvcruntime:undname.obj
 0002:00000d7c       ??_C@_02FDNJECIE@?$CB?$DN@ 000000014001ed7c     libvcruntime:undname.obj
 0002:00000d80       ??_C@_02GPECMEKF@?$FL?$FN@ 000000014001ed80     libvcruntime:undname.obj
 0002:00000d88       ??_C@_08LHJFAFGD@operator@ 000000014001ed88     libvcruntime:undname.obj
 0002:00000d94       ??_C@_02HBOOOICD@?9?$DO@   000000014001ed94     libvcruntime:undname.obj
 0002:00000d98       ??_C@_01NBENCBCI@?$CK@     000000014001ed98     libvcruntime:undname.obj
 0002:00000d9c       ??_C@_02ECNGHCIF@?$CL?$CL@ 000000014001ed9c     libvcruntime:undname.obj
 0002:00000da0       ??_C@_02BAABKJLB@?9?9@     000000014001eda0     libvcruntime:undname.obj
 0002:00000da4       ??_C@_01JOAMLHOP@?9@       000000014001eda4     libvcruntime:undname.obj
 0002:00000da8       ??_C@_01MIFGBAGJ@?$CL@     000000014001eda8     libvcruntime:undname.obj
 0002:00000dac       ??_C@_01HNPIGOCE@?$CG@     000000014001edac     libvcruntime:undname.obj
 0002:00000db0       ??_C@_03MNHNFDLC@?9?$DO?$CK@ 000000014001edb0     libvcruntime:undname.obj
 0002:00000db4       ??_C@_01KMDKNFGN@?1@       000000014001edb4     libvcruntime:undname.obj
 0002:00000db8       ??_C@_01FGNFDNOH@?$CF@     000000014001edb8     libvcruntime:undname.obj
 0002:00000dbc       ??_C@_01MNNFJEPP@?$DM@     000000014001edbc     libvcruntime:undname.obj
 0002:00000dc0       ??_C@_02EHCHHCKH@?$DM?$DN@ 000000014001edc0     libvcruntime:undname.obj
 0002:00000dc4       ??_C@_01PPODPGHN@?$DO@     000000014001edc4     libvcruntime:undname.obj
 0002:00000dc8       ??_C@_02EEKDKGMJ@?$DO?$DN@ 000000014001edc8     libvcruntime:undname.obj
 0002:00000dcc       ??_C@_01IHBHIGKO@?0@       000000014001edcc     libvcruntime:undname.obj
 0002:00000dd0       ??_C@_02HCKGKOFO@?$CI?$CJ@ 000000014001edd0     libvcruntime:undname.obj
 0002:00000dd4       ??_C@_01PJKLJHI@?$HO@      000000014001edd4     libvcruntime:undname.obj
 0002:00000dd8       ??_C@_01JKBOJNNK@?$FO@     000000014001edd8     libvcruntime:undname.obj
 0002:00000ddc       ??_C@_01DNKMNLPK@?$HM@     000000014001eddc     libvcruntime:undname.obj
 0002:00000de0       ??_C@_02PPKAJPJL@?$CG?$CG@ 000000014001ede0     libvcruntime:undname.obj
 0002:00000de4       ??_C@_02NONPIBCD@?$HM?$HM@ 000000014001ede4     libvcruntime:undname.obj
 0002:00000de8       ??_C@_02FPIMKNGF@?$CK?$DN@ 000000014001ede8     libvcruntime:undname.obj
 0002:00000dec       ??_C@_02FOEOMHFC@?$CL?$DN@ 000000014001edec     libvcruntime:undname.obj
 0002:00000df0       ??_C@_02FKMDLLOA@?9?$DN@   000000014001edf0     libvcruntime:undname.obj
 0002:00000df4       ??_C@_02FJEHGPIO@?1?$DN@   000000014001edf4     libvcruntime:undname.obj
 0002:00000df8       ??_C@_02FENAOKFI@?$CF?$DN@ 000000014001edf8     libvcruntime:undname.obj
 0002:00000dfc       ??_C@_03IKFCCPFF@?$DO?$DO?$DN@ 000000014001edfc     libvcruntime:undname.obj
 0002:00000e00       ??_C@_03CDNPDDLA@?$DM?$DM?$DN@ 000000014001ee00     libvcruntime:undname.obj
 0002:00000e04       ??_C@_02FGJGFEAB@?$CG?$DN@ 000000014001ee04     libvcruntime:undname.obj
 0002:00000e08       ??_C@_02DHLNPPGH@?$HM?$DN@ 000000014001ee08     libvcruntime:undname.obj
 0002:00000e0c       ??_C@_02MHEGNOJ@?$FO?$DN@  000000014001ee0c     libvcruntime:undname.obj
 0002:00000e10       ??_C@_09IFPLHPGF@?$GAvftable?8@ 000000014001ee10     libvcruntime:undname.obj
 0002:00000e20       ??_C@_09BLBHBJP@?$GAvbtable?8@ 000000014001ee20     libvcruntime:undname.obj
 0002:00000e30       ??_C@_07FEEIOKP@?$GAvcall?8@ 000000014001ee30     libvcruntime:undname.obj
 0002:00000e38       ??_C@_08LLFFHHDJ@?$GAtypeof?8@ 000000014001ee38     libvcruntime:undname.obj
 0002:00000e48       ??_C@_0BF@KDPPACIK@?$GAlocal?5static?5guard?8@ 000000014001ee48     libvcruntime:undname.obj
 0002:00000e60       ??_C@_08OBABFOLI@?$GAstring?8@ 000000014001ee60     libvcruntime:undname.obj
 0002:00000e70       ??_C@_0BD@JDLKDPAB@?$GAvbase?5destructor?8@ 000000014001ee70     libvcruntime:undname.obj
 0002:00000e88       ??_C@_0BN@DEGPLNFK@?$GAvector?5deleting?5destructor?8@ 000000014001ee88     libvcruntime:undname.obj
 0002:00000ea8       ??_C@_0BO@OBMKPJIG@?$GAdefault?5constructor?5closure?8@ 000000014001eea8     libvcruntime:undname.obj
 0002:00000ec8       ??_C@_0BN@IMDCHIKM@?$GAscalar?5deleting?5destructor?8@ 000000014001eec8     libvcruntime:undname.obj
 0002:00000ee8       ??_C@_0BO@PFGOCPJJ@?$GAvector?5constructor?5iterator?8@ 000000014001eee8     libvcruntime:undname.obj
 0002:00000f08       ??_C@_0BN@LFPFMEDL@?$GAvector?5destructor?5iterator?8@ 000000014001ef08     libvcruntime:undname.obj
 0002:00000f28       ??_C@_0CE@IKBNEHA@?$GAvector?5vbase?5constructor?5itera@ 000000014001ef28     libvcruntime:undname.obj
 0002:00000f50       ??_C@_0BL@NILFHHPC@?$GAvirtual?5displacement?5map?8@ 000000014001ef50     libvcruntime:undname.obj
 0002:00000f70       ??_C@_0CB@JONCMFFK@?$GAeh?5vector?5constructor?5iterator@ 000000014001ef70     libvcruntime:undname.obj
 0002:00000f98       ??_C@_0CA@GCEOPDGL@?$GAeh?5vector?5destructor?5iterator?8@ 000000014001ef98     libvcruntime:undname.obj
 0002:00000fb8       ??_C@_0CH@OOJPLCPH@?$GAeh?5vector?5vbase?5constructor?5it@ 000000014001efb8     libvcruntime:undname.obj
 0002:00000fe0       ??_C@_0BL@LLKPOHJI@?$GAcopy?5constructor?5closure?8@ 000000014001efe0     libvcruntime:undname.obj
 0002:00001000       ??_C@_0BA@KBCDOMBN@?$GAudt?5returning?8@ 000000014001f000     libvcruntime:undname.obj
 0002:00001010       ??_C@_03KLGMFNMG@?$GAEH@   000000014001f010     libvcruntime:undname.obj
 0002:00001014       ??_C@_05KHLCHHI@?$GARTTI@  000000014001f014     libvcruntime:undname.obj
 0002:00001020       ??_C@_0BA@KKLDJDLB@?$GAlocal?5vftable?8@ 000000014001f020     libvcruntime:undname.obj
[...]
 0002:0000fbe8       $unwind$??$?RV<lambda_886d6c58226a84441f68b9f2b8217b83>@@AEAV<lambda_ab61a845afdef5b7c387490eaf3616ee>@@V<lambda_f7f22ab5edc0698d5f6905b0d3f44752>@@@?$__crt_seh_guarded_call@X@@QEAAX$$QEAV<lambda_886d6c58226a84441f68b9f2b8217b83>@@AEAV<lambda_ab61a845afdef5b7c387490eaf3616ee>@@$$QEAV<lambda_f7f22ab5edc0698d5f6905b0d3f44752>@@@Z 000000014002dbe8     libucrt:fflush.obj
 0002:0000fc10       $unwind$__acrt_initialize_lowio 000000014002dc10     libucrt:ioinit.obj
 0002:0000fc30       $unwind$?initialize_inherited_file_handles_nolock@@YAXXZ 000000014002dc30     libucrt:ioinit.obj
 0002:0000fc4c       $unwind$__acrt_getptd_noexit 000000014002dc4c     libucrt:per_thread_data.obj
 0002:0000fc4c       $unwind$__acrt_getptd_noexit_explicit 000000014002dc4c     libucrt:per_thread_data.obj
 0002:0000fc60       $unwind$?destroy_fls@@YAXPEAX@Z 000000014002dc60     libucrt:per_thread_data.obj
 0002:0000fc60       $unwind$__acrt_locale_free_numeric 000000014002dc60     libucrt:initnum.obj
 0002:0000fc60       $unwind$__acrt_locale_free_lc_time_if_unreferenced 000000014002dc60     libucrt:locale_refcounting.obj
 0002:0000fc68       $unwind$?construct_ptd_array@@YAXQEAU__acrt_ptd@@@Z 000000014002dc68     libucrt:per_thread_data.obj
 0002:0000fc70       $unwind$?destroy_ptd_array@@YAXQEAU__acrt_ptd@@@Z 000000014002dc70     libucrt:per_thread_data.obj
 0002:0000fc78       $unwind$??$?RV<lambda_0ae27a3a962d80f24befdcbee591983d>@@AEAV<lambda_8d0ee55de4b1038c4002e0adecdf1839>@@V<lambda_dc504788e8f1664fe9b84e20bfb512f2>@@@?$__crt_seh_guarded_call@X@@QEAAX$$QEAV<lambda_0ae27a3a962d80f24befdcbee591983d>@@AEAV<lambda_8d0ee55de4b1038c4002e0adecdf1839>@@$$QEAV<lambda_dc504788e8f1664fe9b84e20bfb512f2>@@@Z 000000014002dc78     libucrt:per_thread_data.obj
 0002:0000fc9c       $unwind$??$?RV<lambda_aa87e3671a710a21b5dc78c0bdf72e11>@@AEAV<lambda_92619d2358a28f41a33ba319515a20b9>@@V<lambda_6992ecaafeb10aed2b74cb1fae11a551>@@@?$__crt_seh_guarded_call@X@@QEAAX$$QEAV<lambda_aa87e3671a710a21b5dc78c0bdf72e11>@@AEAV<lambda_92619d2358a28f41a33ba319515a20b9>@@$$QEAV<lambda_6992ecaafeb10aed2b74cb1fae11a551>@@@Z 000000014002dc9c     libucrt:per_thread_data.obj
 0002:0000fcc0       $unwind$??$?RV<lambda_f2e299630e499de9f9a165e60fcd3db5>@@AEAV<lambda_2ae9d31cdba2644fcbeaf08da7c24588>@@V<lambda_40d01ff24d0e7b3814fdbdcee8eab3c7>@@@?$__crt_seh_guarded_call@X@@QEAAX$$QEAV<lambda_f2e299630e499de9f9a165e60fcd3db5>@@AEAV<lambda_2ae9d31cdba2644fcbeaf08da7c24588>@@$$QEAV<lambda_40d01ff24d0e7b3814fdbdcee8eab3c7>@@@Z 000000014002dcc0     libucrt:per_thread_data.obj
 0002:0000fce4       $unwind$??$?RV<lambda_2d41944a1d46af3157314b8a01080d33>@@AEAV<lambda_8f455de75cd7d7f24b4096f044d8b9e6>@@V<lambda_aa500f224e6afead328df44964fe2772>@@@?$__crt_seh_guarded_call@X@@QEAAX$$QEAV<lambda_2d41944a1d46af3157314b8a01080d33>@@AEAV<lambda_8f455de75cd7d7f24b4096f044d8b9e6>@@$$QEAV<lambda_aa500f224e6afead328df44964fe2772>@@@Z 000000014002dce4     libucrt:per_thread_data.obj
 0002:0000fd08       $unwind$_malloc_base       000000014002dd08     libucrt:malloc_base.obj
 0002:0000fd10       $unwind$__acrt_LCMapStringA 000000014002dd10     libucrt:lcmapstringa.obj
 0002:0000fd20       $unwind$?__acrt_LCMapStringA_stat@@YAHPEAU__crt_locale_pointers@@PEB_WKPEBDHPEADHHH@Z 000000014002dd20     libucrt:lcmapstringa.obj
 0002:0000fd48       $unwind$__acrt_fp_format   000000014002dd48     libucrt:cvt.obj
 0002:0000fd58       $unwind$?fp_format_e_internal@@YAHQEAD_KH_NIQEAU_strflt@@2AEAV__crt_cached_ptd_host@@@Z 000000014002dd58     libucrt:cvt.obj
 0002:0000fd74       $unwind$?fp_format_e@@YAHQEBNQEAD_K12H_NIW4__acrt_rounding_mode@@AEAV__crt_cached_ptd_host@@@Z 000000014002dd74     libucrt:cvt.obj
 0002:0000fd8c       $unwind$?fp_format_a@@YAHQEBNPEAD_KQEAD2H_NIW4__acrt_rounding_mode@@AEAV__crt_cached_ptd_host@@@Z 000000014002dd8c     libucrt:cvt.obj
 0002:0000fda8       $unwind$?fp_format_g@@YAHQEBNQEAD_K12H_NIW4__acrt_rounding_mode@@AEAV__crt_cached_ptd_host@@@Z 000000014002dda8     libucrt:cvt.obj
 0002:0000fdc0       $unwind$_wctomb_internal   000000014002ddc0     libucrt:wctomb.obj
 0002:0000fdd4       $unwind$?__mbrtoc32_utf8@__crt_mbstring@@YA_KPEA_UPEBD_KPEAU_Mbstatet@@AEAV__crt_cached_ptd_host@@@Z 000000014002ddd4     libucrt:mbrtoc32.obj
 0002:0000fdf0       $unwind$__dcrt_lowio_ensure_console_output_initialized 000000014002ddf0     libucrt:initcon.obj
 0002:0000fdf0       $unwind$?__mbrtowc_utf8@__crt_mbstring@@YA_KPEA_WPEBD_KPEAU_Mbstatet@@AEAV__crt_cached_ptd_host@@@Z 000000014002ddf0     libucrt:mbrtowc.obj
 0002:0000fdf0       $unwind$?getSystemCP@@YAHH@Z 000000014002ddf0     libucrt:mbctype.obj
 0002:0000fdf8       $unwind$?__mbsrtowcs_utf8@__crt_mbstring@@YA_KPEA_WPEAPEBD_KPEAU_Mbstatet@@AEAV__crt_cached_ptd_host@@@Z 000000014002ddf8     libucrt:mbrtowc.obj
 0002:0000fe14       $unwind$__acrt_stdio_end_temporary_buffering_nolock 000000014002de14     libucrt:_sftbuf.obj
 0002:0000fe20       $unwind$_isctype_l         000000014002de20     libucrt:isctype.obj
 0002:0000fe3c       $unwind$_close_internal    000000014002de3c     libucrt:close.obj
 0002:0000fe44       $unwind$??$?RV<lambda_ad8af0d99a0adf03d037d7dffe354bb5>@@AEAV<lambda_c9ba49e555ba839a7b07aa3fbecb7617>@@V<lambda_2f1ebd5d68526518146ae959c9e734c8>@@@?$__crt_seh_guarded_call@H@@QEAAH$$QEAV<lambda_ad8af0d99a0adf03d037d7dffe354bb5>@@AEAV<lambda_c9ba49e555ba839a7b07aa3fbecb7617>@@$$QEAV<lambda_2f1ebd5d68526518146ae959c9e734c8>@@@Z 000000014002de44     libucrt:close.obj
 0002:0000fe68       $unwind$_write_nolock      000000014002de68     libucrt:write.obj
 0002:0000fe80       $unwind$_write_internal    000000014002de80     libucrt:write.obj
 0002:0000feac       $unwind$?write_double_translated_ansi_nolock@@YA?AUwrite_result@?A0x17268360@@HQEBDIAEAV__crt_cached_ptd_host@@@Z 000000014002deac     libucrt:write.obj
 0002:0000fed8       $ip2state$?write_double_translated_ansi_nolock@@YA?AUwrite_result@?A0x17268360@@HQEBDIAEAV__crt_cached_ptd_host@@@Z 000000014002ded8     libucrt:write.obj
 0002:0000fee0       $unwind$?write_text_ansi_nolock@@YA?AUwrite_result@?A0x17268360@@HQEBDI@Z 000000014002dee0     libucrt:write.obj
 0002:0000fee0       $unwind$?write_text_utf16le_nolock@@YA?AUwrite_result@?A0x17268360@@HQEBDI@Z 000000014002dee0     libucrt:write.obj
 0002:0000ff00       $unwind$?write_text_utf8_nolock@@YA?AUwrite_result@?A0x17268360@@HQEBDI@Z 000000014002df00     libucrt:write.obj
 0002:0000ff24       $unwind$??$write_buffer_nolock@D@@YA_NDV__crt_stdio_stream@@AEAV__crt_cached_ptd_host@@@Z 000000014002df24     libucrt:_flsbuf.obj
 0002:0000ff38       $unwind$??$common_lseek@_J@@YA_JH_JHAEAV__crt_cached_ptd_host@@@Z 000000014002df38     libucrt:lseek.obj
 0002:0000ff64       $unwind$_msize_base        000000014002df64     libucrt:msize.obj
 0002:0000ff6c       $unwind$_realloc_base      000000014002df6c     libucrt:realloc_base.obj
 0002:0000ff78       $unwind$__acrt_initialize_heap 000000014002df78     libucrt:heap_handle.obj
 0002:0000ff80       $unwind$??$common_expand_argv_wildcards@D@@YAHQEAPEADQEAPEAPEAD@Z 000000014002df80     libucrt:argv_wildcards.obj
 0002:0000ff98       $unwind$__dcrt_get_narrow_environment_from_os 000000014002df98     libucrt:get_environment_from_os.obj
 0002:0000ff98       $unwind$??$__acrt_convert_wcs_mbs_cp@_WDV<lambda_d8593a27d1aa8c02be35c86a17d324c4>@@U__crt_win32_buffer_internal_dynamic_resizing@@@@YAHQEB_WAEAV?$__crt_win32_buffer@DU__crt_win32_buffer_internal_dynamic_resizing@@@@AEBV<lambda_d8593a27d1aa8c02be35c86a17d324c4>@@I@Z 000000014002df98     libucrt:argv_wildcards.obj
 0002:0000ffb0       $unwind$??$expand_argument_wildcards@D@@YAHQEAD0AEAV?$argument_list@D@?A0x5f5c8891@@@Z 000000014002dfb0     libucrt:argv_wildcards.obj
 0002:0000ffd0       $unwind$__acrt_GetModuleFileNameA 000000014002dfd0     libucrt:getmodulefilenamea.obj
 0002:0000ffec       $unwind$__dcrt_write_console 000000014002dfec     libucrt:initcon.obj
 0002:0000ffec       $unwind$??$__acrt_convert_wcs_mbs_cp@_WDV<lambda_f788ae46380686e8b737efdd8c720d07>@@U__crt_win32_buffer_no_resizing@@@@YAHQEB_WAEAV?$__crt_win32_buffer@DU__crt_win32_buffer_no_resizing@@@@AEBV<lambda_f788ae46380686e8b737efdd8c720d07>@@I@Z 000000014002dfec     libucrt:getmodulefilenamea.obj
 0002:00010000       $unwind$_setmbcp_nolock    000000014002e000     libucrt:mbctype.obj
 0002:00010020       $unwind$?update_thread_multibyte_data_internal@@YAPEAU__crt_multibyte_data@@QEAU__acrt_ptd@@QEAPEAU1@@Z 000000014002e020     libucrt:mbctype.obj
 0002:00010048       $unwind$?setmbcp_internal@@YAHH_NQEAU__acrt_ptd@@QEAPEAU__crt_multibyte_data@@@Z 000000014002e048     libucrt:mbctype.obj
 0002:00010060       $unwind$?setSBUpLow@@YAXPEAU__crt_multibyte_data@@@Z 000000014002e060     libucrt:mbctype.obj
 0002:0001007c       $unwind$??$?RV<lambda_efdfa57d1f175319df784efa44bb7b81>@@AEAV<lambda_5f0a4c1567f8adc6734073e5d1e1b35c>@@V<lambda_2e8a7d3640ea6ccb4c2413664c2db6fd>@@@?$__crt_seh_guarded_call@X@@QEAAX$$QEAV<lambda_efdfa57d1f175319df784efa44bb7b81>@@AEAV<lambda_5f0a4c1567f8adc6734073e5d1e1b35c>@@$$QEAV<lambda_2e8a7d3640ea6ccb4c2413664c2db6fd>@@@Z 000000014002e07c     libucrt:mbctype.obj
 0002:000100a0       $unwind$__acrt_WideCharToMultiByte 000000014002e0a0     libucrt:widechartomultibyte.obj
 0002:000100ac       $unwind$??$common_set_variable_in_environment_nolock@D@@YAHQEADH@Z 000000014002e0ac     libucrt:setenv.obj
 0002:000100c4       $unwind$??$copy_environment@D@@YAPEAPEADQEAPEAD@Z 000000014002e0c4     libucrt:setenv.obj
 0002:000100d8       $unwind$_free_osfhnd       000000014002e0d8     libucrt:osfinfo.obj
 0002:000100ec       $unwind$__acrt_lowio_destroy_handle_array 000000014002e0ec     libucrt:osfinfo.obj
 0002:000100fc       $unwind$__acrt_lowio_ensure_fh_exists 000000014002e0fc     libucrt:osfinfo.obj
 0002:00010128       $unwind$__acrt_locale_free_monetary 000000014002e128     libucrt:initmon.obj
 0002:00010130       $unwind$__acrt_locale_free_time 000000014002e130     libucrt:inittime.obj
 0002:00010140       $unwind$__acrt_GetStringTypeA 000000014002e140     libucrt:getstringtypea.obj
 0002:00010168       $unwind$__acrt_update_thread_locale_data 000000014002e168     libucrt:locale_refcounting.obj
 0002:0001018c       $unwind$_commit            000000014002e18c     libucrt:commit.obj
 0002:00010194       $unwind$??$?RV<lambda_a37b2b86f63e897a80ea819b0eb08c01>@@AEAV<lambda_38ce7e780aa69e748d6df282ebc68efe>@@V<lambda_99fb1378e971ab6e7edea83e3a7a83a2>@@@?$__crt_seh_guarded_call@H@@QEAAH$$QEAV<lambda_a37b2b86f63e897a80ea819b0eb08c01>@@AEAV<lambda_38ce7e780aa69e748d6df282ebc68efe>@@$$QEAV<lambda_99fb1378e971ab6e7edea83e3a7a83a2>@@@Z 000000014002e194     libucrt:commit.obj
 0002:000101b8       $unwind$__acrt_fltout      000000014002e1b8     libucrt:cfout.obj
 0002:000101dc       $unwind$?divide@__crt_strtox@@YA_KAEAUbig_integer@1@AEBU21@@Z 000000014002e1dc     libucrt:cfout.obj
 0002:000101f4       $chain$0$?divide@__crt_strtox@@YA_KAEAUbig_integer@1@AEBU21@@Z 000000014002e1f4     libucrt:cfout.obj
 0002:00010208       $chain$1$?divide@__crt_strtox@@YA_KAEAUbig_integer@1@AEBU21@@Z 000000014002e208     libucrt:cfout.obj
 0002:00010218       $unwind$_strnicmp          000000014002e218     libucrt:strnicmp.obj
 0002:00010220       $unwind$_putwch_nolock     000000014002e220     libucrt:putwch.obj
 0002:00010228       $unwind$qsort              000000014002e228     libucrt:qsort.obj
 0002:00010240       $chain$3$qsort             000000014002e240     libucrt:qsort.obj
 0002:00010260       $chain$4$qsort             000000014002e260     libucrt:qsort.obj
 0002:00010270       $unwind$strpbrk            000000014002e270     libucrt:strpbrk.obj
 0002:00010280       $unwind$fallbackMethod     000000014002e280     libucrt:strpbrk.obj
 0002:00010290       $unwind$_strnicoll         000000014002e290     libucrt:strnicol.obj
 0002:000102a4       $chain$0$_strnicoll        000000014002e2a4     libucrt:strnicol.obj
 0002:000102b8       $chain$1$_strnicoll        000000014002e2b8     libucrt:strnicol.obj
 0002:000102c8       $unwind$__acrt_SetEnvironmentVariableA 000000014002e2c8     libucrt:setenvironmentvariablea.obj
 0002:000102e8       $xdatasym$log10            000000014002e2e8     libucrt:log10.obj
 0002:000102f4       $unwind$__acrt_fenv_set_control 000000014002e2f4     libucrt:_fenvutils.obj
 0002:00010300       $chain$0$__acrt_fenv_set_control 000000014002e300     libucrt:_fenvutils.obj
 0002:00010314       $chain$1$__acrt_fenv_set_control 000000014002e314     libucrt:_fenvutils.obj
 0002:00010324       $unwind$_guard_check_icall 000000014002e324     libucrt:checkcfg.obj
 0002:00010330       $unwind$__acrt_CompareStringA 000000014002e330     libucrt:comparestringa.obj
 0002:00010340       $unwind$?InternalCompareStringA@@YAHPEAU__crt_locale_pointers@@PEB_WKPEBDH2HH@Z 000000014002e340     libucrt:comparestringa.obj
 0002:00010364       $unwind$common_control87   000000014002e364     libucrt:ieee.obj
 0002:00010388       $unwind$_exception_enabled 000000014002e388     libucrt:libm_error.obj
 0002:0001039c       $chain$0$_exception_enabled 000000014002e39c     libucrt:libm_error.obj
 0002:000103b0       $chain$1$_exception_enabled 000000014002e3b0     libucrt:libm_error.obj
 0002:000103c0       $unwind$_handle_error      000000014002e3c0     libucrt:libm_error.obj
 0002:000103dc       $unwind$__acrt_initialize_fma3 000000014002e3dc     libucrt:fma3_available.obj
 0002:000103e4       $unwind$_log_special_common 000000014002e3e4     libucrt:log_special.obj
 0002:000103f0       $unwind$_ctrlfp            000000014002e3f0     libucrt:fpctrl.obj
 0002:00010410       $unwind$_raise_exc_ex      000000014002e410     libucrt:fpexcept.obj
 0002:00010424       $unwind$_IsNonwritableInCurrentImage 000000014002e424     LIBCMT:pesect.obj
 0002:00010448       $xdatasym                  000000014002e448     LIBCMT:chkstk.obj
 0002:00010450       $xdatasym                  000000014002e450     libucrt:strcmp.obj
 0002:00010458       $xdatasym                  000000014002e458     libucrt:strcat.obj
 0002:00010460       $xdatasym                  000000014002e460     libucrt:strlen.obj
 0002:00010468       $xdatasym                  000000014002e468     libucrt:strncpy.obj
 0002:00010dcc       .idata$6                   000000014002edcc     kernel32:KERNEL32.dll
 0003:00000070       ?__vcrt_flsindex@@3KA      000000014002f070     libvcruntime:per_thread_data.obj
 0003:00000190       ?errno_no_memory@@3HA      000000014002f190     libucrt:errno.obj
 0003:00000194       ?doserrno_no_memory@@3KA   000000014002f194     libucrt:errno.obj
 0003:000001e8       ?__acrt_flsindex@@3KA      000000014002f1e8     libucrt:per_thread_data.obj
 0003:00000690       _mbctypes                  000000014002f690     libucrt:mbctype.obj
 0003:000007a0       _mbcasemaps                000000014002f7a0     libucrt:mbctype.obj
 0003:000008a0       ?__rgctypeflag@@3PADA      000000014002f8a0     libucrt:mbctype.obj
 0003:000008b0       ?__rgcode_page_info@@3PAUcode_page_info@@A 000000014002f8b0     libucrt:mbctype.obj
 0003:00000a50       ?__dcrt_lowio_console_output_handle@@3PEAXEA 000000014002fa50     libucrt:initcon.obj
 0003:00000a58       ?dazSupported@?1??common_control87@@9@9 000000014002fa58     libucrt:ieee.obj
 0003:00000a60       ?dazSupported@?1??_ctrlfp@@9@9 000000014002fa60     libucrt:fpctrl.obj
 0003:00000c30       ?is_initialized_as_dll@@3_NA 000000014002fc30     LIBCMT:utility.obj
 0003:00000c31       ?module_local_atexit_table_initialized@@3_NA 000000014002fc31     LIBCMT:utility.obj
 0003:00000c38       ?module_local_atexit_table@@3U_onexit_table_t@@A 000000014002fc38     LIBCMT:utility.obj
 0003:00000c50       ?module_local_at_quick_exit_table@@3U_onexit_table_t@@A 000000014002fc50     LIBCMT:utility.obj
 0003:00000ca0       ?__vcrt_startup_thread_ptd@@3U__vcrt_ptd@@A 000000014002fca0     libvcruntime:per_thread_data.obj
 0003:00000d28       __vcrt_lock_table          000000014002fd28     libvcruntime:locks.obj
 0003:00000d50       __vcrt_locks_initialized   000000014002fd50     libvcruntime:locks.obj
 0003:00000d70       ?source_frequency@@3_JA    000000014002fd70     libucrt:clock.obj
 0003:00000d78       ?start_count@@3_JA         000000014002fd78     libucrt:clock.obj
 0003:00000d80       ?console_ctrl_handler_installed@@3_NA 000000014002fd80     libucrt:signal.obj
 0003:00000d88       ?ctrlc_action@@3V?$dual_state_global@P6AXH@Z@__crt_state_management@@A 000000014002fd88     libucrt:signal.obj
 0003:00000d90       ?ctrlbreak_action@@3V?$dual_state_global@P6AXH@Z@__crt_state_management@@A 000000014002fd90     libucrt:signal.obj
 0003:00000d98       ?abort_action@@3V?$dual_state_global@P6AXH@Z@__crt_state_management@@A 000000014002fd98     libucrt:signal.obj
 0003:00000da0       ?term_action@@3V?$dual_state_global@P6AXH@Z@__crt_state_management@@A 000000014002fda0     libucrt:signal.obj
 0003:00000da8       ?__acrt_new_handler@@3V?$dual_state_global@P6AH_K@Z@__crt_state_management@@A 000000014002fda8     libucrt:new_handler.obj
 0003:00000db0       ?__acrt_app_type@@3W4_crt_app_type@@A 000000014002fdb0     libucrt:report_runtime_error.obj
 0003:00000db8       ?user_matherr@@3V?$dual_state_global@P6AHPEAU_exception@@@Z@__crt_state_management@@A 000000014002fdb8     libucrt:matherr.obj
 0003:00000dc0       ?program_name@?1???$common_configure_argv@D@@YAHW4_crt_argv_mode@@@Z@4PADA 000000014002fdc0     libucrt:argv_parsing.obj
 0003:00000ee8       ?c_termination_complete@@3JA 000000014002fee8     libucrt:exit.obj
 0003:00000ef0       ?thread_local_exit_callback_func@@3P6AXPEAXK0@ZEA 000000014002fef0     libucrt:exit.obj
 0003:00000ef8       ?c_exit_complete@?1???R<lambda_6e4b09c48022b2350581041d5f6b0c4c>@@QEBA@XZ@4_NA 000000014002fef8     libucrt:exit.obj
 0003:00000f34       ?__acrt_global_new_mode@@3V?$dual_state_global@J@__crt_state_management@@A 000000014002ff34     libucrt:new_mode.obj
 0003:00000f70       ?__acrt_invalid_parameter_handler@@3V?$dual_state_global@P6AXPEB_W00I_K@Z@__crt_state_management@@A 000000014002ff70     libucrt:invalid_parameter.obj
 0003:00000f80       ?module_handles@@3PAPEAUHINSTANCE__@@A 000000014002ff80     libucrt:winapi_thunks.obj
 0003:00001450       ?internal_state@?1??_mbtowc_internal@@9@4U_Mbstatet@@A 0000000140030450     libucrt:mbtowc.obj
 0003:00001458       ?internal_pst@?1??__mbrtoc32_utf8@__crt_mbstring@@YA_KPEA_UPEBD_KPEAU_Mbstatet@@AEAV__crt_cached_ptd_host@@@Z@4U3@A 0000000140030458     libucrt:mbrtoc32.obj
 0003:00001460       ?internal_pst@?1??__c16rtomb_utf8@__crt_mbstring@@YA_KPEAD_SPEAU_Mbstatet@@AEAV__crt_cached_ptd_host@@@Z@4U3@A 0000000140030460     libucrt:c16rtomb.obj
 0003:00001468       ?enable_percent_n@@3_KA    0000000140030468     libucrt:printf_count_output.obj
 0003:00001480       ?__acrt_lock_table@@3PAU_RTL_CRITICAL_SECTION@@A 0000000140030480     libucrt:locks.obj
 0003:000016d8       ?__acrt_locks_initialized@@3IA 00000001400306d8     libucrt:locks.obj
 0003:00001700       ?fSystemSet@@3HA           0000000140030700     libucrt:mbctype.obj
 0003:00001704       ?initialized@?1??__acrt_initialize_multibyte@@9@4_NA 0000000140030704     libucrt:mbctype.obj
 0003:00001908       ?ArcBuffer@@3PEAUarcdata@@EA 0000000140030908     distrib.obj
 0003:00001910       ?ModTable@@3PEAPEAUmod_entry@@EA 0000000140030910     distrib.obj
 0003:00001918       ?CurrModHandle@@3GA        0000000140030918     distrib.obj
 0003:0000191c       ?ClockTicks@@3JA           000000014003091c     Linker.obj
 0003:00001920       ?IData@@3U<unnamed-type-IData>@@A 0000000140030920     loadpe.obj
 0003:00001940       ?EData@@3U<unnamed-type-EData>@@A 0000000140030940     loadpe.obj
 0003:00001948       ?permDataLocal@@3PEAVPermData@@EA 0000000140030948     PermData.obj
 0005:00000000       ?function_pointers@@3PAPEAXA 0000000140033000     libucrt:winapi_thunks.obj
 0006:00000060       $R000000                   0000000140034060     * linker generated manifest res *
